Component: ARM Compiler 5.06 update 6 (build 750) Tool: armlink [4d35ed]

==============================================================================

Section Cross References

    pdm_fft.o(i.am_pdm0_isr) refers to am_hal_pdm.o(i.am_hal_pdm_interrupt_status_get) for am_hal_pdm_interrupt_status_get
    pdm_fft.o(i.am_pdm0_isr) refers to am_hal_pdm.o(i.am_hal_pdm_interrupt_clear) for am_hal_pdm_interrupt_clear
    pdm_fft.o(i.am_pdm0_isr) refers to am_hal_pdm.o(i.am_hal_pdm_disable) for am_hal_pdm_disable
    pdm_fft.o(i.am_pdm0_isr) refers to pdm_fft.o(.data) for .data
    pdm_fft.o(i.main) refers to am_hal_clkgen.o(i.am_hal_clkgen_control) for am_hal_clkgen_control
    pdm_fft.o(i.main) refers to am_hal_cachectrl.o(i.am_hal_cachectrl_config) for am_hal_cachectrl_config
    pdm_fft.o(i.main) refers to am_hal_cachectrl.o(i.am_hal_cachectrl_enable) for am_hal_cachectrl_enable
    pdm_fft.o(i.main) refers to am_bsp.o(i.am_bsp_itm_printf_enable) for am_bsp_itm_printf_enable
    pdm_fft.o(i.main) refers to am_util_stdio.o(i.am_util_stdio_terminal_clear) for am_util_stdio_terminal_clear
    pdm_fft.o(i.main) refers to am_util_stdio.o(i.am_util_stdio_printf) for am_util_stdio_printf
    pdm_fft.o(i.main) refers to am_hal_pdm.o(i.am_hal_pdm_initialize) for am_hal_pdm_initialize
    pdm_fft.o(i.main) refers to am_hal_pdm.o(i.am_hal_pdm_power_control) for am_hal_pdm_power_control
    pdm_fft.o(i.main) refers to am_hal_pdm.o(i.am_hal_pdm_configure) for am_hal_pdm_configure
    pdm_fft.o(i.main) refers to am_hal_pdm.o(i.am_hal_pdm_enable) for am_hal_pdm_enable
    pdm_fft.o(i.main) refers to am_hal_gpio.o(i.am_hal_gpio_pinconfig) for am_hal_gpio_pinconfig
    pdm_fft.o(i.main) refers to am_hal_gpio.o(i.am_hal_gpio_state_write) for am_hal_gpio_state_write
    pdm_fft.o(i.main) refers to am_hal_pdm.o(i.am_hal_pdm_interrupt_enable) for am_hal_pdm_interrupt_enable
    pdm_fft.o(i.main) refers to am_hal_pdm.o(i.am_hal_pdm_fifo_flush) for am_hal_pdm_fifo_flush
    pdm_fft.o(i.main) refers to am_util_delay.o(i.am_util_delay_ms) for am_util_delay_ms
    pdm_fft.o(i.main) refers to am_hal_pdm.o(i.am_hal_pdm_dma_start) for am_hal_pdm_dma_start
    pdm_fft.o(i.main) refers to am_hal_interrupt.o(.emb_text) for am_hal_interrupt_master_disable
    pdm_fft.o(i.main) refers to am_hal_sysctrl.o(i.am_hal_sysctrl_sleep) for am_hal_sysctrl_sleep
    pdm_fft.o(i.main) refers to am_hal_cachectrl.o(.constdata) for am_hal_cachectrl_defaults
    pdm_fft.o(i.main) refers to pdm_fft.o(.data) for .data
    pdm_fft.o(i.main) refers to am_hal_gpio.o(.constdata) for g_AM_HAL_GPIO_OUTPUT
    pdm_fft.o(i.main) refers to pdm_fft.o(i.pdm_config_print) for i.pdm_config_print
    pdm_fft.o(i.main) refers to pdm_fft.o(.bss) for .bss
    pdm_fft.o(i.main) refers to pdm_fft.o(i.pcm_fft_print) for i.pcm_fft_print
    pdm_fft.o(i.pcm_fft_print) refers to am_util_stdio.o(i.am_util_stdio_printf) for am_util_stdio_printf
    pdm_fft.o(i.pdm_config_print) refers to am_util_stdio.o(i.am_util_stdio_printf) for am_util_stdio_printf
    pdm_fft.o(i.pdm_config_print) refers to pdm_fft.o(.data) for .data
    pdm_fft.o(i.pdm_data_get) refers to am_hal_pdm.o(i.am_hal_pdm_enable) for am_hal_pdm_enable
    pdm_fft.o(i.pdm_data_get) refers to am_util_delay.o(i.am_util_delay_ms) for am_util_delay_ms
    pdm_fft.o(i.pdm_data_get) refers to am_hal_pdm.o(i.am_hal_pdm_fifo_flush) for am_hal_pdm_fifo_flush
    pdm_fft.o(i.pdm_data_get) refers to am_hal_pdm.o(i.am_hal_pdm_dma_start) for am_hal_pdm_dma_start
    pdm_fft.o(i.pdm_data_get) refers to pdm_fft.o(.bss) for .bss
    pdm_fft.o(i.pdm_data_get) refers to pdm_fft.o(.data) for .data
    pdm_fft.o(i.pdm_init) refers to am_hal_pdm.o(i.am_hal_pdm_initialize) for am_hal_pdm_initialize
    pdm_fft.o(i.pdm_init) refers to am_hal_pdm.o(i.am_hal_pdm_power_control) for am_hal_pdm_power_control
    pdm_fft.o(i.pdm_init) refers to am_hal_pdm.o(i.am_hal_pdm_configure) for am_hal_pdm_configure
    pdm_fft.o(i.pdm_init) refers to am_hal_pdm.o(i.am_hal_pdm_enable) for am_hal_pdm_enable
    pdm_fft.o(i.pdm_init) refers to am_hal_gpio.o(i.am_hal_gpio_pinconfig) for am_hal_gpio_pinconfig
    pdm_fft.o(i.pdm_init) refers to am_hal_gpio.o(i.am_hal_gpio_state_write) for am_hal_gpio_state_write
    pdm_fft.o(i.pdm_init) refers to am_hal_pdm.o(i.am_hal_pdm_interrupt_enable) for am_hal_pdm_interrupt_enable
    pdm_fft.o(i.pdm_init) refers to pdm_fft.o(.data) for .data
    pdm_fft.o(i.pdm_init) refers to am_hal_gpio.o(.constdata) for g_AM_HAL_GPIO_OUTPUT
    am_util_delay.o(i.am_util_delay_cycles) refers to am_hal_flash.o(i.am_hal_flash_delay) for am_hal_flash_delay
    am_util_delay.o(i.am_util_delay_ms) refers to am_hal_clkgen.o(i.am_hal_clkgen_status_get) for am_hal_clkgen_status_get
    am_util_delay.o(i.am_util_delay_ms) refers to am_hal_flash.o(i.am_hal_flash_delay) for am_hal_flash_delay
[...]
    libinit.o(.ARM.Collect$$libinit$$00000000) refers (Special) to libinit2.o(.ARM.Collect$$libinit$$00000019) for __rt_lib_init_lc_time_1
    libinit.o(.ARM.Collect$$libinit$$00000000) refers (Special) to libinit2.o(.ARM.Collect$$libinit$$00000004) for __rt_lib_init_preinit_1
    libinit.o(.ARM.Collect$$libinit$$00000000) refers (Special) to libinit2.o(.ARM.Collect$$libinit$$0000000E) for __rt_lib_init_rand_1
    libinit.o(.ARM.Collect$$libinit$$00000000) refers (Special) to libinit2.o(.ARM.Collect$$libinit$$00000033) for __rt_lib_init_return
    libinit.o(.ARM.Collect$$libinit$$00000000) refers (Special) to libinit2.o(.ARM.Collect$$libinit$$0000001D) for __rt_lib_init_signal_1
    libinit.o(.ARM.Collect$$libinit$$00000000) refers (Special) to libinit2.o(.ARM.Collect$$libinit$$00000025) for __rt_lib_init_stdio_1
    libinit.o(.ARM.Collect$$libinit$$00000000) refers (Special) to libinit2.o(.ARM.Collect$$libinit$$0000000C) for __rt_lib_init_user_alloc_1
    libspace.o(.text) refers to libspace.o(.bss) for __libspace_start
    rtexit.o(.ARM.Collect$$rtexit$$00000000) refers (Special) to rtexit2.o(.ARM.Collect$$rtexit$$00000004) for __rt_exit_exit
    rtexit.o(.ARM.Collect$$rtexit$$00000000) refers (Special) to rtexit2.o(.ARM.Collect$$rtexit$$00000003) for __rt_exit_ls
    rtexit.o(.ARM.Collect$$rtexit$$00000000) refers (Special) to rtexit2.o(.ARM.Collect$$rtexit$$00000002) for __rt_exit_prels_1
    rtexit.o(.ARM.exidx) refers (Special) to rtexit2.o(.ARM.Collect$$rtexit$$00000004) for __rt_exit_exit
    rtexit.o(.ARM.exidx) refers (Special) to rtexit2.o(.ARM.Collect$$rtexit$$00000003) for __rt_exit_ls
    rtexit.o(.ARM.exidx) refers (Special) to rtexit2.o(.ARM.Collect$$rtexit$$00000002) for __rt_exit_prels_1
    rtexit.o(.ARM.exidx) refers to rtexit.o(.ARM.Collect$$rtexit$$00000000) for .ARM.Collect$$rtexit$$00000000
    libinit2.o(.ARM.Collect$$libinit$$00000001) refers to fpinit.o(x$fpl$fpinit) for _fp_init
    libinit2.o(.ARM.Collect$$libinit$$00000010) refers to libinit2.o(.ARM.Collect$$libinit$$0000000F) for .ARM.Collect$$libinit$$0000000F
    libinit2.o(.ARM.Collect$$libinit$$00000012) refers to libinit2.o(.ARM.Collect$$libinit$$0000000F) for .ARM.Collect$$libinit$$0000000F
    libinit2.o(.ARM.Collect$$libinit$$00000014) refers to libinit2.o(.ARM.Collect$$libinit$$0000000F) for .ARM.Collect$$libinit$$0000000F
    libinit2.o(.ARM.Collect$$libinit$$00000016) refers to libinit2.o(.ARM.Collect$$libinit$$0000000F) for .ARM.Collect$$libinit$$0000000F
    libinit2.o(.ARM.Collect$$libinit$$00000018) refers to libinit2.o(.ARM.Collect$$libinit$$0000000F) for .ARM.Collect$$libinit$$0000000F
    libinit2.o(.ARM.Collect$$libinit$$00000026) refers to argv_veneer.o(.emb_text) for __ARM_argv_veneer
    libinit2.o(.ARM.Collect$$libinit$$00000027) refers to argv_veneer.o(.emb_text) for __ARM_argv_veneer
    rtexit2.o(.ARM.Collect$$rtexit$$00000003) refers to libshutdown.o(.ARM.Collect$$libshutdown$$00000000) for __rt_lib_shutdown
    rtexit2.o(.ARM.Collect$$rtexit$$00000004) refers to sys_exit.o(.text) for _sys_exit
    rtexit2.o(.ARM.exidx) refers to rtexit2.o(.ARM.Collect$$rtexit$$00000001) for .ARM.Collect$$rtexit$$00000001
    rtexit2.o(.ARM.exidx) refers to rtexit2.o(.ARM.Collect$$rtexit$$00000003) for .ARM.Collect$$rtexit$$00000003
    rtexit2.o(.ARM.exidx) refers to rtexit2.o(.ARM.Collect$$rtexit$$00000004) for .ARM.Collect$$rtexit$$00000004
    argv_veneer.o(.emb_text) refers to no_argv.o(.text) for __ARM_get_argv
    sys_exit.o(.text) refers (Special) to use_no_semi.o(.text) for __I$use$semihosting
    sys_exit.o(.text) refers (Special) to indicate_semi.o(.text) for __semihosting_library_function
    _get_argv_nomalloc.o(.text) refers (Special) to hrguard.o(.text) for __heap_region$guard
    _get_argv_nomalloc.o(.text) refers to defsig_rtmem_outer.o(.text) for __rt_SIGRTMEM
    _get_argv_nomalloc.o(.text) refers to sys_command.o(.text) for _sys_command_string
    libshutdown.o(.ARM.Collect$$libshutdown$$00000000) refers (Special) to libshutdown2.o(.ARM.Collect$$libshutdown$$00000002) for __rt_lib_shutdown_cpp_1
    libshutdown.o(.ARM.Collect$$libshutdown$$00000000) refers (Special) to libshutdown2.o(.ARM.Collect$$libshutdown$$00000007) for __rt_lib_shutdown_fp_trap_1
    libshutdown.o(.ARM.Collect$$libshutdown$$00000000) refers (Special) to libshutdown2.o(.ARM.Collect$$libshutdown$$0000000F) for __rt_lib_shutdown_heap_1
    libshutdown.o(.ARM.Collect$$libshutdown$$00000000) refers (Special) to libshutdown2.o(.ARM.Collect$$libshutdown$$00000010) for __rt_lib_shutdown_return
    libshutdown.o(.ARM.Collect$$libshutdown$$00000000) refers (Special) to libshutdown2.o(.ARM.Collect$$libshutdown$$0000000A) for __rt_lib_shutdown_signal_1
    libshutdown.o(.ARM.Collect$$libshutdown$$00000000) refers (Special) to libshutdown2.o(.ARM.Collect$$libshutdown$$00000004) for __rt_lib_shutdown_stdio_1
    libshutdown.o(.ARM.Collect$$libshutdown$$00000000) refers (Special) to libshutdown2.o(.ARM.Collect$$libshutdown$$0000000C) for __rt_lib_shutdown_user_alloc_1
    sys_command.o(.text) refers (Special) to use_no_semi.o(.text) for __I$use$semihosting
    sys_command.o(.text) refers (Special) to indicate_semi.o(.text) for __semihosting_library_function
    defsig_rtmem_outer.o(.text) refers to defsig_rtmem_inner.o(.text) for __rt_SIGRTMEM_inner
    defsig_rtmem_outer.o(.text) refers to defsig_exit.o(.text) for __sig_exit
    defsig_rtmem_formal.o(.text) refers to rt_raise.o(.text) for __rt_raise
    rt_raise.o(.text) refers to __raise.o(.text) for __raise
    rt_raise.o(.text) refers to sys_exit.o(.text) for _sys_exit
    defsig_exit.o(.text) refers to sys_exit.o(.text) for _sys_exit
    defsig_rtmem_inner.o(.text) refers to defsig_general.o(.text) for __default_signal_display
    __raise.o(.text) refers to defsig.o(CL$$defsig) for __default_signal_handler
    defsig_general.o(.text) refers to sys_wrch.o(.text) for _ttywrch
    sys_wrch.o(.text) refers (Special) to use_no_semi.o(.text) for __I$use$semihosting
    sys_wrch.o(.text) refers (Special) to indicate_semi.o(.text) for __semihosting_library_function
    defsig.o(CL$$defsig) refers to defsig_rtmem_inner.o(.text) for __rt_SIGRTMEM_inner
    defsig_abrt_inner.o(.text) refers to defsig_general.o(.text) for __default_signal_display
    defsig_fpe_inner.o(.text) refers to defsig_general.o(.text) for __default_signal_display
    defsig_rtred_inner.o(.text) refers to defsig_general.o(.text) for __default_signal_display
    defsig_stak_inner.o(.text) refers to defsig_general.o(.text) for __default_signal_display
    defsig_pvfn_inner.o(.text) refers to defsig_general.o(.text) for __default_signal_display
    defsig_cppl_inner.o(.text) refers to defsig_general.o(.text) for __default_signal_display
    defsig_segv_inner.o(.text) refers to defsig_general.o(.text) for __default_signal_display
    defsig_other.o(.text) refers to defsig_general.o(.text) for __default_signal_display


==============================================================================

Removing Unused input sections from the image.

    Removing pdm_fft.o(.rev16_text), (4 bytes).
    Removing pdm_fft.o(.revsh_text), (4 bytes).
    Removing pdm_fft.o(.rrx_text), (6 bytes).
    Removing pdm_fft.o(i.pdm_data_get), (56 bytes).
    Removing pdm_fft.o(i.pdm_init), (108 bytes).
    Removing pdm_fft.o(.bss), (64000 bytes).
    Removing pdm_fft.o(.bss), (64000 bytes).
    Removing pdm_fft.o(.bss), (64000 bytes).
    Removing pdm_fft.o(.data), (4 bytes).
    Removing am_util_delay.o(.rev16_text), (4 bytes).
    Removing am_util_delay.o(.revsh_text), (4 bytes).
    Removing am_util_delay.o(.rrx_text), (6 bytes).
    Removing am_util_delay.o(i.am_util_delay_cycles), (4 bytes).
    Removing am_util_delay.o(i.am_util_delay_us), (36 bytes).
    Removing am_util_faultisr.o(.rev16_text), (4 bytes).
    Removing am_util_faultisr.o(.revsh_text), (4 bytes).
    Removing am_util_faultisr.o(.rrx_text), (6 bytes).
    Removing am_util_stdio.o(i.am_util_stdio_sprintf), (18 bytes).
    Removing am_util_stdio.o(i.am_util_stdio_strtoul), (130 bytes).
    Removing am_util_stdio.o(i.am_util_stdio_textmode_set), (16 bytes).
    Removing am_hal_global.o(.rev16_text), (4 bytes).
    Removing am_hal_global.o(.revsh_text), (4 bytes).
    Removing am_hal_global.o(.rrx_text), (6 bytes).
    Removing am_hal_global.o(.constdata), (14 bytes).
    Removing am_hal_global.o(.constdata), (4 bytes).
    Removing am_bsp.o(.rev16_text), (4 bytes).
    Removing am_bsp.o(.revsh_text), (4 bytes).
    Removing am_bsp.o(.rrx_text), (6 bytes).
    Removing am_bsp.o(i.am_bsp_buffered_uart_printf_enable), (92 bytes).
    Removing am_bsp.o(i.am_bsp_buffered_uart_service), (44 bytes).
    Removing am_bsp.o(i.am_bsp_com_uart_transfer), (16 bytes).
    Removing am_bsp.o(i.am_bsp_debug_printf_disable), (96 bytes).
    Removing am_bsp.o(i.am_bsp_debug_printf_enable), (224 bytes).
    Removing am_bsp.o(i.am_bsp_iom_pins_disable), (412 bytes).
    Removing am_bsp.o(i.am_bsp_iom_pins_enable), (600 bytes).
    Removing am_bsp.o(i.am_bsp_ios_pins_disable), (80 bytes).
    Removing am_bsp.o(i.am_bsp_ios_pins_enable), (108 bytes).
    Removing am_bsp.o(i.am_bsp_itm_printf_disable), (32 bytes).
    Removing am_bsp.o(i.am_bsp_low_power_init), (68 bytes).
    Removing am_bsp.o(i.am_bsp_mspi_pins_disable), (484 bytes).
    Removing am_bsp.o(i.am_bsp_mspi_pins_enable), (508 bytes).
    Removing am_bsp.o(i.am_bsp_uart_printf_disable), (64 bytes).
    Removing am_bsp.o(i.am_bsp_uart_printf_enable), (84 bytes).
    Removing am_bsp.o(i.am_bsp_uart_string_print), (68 bytes).
    Removing am_bsp.o(.bss), (24 bytes).
    Removing am_bsp.o(.constdata), (60 bytes).
    Removing am_bsp.o(.data), (48 bytes).
    Removing am_hal_cachectrl.o(.rev16_text), (4 bytes).
    Removing am_hal_cachectrl.o(.revsh_text), (4 bytes).
    Removing am_hal_cachectrl.o(.rrx_text), (6 bytes).
    Removing am_hal_cachectrl.o(i.am_hal_cachectrl_control), (720 bytes).
    Removing am_hal_cachectrl.o(i.am_hal_cachectrl_disable), (40 bytes).
    Removing am_hal_cachectrl.o(i.am_hal_cachectrl_status_get), (40 bytes).
    Removing am_hal_clkgen.o(.rev16_text), (4 bytes).
    Removing am_hal_clkgen.o(.revsh_text), (4 bytes).
    Removing am_hal_clkgen.o(.rrx_text), (6 bytes).
    Removing am_hal_clkgen.o(i.am_hal_clkgen_clkout_enable), (60 bytes).
    Removing am_hal_clkgen.o(i.am_hal_clkgen_interrupt_clear), (22 bytes).
    Removing am_hal_clkgen.o(i.am_hal_clkgen_interrupt_disable), (30 bytes).
    Removing am_hal_clkgen.o(i.am_hal_clkgen_interrupt_enable), (28 bytes).
    Removing am_hal_clkgen.o(i.am_hal_clkgen_interrupt_set), (22 bytes).
    Removing am_hal_clkgen.o(i.am_hal_clkgen_interrupt_status_get), (32 bytes).
    Removing am_hal_flash.o(.rev16_text), (4 bytes).
    Removing am_hal_flash.o(.revsh_text), (4 bytes).
    Removing am_hal_flash.o(.rrx_text), (6 bytes).
    Removing am_hal_flash.o(i.am_hal_flash_clear_bits), (32 bytes).
    Removing am_hal_flash.o(i.am_hal_flash_copy_protect_check), (108 bytes).
    Removing am_hal_flash.o(i.am_hal_flash_copy_protect_set), (244 bytes).
    Removing am_hal_flash.o(i.am_hal_flash_customer_info_signature_check), (64 bytes).
    Removing am_hal_flash.o(i.am_hal_flash_debugger_disable), (60 bytes).
    Removing am_hal_flash.o(i.am_hal_flash_debugger_disable_check), (100 bytes).
    Removing am_hal_flash.o(i.am_hal_flash_delay_status_change), (80 bytes).
    Removing am_hal_flash.o(i.am_hal_flash_delay_status_check), (92 bytes).
    Removing am_hal_flash.o(i.am_hal_flash_erase_info), (8 bytes).
    Removing am_hal_flash.o(i.am_hal_flash_erase_main_plus_info), (8 bytes).
    Removing am_hal_flash.o(i.am_hal_flash_erase_main_plus_info_both_instances), (8 bytes).
    Removing am_hal_flash.o(i.am_hal_flash_info_erase_disable), (60 bytes).
    Removing am_hal_flash.o(i.am_hal_flash_info_erase_disable_check), (100 bytes).
    Removing am_hal_flash.o(i.am_hal_flash_info_program_disable), (68 bytes).
    Removing am_hal_flash.o(i.am_hal_flash_info_program_disable_get), (100 bytes).
    Removing am_hal_flash.o(i.am_hal_flash_info_signature_set), (16 bytes).
    Removing am_hal_flash.o(i.am_hal_flash_load_ui32), (8 bytes).
    Removing am_hal_flash.o(i.am_hal_flash_mass_erase), (8 bytes).
    Removing am_hal_flash.o(i.am_hal_flash_page_erase), (8 bytes).
    Removing am_hal_flash.o(i.am_hal_flash_program_info), (96 bytes).
    Removing am_hal_flash.o(i.am_hal_flash_program_main), (84 bytes).
    Removing am_hal_flash.o(i.am_hal_flash_recovery), (8 bytes).
    Removing am_hal_flash.o(i.am_hal_flash_store_ui32), (40 bytes).
    Removing am_hal_flash.o(i.am_hal_flash_swo_disable), (60 bytes).
    Removing am_hal_flash.o(i.am_hal_flash_swo_disable_check), (100 bytes).
    Removing am_hal_flash.o(i.am_hal_flash_wipe_flash_enable), (60 bytes).
    Removing am_hal_flash.o(i.am_hal_flash_wipe_flash_enable_check), (100 bytes).
    Removing am_hal_flash.o(i.am_hal_flash_wipe_sram_enable), (60 bytes).
    Removing am_hal_flash.o(i.am_hal_flash_wipe_sram_enable_check), (100 bytes).
    Removing am_hal_flash.o(i.am_hal_flash_write_protect_check), (108 bytes).
    Removing am_hal_flash.o(i.am_hal_flash_write_protect_set), (244 bytes).
    Removing am_hal_flash.o(i.customer_info_signature_set), (152 bytes).
    Removing am_hal_flash.o(.constdata), (96 bytes).
    Removing am_hal_flash.o(.constdata), (4 bytes).
    Removing am_hal_flash.o(.constdata), (12 bytes).
    Removing am_hal_gpio.o(.rev16_text), (4 bytes).
    Removing am_hal_gpio.o(.revsh_text), (4 bytes).
    Removing am_hal_gpio.o(.rrx_text), (6 bytes).
    Removing am_hal_gpio.o(i.am_hal_gpio_fast_pinconfig), (206 bytes).
    Removing am_hal_gpio.o(i.am_hal_gpio_interrupt_clear), (52 bytes).
    Removing am_hal_gpio.o(i.am_hal_gpio_interrupt_disable), (64 bytes).
    Removing am_hal_gpio.o(i.am_hal_gpio_interrupt_enable), (64 bytes).
    Removing am_hal_gpio.o(i.am_hal_gpio_interrupt_register), (32 bytes).
    Removing am_hal_gpio.o(i.am_hal_gpio_interrupt_register_adv), (44 bytes).
    Removing am_hal_gpio.o(i.am_hal_gpio_interrupt_service), (144 bytes).
    Removing am_hal_gpio.o(i.am_hal_gpio_interrupt_status_get), (84 bytes).
    Removing am_hal_gpio.o(i.am_hal_gpio_state_read), (90 bytes).
    Removing am_hal_gpio.o(.bss), (400 bytes).
    Removing am_hal_gpio.o(.constdata), (4 bytes).
    Removing am_hal_gpio.o(.constdata), (4 bytes).
    Removing am_hal_gpio.o(.constdata), (4 bytes).
    Removing am_hal_gpio.o(.constdata), (4 bytes).
    Removing am_hal_gpio.o(.constdata), (4 bytes).
    Removing am_hal_gpio.o(.constdata), (4 bytes).
    Removing am_hal_gpio.o(.constdata), (4 bytes).
    Removing am_hal_gpio.o(.constdata), (4 bytes).
    Removing am_hal_gpio.o(.constdata), (4 bytes).
    Removing am_hal_gpio.o(.constdata), (4 bytes).
    Removing am_hal_gpio.o(.constdata), (4 bytes).
    Removing am_hal_interrupt.o(.rev16_text), (4 bytes).
    Removing am_hal_interrupt.o(.revsh_text), (4 bytes).
    Removing am_hal_interrupt.o(.rrx_text), (6 bytes).
    Removing am_hal_mcuctrl.o(.rev16_text), (4 bytes).
    Removing am_hal_mcuctrl.o(.revsh_text), (4 bytes).
    Removing am_hal_mcuctrl.o(.rrx_text), (6 bytes).
    Removing am_hal_mcuctrl.o(i.am_hal_mcuctrl_control), (340 bytes).
    Removing am_hal_mcuctrl.o(i.am_hal_mcuctrl_status_get), (76 bytes).
    Removing am_hal_pdm.o(.rev16_text), (4 bytes).
    Removing am_hal_pdm.o(.revsh_text), (4 bytes).
    Removing am_hal_pdm.o(.rrx_text), (6 bytes).
    Removing am_hal_pdm.o(i.am_hal_pdm_deinitialize), (44 bytes).
    Removing am_hal_pdm.o(i.am_hal_pdm_i2s_disable), (48 bytes).
    Removing am_hal_pdm.o(i.am_hal_pdm_i2s_enable), (48 bytes).
    Removing am_hal_pdm.o(i.am_hal_pdm_interrupt_disable), (52 bytes).
    Removing am_hal_sysctrl.o(.rev16_text), (4 bytes).
    Removing am_hal_sysctrl.o(.revsh_text), (4 bytes).
    Removing am_hal_sysctrl.o(.rrx_text), (6 bytes).
    Removing am_hal_sysctrl.o(i.am_hal_sysctrl_aircr_reset), (36 bytes).
    Removing am_hal_sysctrl.o(i.am_hal_sysctrl_fpu_disable), (12 bytes).
    Removing am_hal_sysctrl.o(i.am_hal_sysctrl_fpu_enable), (16 bytes).
    Removing am_hal_sysctrl.o(i.am_hal_sysctrl_fpu_stacking_disable), (32 bytes).
    Removing am_hal_sysctrl.o(i.am_hal_sysctrl_fpu_stacking_enable), (48 bytes).
    Removing am_bsp_pins.o(.rev16_text), (4 bytes).
    Removing am_bsp_pins.o(.revsh_text), (4 bytes).
    Removing am_bsp_pins.o(.rrx_text), (6 bytes).
    Removing am_bsp_pins.o(.constdata), (4 bytes).
    Removing am_bsp_pins.o(.constdata), (4 bytes).
    Removing am_bsp_pins.o(.constdata), (4 bytes).
    Removing am_bsp_pins.o(.constdata), (4 bytes).
    Removing am_bsp_pins.o(.constdata), (4 bytes).
    Removing am_bsp_pins.o(.constdata), (4 bytes).
    Removing am_bsp_pins.o(.constdata), (4 bytes).
    Removing am_bsp_pins.o(.constdata), (4 bytes).
    Removing am_bsp_pins.o(.constdata), (4 bytes).
    Removing am_bsp_pins.o(.constdata), (4 bytes).
    Removing am_bsp_pins.o(.constdata), (4 bytes).
    Removing am_bsp_pins.o(.constdata), (4 bytes).
    Removing am_bsp_pins.o(.constdata), (4 bytes).
    Removing am_bsp_pins.o(.constdata), (4 bytes).
    Removing am_bsp_pins.o(.constdata), (4 bytes).
    Removing am_bsp_pins.o(.constdata), (4 bytes).
    Removing am_bsp_pins.o(.constdata), (4 bytes).
    Removing am_bsp_pins.o(.constdata), (4 bytes).
    Removing am_bsp_pins.o(.constdata), (4 bytes).
    Removing am_bsp_pins.o(.constdata), (4 bytes).
    Removing am_bsp_pins.o(.constdata), (4 bytes).
    Removing am_bsp_pins.o(.constdata), (4 bytes).
    Removing am_bsp_pins.o(.constdata), (4 bytes).
    Removing am_bsp_pins.o(.constdata), (4 bytes).
    Removing am_bsp_pins.o(.constdata), (4 bytes).
    Removing am_bsp_pins.o(.constdata), (4 bytes).
    Removing am_bsp_pins.o(.constdata), (4 bytes).
    Removing am_bsp_pins.o(.constdata), (4 bytes).
    Removing am_bsp_pins.o(.constdata), (4 bytes).
    Removing am_bsp_pins.o(.constdata), (4 bytes).
    Removing am_bsp_pins.o(.constdata), (4 bytes).
    Removing am_bsp_pins.o(.constdata), (4 bytes).
    Removing am_bsp_pins.o(.constdata), (4 bytes).
    Removing am_bsp_pins.o(.constdata), (4 bytes).
    Removing am_bsp_pins.o(.constdata), (4 bytes).
    Removing am_bsp_pins.o(.constdata), (4 bytes).
    Removing am_bsp_pins.o(.constdata), (4 bytes).
    Removing am_bsp_pins.o(.constdata), (4 bytes).
    Removing am_bsp_pins.o(.constdata), (4 bytes).
    Removing am_bsp_pins.o(.constdata), (4 bytes).
    Removing am_bsp_pins.o(.constdata), (4 bytes).
    Removing am_bsp_pins.o(.constdata), (4 bytes).
    Removing am_bsp_pins.o(.constdata), (4 bytes).
    Removing am_bsp_pins.o(.constdata), (4 bytes).
    Removing am_bsp_pins.o(.constdata), (4 bytes).
    Removing am_bsp_pins.o(.constdata), (4 bytes).
    Removing am_bsp_pins.o(.constdata), (4 bytes).
    Removing am_bsp_pins.o(.constdata), (4 bytes).
    Removing am_bsp_pins.o(.constdata), (4 bytes).
    Removing am_bsp_pins.o(.constdata), (4 bytes).
    Removing am_bsp_pins.o(.constdata), (4 bytes).
    Removing am_bsp_pins.o(.constdata), (4 bytes).
    Removing am_bsp_pins.o(.constdata), (4 bytes).
    Removing am_bsp_pins.o(.constdata), (4 bytes).
    Removing am_bsp_pins.o(.constdata), (4 bytes).
    Removing am_bsp_pins.o(.constdata), (4 bytes).
    Removing am_bsp_pins.o(.constdata), (4 bytes).
    Removing am_bsp_pins.o(.constdata), (4 bytes).
    Removing am_bsp_pins.o(.constdata), (4 bytes).
    Removing am_bsp_pins.o(.constdata), (4 bytes).
    Removing am_bsp_pins.o(.constdata), (4 bytes).
    Removing am_bsp_pins.o(.constdata), (4 bytes).
    Removing am_bsp_pins.o(.constdata), (4 bytes).
    Removing am_bsp_pins.o(.constdata), (4 bytes).
    Removing am_bsp_pins.o(.constdata), (4 bytes).
    Removing am_bsp_pins.o(.constdata), (4 bytes).
    Removing am_bsp_pins.o(.constdata), (4 bytes).
    Removing am_bsp_pins.o(.constdata), (4 bytes).
    Removing am_bsp_pins.o(.constdata), (4 bytes).
    Removing am_bsp_pins.o(.constdata), (4 bytes).
    Removing am_bsp_pins.o(.constdata), (4 bytes).
    Removing am_bsp_pins.o(.constdata), (4 bytes).
    Removing am_bsp_pins.o(.constdata), (4 bytes).
    Removing am_hal_itm.o(.rev16_text), (4 bytes).
    Removing am_hal_itm.o(.revsh_text), (4 bytes).
    Removing am_hal_itm.o(.rrx_text), (6 bytes).
    Removing am_hal_itm.o(i.am_hal_itm_disable), (172 bytes).
    Removing am_hal_itm.o(i.am_hal_itm_not_busy), (24 bytes).
    Removing am_hal_itm.o(i.am_hal_itm_print_not_busy), (14 bytes).
    Removing am_hal_itm.o(i.am_hal_itm_stimulus_not_busy), (18 bytes).
    Removing am_hal_itm.o(i.am_hal_itm_stimulus_reg_byte_write), (18 bytes).
    Removing am_hal_itm.o(i.am_hal_itm_stimulus_reg_short_write), (18 bytes).
    Removing am_hal_itm.o(i.am_hal_itm_stimulus_reg_word_write), (18 bytes).
    Removing am_hal_itm.o(i.am_hal_itm_sync_send), (20 bytes).
    Removing am_hal_itm.o(i.am_hal_itm_trace_port_disable), (24 bytes).
    Removing am_hal_itm.o(i.am_hal_itm_trace_port_enable), (24 bytes).
    Removing am_hal_pwrctrl.o(.rev16_text), (4 bytes).
    Removing am_hal_pwrctrl.o(.revsh_text), (4 bytes).
    Removing am_hal_pwrctrl.o(.rrx_text), (6 bytes).
    Removing am_hal_pwrctrl.o(i.am_hal_pwrctrl_blebuck_trim), (76 bytes).
    Removing am_hal_pwrctrl.o(i.am_hal_pwrctrl_low_power_init), (412 bytes).
    Removing am_hal_pwrctrl.o(i.am_hal_pwrctrl_memory_deepsleep_powerdown), (40 bytes).
    Removing am_hal_pwrctrl.o(i.am_hal_pwrctrl_memory_deepsleep_retain), (44 bytes).
    Removing am_hal_pwrctrl.o(i.am_hal_pwrctrl_memory_enable), (108 bytes).
    Removing am_hal_pwrctrl.o(i.am_hal_pwrctrl_periph_enabled), (88 bytes).
    Removing am_hal_reset.o(.rev16_text), (4 bytes).
    Removing am_hal_reset.o(.revsh_text), (4 bytes).
    Removing am_hal_reset.o(.rrx_text), (6 bytes).
    Removing am_hal_reset.o(i.am_hal_reset_configure), (82 bytes).
    Removing am_hal_reset.o(i.am_hal_reset_control), (56 bytes).
    Removing am_hal_reset.o(i.am_hal_reset_interrupt_clear), (12 bytes).
    Removing am_hal_reset.o(i.am_hal_reset_interrupt_disable), (34 bytes).
    Removing am_hal_reset.o(i.am_hal_reset_interrupt_enable), (34 bytes).
    Removing am_hal_reset.o(i.am_hal_reset_interrupt_status_get), (22 bytes).
    Removing am_hal_reset.o(i.am_hal_reset_status_get), (116 bytes).
    Removing am_hal_rtc.o(.rev16_text), (4 bytes).
    Removing am_hal_rtc.o(.revsh_text), (4 bytes).
    Removing am_hal_rtc.o(.rrx_text), (6 bytes).
    Removing am_hal_rtc.o(i.am_hal_rtc_alarm_get), (162 bytes).
    Removing am_hal_rtc.o(i.am_hal_rtc_alarm_interval_set), (62 bytes).
    Removing am_hal_rtc.o(i.am_hal_rtc_alarm_set), (320 bytes).
    Removing am_hal_rtc.o(i.am_hal_rtc_int_clear), (10 bytes).
    Removing am_hal_rtc.o(i.am_hal_rtc_int_disable), (18 bytes).
    Removing am_hal_rtc.o(i.am_hal_rtc_int_enable), (16 bytes).
    Removing am_hal_rtc.o(i.am_hal_rtc_int_enable_get), (10 bytes).
    Removing am_hal_rtc.o(i.am_hal_rtc_int_set), (10 bytes).
    Removing am_hal_rtc.o(i.am_hal_rtc_int_status_get), (24 bytes).
    Removing am_hal_rtc.o(i.am_hal_rtc_osc_disable), (18 bytes).
    Removing am_hal_rtc.o(i.am_hal_rtc_osc_enable), (18 bytes).
    Removing am_hal_rtc.o(i.am_hal_rtc_osc_select), (20 bytes).
    Removing am_hal_rtc.o(i.am_hal_rtc_time_12hour), (18 bytes).
    Removing am_hal_rtc.o(i.am_hal_rtc_time_get), (202 bytes).
    Removing am_hal_rtc.o(i.am_hal_rtc_time_set), (380 bytes).
    Removing am_hal_tpiu.o(.rev16_text), (4 bytes).
    Removing am_hal_tpiu.o(.revsh_text), (4 bytes).
    Removing am_hal_tpiu.o(.rrx_text), (6 bytes).
    Removing am_hal_tpiu.o(i.am_hal_tpiu_clock_disable), (20 bytes).
    Removing am_hal_tpiu.o(i.am_hal_tpiu_clock_enable), (20 bytes).
    Removing am_hal_tpiu.o(i.am_hal_tpiu_configure), (48 bytes).
    Removing am_hal_tpiu.o(i.am_hal_tpiu_disable), (16 bytes).
    Removing am_hal_tpiu.o(i.am_hal_tpiu_port_width_get), (40 bytes).
    Removing am_hal_tpiu.o(i.am_hal_tpiu_port_width_set), (20 bytes).
    Removing am_hal_tpiu.o(i.am_hal_tpiu_supported_port_width_get), (56 bytes).
    Removing am_hal_uart.o(.rev16_text), (4 bytes).
    Removing am_hal_uart.o(.revsh_text), (4 bytes).
    Removing am_hal_uart.o(.rrx_text), (6 bytes).
    Removing am_hal_uart.o(i.am_hal_uart_configure), (600 bytes).
    Removing am_hal_uart.o(i.am_hal_uart_deinitialize), (48 bytes).
    Removing am_hal_uart.o(i.am_hal_uart_fifo_read), (108 bytes).
    Removing am_hal_uart.o(i.am_hal_uart_fifo_write), (140 bytes).
    Removing am_hal_uart.o(i.am_hal_uart_flags_get), (60 bytes).
    Removing am_hal_uart.o(i.am_hal_uart_initialize), (84 bytes).
    Removing am_hal_uart.o(i.am_hal_uart_interrupt_clear), (48 bytes).
    Removing am_hal_uart.o(i.am_hal_uart_interrupt_disable), (56 bytes).
    Removing am_hal_uart.o(i.am_hal_uart_interrupt_enable), (52 bytes).
    Removing am_hal_uart.o(i.am_hal_uart_interrupt_enable_get), (52 bytes).
    Removing am_hal_uart.o(i.am_hal_uart_interrupt_service), (364 bytes).
    Removing am_hal_uart.o(i.am_hal_uart_interrupt_status_get), (60 bytes).
    Removing am_hal_uart.o(i.am_hal_uart_power_control), (236 bytes).
    Removing am_hal_uart.o(i.am_hal_uart_transfer), (852 bytes).
    Removing am_hal_uart.o(i.am_hal_uart_tx_flush), (92 bytes).
    Removing am_hal_uart.o(i.read_nonblocking), (296 bytes).
    Removing am_hal_uart.o(i.write_nonblocking), (272 bytes).
    Removing am_hal_uart.o(.bss), (200 bytes).
    Removing am_hal_queue.o(.rev16_text), (4 bytes).
    Removing am_hal_queue.o(.revsh_text), (4 bytes).
    Removing am_hal_queue.o(.rrx_text), (6 bytes).
    Removing am_hal_queue.o(i.am_hal_queue_init), (22 bytes).
    Removing am_hal_queue.o(i.am_hal_queue_item_add), (164 bytes).
    Removing am_hal_queue.o(i.am_hal_queue_item_get), (152 bytes).

310 unused section(s) (total 208494 bytes) removed from the image.

==============================================================================

Image Symbol Table

    Local Symbols

    Symbol Name                              Value     Ov Type        Size  Object(Section)

    ../../../../../utils/am_util_delay.c     0x00000000   Number         0  am_util_delay.o ABSOLUTE
    ../../../../../utils/am_util_faultisr.c  0x00000000   Number         0  am_util_faultisr.o ABSOLUTE
    ../../../../../utils/am_util_stdio.c     0x00000000   Number         0  am_util_stdio.o ABSOLUTE
    ../am_bsp.c                              0x00000000   Number         0  am_bsp.o ABSOLUTE
    ../am_bsp_pins.c                         0x00000000   Number         0  am_bsp_pins.o ABSOLUTE
    ../am_hal_cachectrl.c                    0x00000000   Number         0  am_hal_cachectrl.o ABSOLUTE
    ../am_hal_clkgen.c                       0x00000000   Number         0  am_hal_clkgen.o ABSOLUTE
    ../am_hal_flash.c                        0x00000000   Number         0  am_hal_flash.o ABSOLUTE
    ../am_hal_global.c                       0x00000000   Number         0  am_hal_global.o ABSOLUTE
    ../am_hal_gpio.c                         0x00000000   Number         0  am_hal_gpio.o ABSOLUTE
    ../am_hal_interrupt.c                    0x00000000   Number         0  am_hal_interrupt.o ABSOLUTE
    ../am_hal_itm.c                          0x00000000   Number         0  am_hal_itm.o ABSOLUTE
    ../am_hal_mcuctrl.c                      0x00000000   Number         0  am_hal_mcuctrl.o ABSOLUTE
    ../am_hal_pdm.c                          0x00000000   Number         0  am_hal_pdm.o ABSOLUTE
    ../am_hal_pwrctrl.c                      0x00000000   Number         0  am_hal_pwrctrl.o ABSOLUTE
    ../am_hal_queue.c                        0x00000000   Number         0  am_hal_queue.o ABSOLUTE
    ../am_hal_reset.c                        0x00000000   Number         0  am_hal_reset.o ABSOLUTE
    ../am_hal_rtc.c                          0x00000000   Number         0  am_hal_rtc.o ABSOLUTE
    ../am_hal_sysctrl.c                      0x00000000   Number         0  am_hal_sysctrl.o ABSOLUTE
    ../am_hal_tpiu.c                         0x00000000   Number         0  am_hal_tpiu.o ABSOLUTE
    ../am_hal_uart.c                         0x00000000   Number         0  am_hal_uart.o ABSOLUTE
    ../clib/angel/boardlib.s                 0x00000000   Number         0  boardinit1.o ABSOLUTE
    ../clib/angel/boardlib.s                 0x00000000   Number         0  boardinit2.o ABSOLUTE
    ../clib/angel/boardlib.s                 0x00000000   Number         0  boardinit3.o ABSOLUTE
    ../clib/angel/boardlib.s                 0x00000000   Number         0  boardshut.o ABSOLUTE
    ../clib/angel/handlers.s                 0x00000000   Number         0  __scatter_zi.o ABSOLUTE
    ../clib/angel/handlers.s                 0x00000000   Number         0  __scatter_copy.o ABSOLUTE
    ../clib/angel/kernel.s                   0x00000000   Number         0  __rtentry4.o ABSOLUTE
    ../clib/angel/kernel.s                   0x00000000   Number         0  rtexit2.o ABSOLUTE
    ../clib/angel/kernel.s                   0x00000000   Number         0  rtexit.o ABSOLUTE
    ../clib/angel/kernel.s                   0x00000000   Number         0  __rtentry2.o ABSOLUTE
    ../clib/angel/kernel.s                   0x00000000   Number         0  __rtentry.o ABSOLUTE
    ../clib/angel/rt.s                       0x00000000   Number         0  rt_raise.o ABSOLUTE
    ../clib/angel/scatter.s                  0x00000000   Number         0  __scatter.o ABSOLUTE
    ../clib/angel/startup.s                  0x00000000   Number         0  __main.o ABSOLUTE
    ../clib/angel/sys.s                      0x00000000   Number         0  sys_stackheap_outer.o ABSOLUTE
    ../clib/angel/sys.s                      0x00000000   Number         0  libspace.o ABSOLUTE
    ../clib/angel/sys.s                      0x00000000   Number         0  use_no_semi.o ABSOLUTE
    ../clib/angel/sys.s                      0x00000000   Number         0  indicate_semi.o ABSOLUTE
    ../clib/angel/sysapp.c                   0x00000000   Number         0  sys_wrch.o ABSOLUTE
    ../clib/angel/sysapp.c                   0x00000000   Number         0  sys_command.o ABSOLUTE
    ../clib/angel/sysapp.c                   0x00000000   Number         0  sys_exit.o ABSOLUTE
    ../clib/armsys.c                         0x00000000   Number         0  argv_veneer.o ABSOLUTE
    ../clib/armsys.c                         0x00000000   Number         0  argv_veneer.o ABSOLUTE
    ../clib/armsys.c                         0x00000000   Number         0  no_argv.o ABSOLUTE
    ../clib/armsys.c                         0x00000000   Number         0  _get_argv_nomalloc.o ABSOLUTE
    ../clib/heapalloc.c                      0x00000000   Number         0  hrguard.o ABSOLUTE
    ../clib/heapaux.c                        0x00000000   Number         0  heapauxi.o ABSOLUTE
    ../clib/libinit.s                        0x00000000   Number         0  libshutdown2.o ABSOLUTE
    ../clib/libinit.s                        0x00000000   Number         0  libinit2.o ABSOLUTE
    ../clib/libinit.s                        0x00000000   Number         0  libinit.o ABSOLUTE
    ../clib/libinit.s                        0x00000000   Number         0  libshutdown.o ABSOLUTE
    ../clib/longlong.s                       0x00000000   Number         0  llushr.o ABSOLUTE
    ../clib/longlong.s                       0x00000000   Number         0  llshl.o ABSOLUTE
    ../clib/signal.c                         0x00000000   Number         0  defsig_stak_inner.o ABSOLUTE
    ../clib/signal.c                         0x00000000   Number         0  defsig_rtred_inner.o ABSOLUTE
    ../clib/signal.c                         0x00000000   Number         0  defsig_fpe_inner.o ABSOLUTE
    ../clib/signal.c                         0x00000000   Number         0  defsig_abrt_inner.o ABSOLUTE
    ../clib/signal.c                         0x00000000   Number         0  defsig_rtmem_inner.o ABSOLUTE
    ../clib/signal.c                         0x00000000   Number         0  defsig_other.o ABSOLUTE
    ../clib/signal.c                         0x00000000   Number         0  defsig_exit.o ABSOLUTE
    ../clib/signal.c                         0x00000000   Number         0  defsig_rtmem_formal.o ABSOLUTE
    ../clib/signal.c                         0x00000000   Number         0  defsig_general.o ABSOLUTE
    ../clib/signal.c                         0x00000000   Number         0  __raise.o ABSOLUTE
    ../clib/signal.c                         0x00000000   Number         0  defsig_segv_inner.o ABSOLUTE
    ../clib/signal.c                         0x00000000   Number         0  defsig_pvfn_inner.o ABSOLUTE
    ../clib/signal.c                         0x00000000   Number         0  defsig_rtmem_outer.o ABSOLUTE
    ../clib/signal.c                         0x00000000   Number         0  defsig_cppl_inner.o ABSOLUTE
    ../clib/signal.s                         0x00000000   Number         0  defsig.o ABSOLUTE
    ../clib/stdlib.c                         0x00000000   Number         0  exit.o ABSOLUTE
    ../fplib/d2f.s                           0x00000000   Number         0  d2f.o ABSOLUTE
    ../fplib/dnaninf.s                       0x00000000   Number         0  dnaninf.o ABSOLUTE
    ../fplib/fpinit.s                        0x00000000   Number         0  fpinit.o ABSOLUTE
    ../fplib/fretinf.s                       0x00000000   Number         0  fretinf.o ABSOLUTE
    ../fplib/usenofp.s                       0x00000000   Number         0  usenofp.o ABSOLUTE
    ../keil/startup_keil.s                   0x00000000   Number         0  startup_keil.o ABSOLUTE
    ../src/pdm_fft.c                         0x00000000   Number         0  pdm_fft.o ABSOLUTE
    ..\..\..\..\..\utils\am_util_delay.c     0x00000000   Number         0  am_util_delay.o ABSOLUTE
    ..\..\..\..\..\utils\am_util_faultisr.c  0x00000000   Number         0  am_util_faultisr.o ABSOLUTE
    ..\am_bsp.c                              0x00000000   Number         0  am_bsp.o ABSOLUTE
    ..\am_bsp_pins.c                         0x00000000   Number         0  am_bsp_pins.o ABSOLUTE
    ..\am_hal_cachectrl.c                    0x00000000   Number         0  am_hal_cachectrl.o ABSOLUTE
    ..\am_hal_clkgen.c                       0x00000000   Number         0  am_hal_clkgen.o ABSOLUTE
    ..\am_hal_flash.c                        0x00000000   Number         0  am_hal_flash.o ABSOLUTE
    ..\am_hal_global.c                       0x00000000   Number         0  am_hal_global.o ABSOLUTE
    ..\am_hal_gpio.c                         0x00000000   Number         0  am_hal_gpio.o ABSOLUTE
    ..\am_hal_interrupt.c                    0x00000000   Number         0  am_hal_interrupt.o ABSOLUTE
    ..\am_hal_itm.c                          0x00000000   Number         0  am_hal_itm.o ABSOLUTE
    ..\am_hal_mcuctrl.c                      0x00000000   Number         0  am_hal_mcuctrl.o ABSOLUTE
    ..\am_hal_pdm.c                          0x00000000   Number         0  am_hal_pdm.o ABSOLUTE
    ..\am_hal_pwrctrl.c                      0x00000000   Number         0  am_hal_pwrctrl.o ABSOLUTE
    ..\am_hal_queue.c                        0x00000000   Number         0  am_hal_queue.o ABSOLUTE
    ..\am_hal_reset.c                        0x00000000   Number         0  am_hal_reset.o ABSOLUTE
    ..\am_hal_rtc.c                          0x00000000   Number         0  am_hal_rtc.o ABSOLUTE
    ..\am_hal_sysctrl.c                      0x00000000   Number         0  am_hal_sysctrl.o ABSOLUTE
    ..\am_hal_tpiu.c                         0x00000000   Number         0  am_hal_tpiu.o ABSOLUTE
    ..\am_hal_uart.c                         0x00000000   Number         0  am_hal_uart.o ABSOLUTE
    ..\src\pdm_fft.c                         0x00000000   Number         0  pdm_fft.o ABSOLUTE
    dc.s                                     0x00000000   Number         0  dc.o ABSOLUTE
    RESET                                    0x0000c000   Section      312  startup_keil.o(RESET)
    $v0                                      0x0000c100   Number         0  startup_keil.o(RESET)
    !!!main                                  0x0000c138   Section        8  __main.o(!!!main)
    !!!scatter                               0x0000c140   Section       52  __scatter.o(!!!scatter)
    !!handler_copy                           0x0000c174   Section       26  __scatter_copy.o(!!handler_copy)
    !!handler_zi                             0x0000c190   Section       28  __scatter_zi.o(!!handler_zi)
    .ARM.Collect$$libinit$$00000000          0x0000c1ac   Section        2  libinit.o(.ARM.Collect$$libinit$$00000000)
    .ARM.Collect$$libinit$$00000001          0x0000c1ae   Section        4  libinit2.o(.ARM.Collect$$libinit$$00000001)
    .ARM.Collect$$libinit$$00000004          0x0000c1b2   Section        0  libinit2.o(.ARM.Collect$$libinit$$00000004)
    .ARM.Collect$$libinit$$0000000A          0x0000c1b2   Section        0  libinit2.o(.ARM.Collect$$libinit$$0000000A)
    .ARM.Collect$$libinit$$0000000C          0x0000c1b2   Section        0  libinit2.o(.ARM.Collect$$libinit$$0000000C)
    .ARM.Collect$$libinit$$0000000E          0x0000c1b2   Section        0  libinit2.o(.ARM.Collect$$libinit$$0000000E)
    .ARM.Collect$$libinit$$00000011          0x0000c1b2   Section        0  libinit2.o(.ARM.Collect$$libinit$$00000011)
    .ARM.Collect$$libinit$$00000013          0x0000c1b2   Section        0  libinit2.o(.ARM.Collect$$libinit$$00000013)
    .ARM.Collect$$libinit$$00000015          0x0000c1b2   Section        0  libinit2.o(.ARM.Collect$$libinit$$00000015)
    .ARM.Collect$$libinit$$00000017          0x0000c1b2   Section        0  libinit2.o(.ARM.Collect$$libinit$$00000017)
    .ARM.Collect$$libinit$$00000019          0x0000c1b2   Section        0  libinit2.o(.ARM.Collect$$libinit$$00000019)
    .ARM.Collect$$libinit$$0000001B          0x0000c1b2   Section        0  libinit2.o(.ARM.Collect$$libinit$$0000001B)
    .ARM.Collect$$libinit$$0000001D          0x0000c1b2   Section        0  libinit2.o(.ARM.Collect$$libinit$$0000001D)
    .ARM.Collect$$libinit$$0000001F          0x0000c1b2   Section        0  libinit2.o(.ARM.Collect$$libinit$$0000001F)
    .ARM.Collect$$libinit$$00000021          0x0000c1b2   Section        0  libinit2.o(.ARM.Collect$$libinit$$00000021)
    .ARM.Collect$$libinit$$00000023          0x0000c1b2   Section        0  libinit2.o(.ARM.Collect$$libinit$$00000023)
    .ARM.Collect$$libinit$$00000025          0x0000c1b2   Section        0  libinit2.o(.ARM.Collect$$libinit$$00000025)
    .ARM.Collect$$libinit$$0000002C          0x0000c1b2   Section        0  libinit2.o(.ARM.Collect$$libinit$$0000002C)
    .ARM.Collect$$libinit$$0000002E          0x0000c1b2   Section        0  libinit2.o(.ARM.Collect$$libinit$$0000002E)
    .ARM.Collect$$libinit$$00000030          0x0000c1b2   Section        0  libinit2.o(.ARM.Collect$$libinit$$00000030)
    .ARM.Collect$$libinit$$00000032          0x0000c1b2   Section        0  libinit2.o(.ARM.Collect$$libinit$$00000032)
    .ARM.Collect$$libinit$$00000033          0x0000c1b2   Section        2  libinit2.o(.ARM.Collect$$libinit$$00000033)
    .ARM.Collect$$libshutdown$$00000000      0x0000c1b4   Section        2  libshutdown.o(.ARM.Collect$$libshutdown$$00000000)
    .ARM.Collect$$libshutdown$$00000002      0x0000c1b6   Section        0  libshutdown2.o(.ARM.Collect$$libshutdown$$00000002)
    .ARM.Collect$$libshutdown$$00000004      0x0000c1b6   Section        0  libshutdown2.o(.ARM.Collect$$libshutdown$$00000004)
    .ARM.Collect$$libshutdown$$00000007      0x0000c1b6   Section        0  libshutdown2.o(.ARM.Collect$$libshutdown$$00000007)
    .ARM.Collect$$libshutdown$$0000000A      0x0000c1b6   Section        0  libshutdown2.o(.ARM.Collect$$libshutdown$$0000000A)
    .ARM.Collect$$libshutdown$$0000000C      0x0000c1b6   Section        0  libshutdown2.o(.ARM.Collect$$libshutdown$$0000000C)
    .ARM.Collect$$libshutdown$$0000000F      0x0000c1b6   Section        0  libshutdown2.o(.ARM.Collect$$libshutdown$$0000000F)
    .ARM.Collect$$libshutdown$$00000010      0x0000c1b6   Section        2  libshutdown2.o(.ARM.Collect$$libshutdown$$00000010)
    .ARM.Collect$$rtentry$$00000000          0x0000c1b8   Section        0  __rtentry.o(.ARM.Collect$$rtentry$$00000000)
    .ARM.Collect$$rtentry$$00000002          0x0000c1b8   Section        0  __rtentry2.o(.ARM.Collect$$rtentry$$00000002)
    .ARM.Collect$$rtentry$$00000004          0x0000c1b8   Section        6  __rtentry4.o(.ARM.Collect$$rtentry$$00000004)
    .ARM.Collect$$rtentry$$00000009          0x0000c1be   Section        0  __rtentry2.o(.ARM.Collect$$rtentry$$00000009)
    .ARM.Collect$$rtentry$$0000000A          0x0000c1be   Section        4  __rtentry2.o(.ARM.Collect$$rtentry$$0000000A)
    .ARM.Collect$$rtentry$$0000000C          0x0000c1c2   Section        0  __rtentry2.o(.ARM.Collect$$rtentry$$0000000C)
    .ARM.Collect$$rtentry$$0000000D          0x0000c1c2   Section        8  __rtentry2.o(.ARM.Collect$$rtentry$$0000000D)
    .ARM.Collect$$rtexit$$00000000           0x0000c1ca   Section        2  rtexit.o(.ARM.Collect$$rtexit$$00000000)
    .ARM.Collect$$rtexit$$00000002           0x0000c1cc   Section        0  rtexit2.o(.ARM.Collect$$rtexit$$00000002)
    .ARM.Collect$$rtexit$$00000003           0x0000c1cc   Section        4  rtexit2.o(.ARM.Collect$$rtexit$$00000003)
    .ARM.Collect$$rtexit$$00000004           0x0000c1d0   Section        6  rtexit2.o(.ARM.Collect$$rtexit$$00000004)
    .emb_text                                0x0000c1d8   Section       34  am_util_faultisr.o(.emb_text)
    $v0                                      0x0000c1d8   Number         0  am_util_faultisr.o(.emb_text)
    .emb_text                                0x0000c1fc   Section       22  am_hal_interrupt.o(.emb_text)
    $v0                                      0x0000c1fc   Number         0  am_hal_interrupt.o(.emb_text)
    .text                                    0x0000c214   Section       24  startup_keil.o(.text)
    $v0                                      0x0000c214   Number         0  startup_keil.o(.text)
    .text                                    0x0000c22c   Section        0  heapauxi.o(.text)
    .text                                    0x0000c232   Section       74  sys_stackheap_outer.o(.text)
    .text                                    0x0000c27c   Section        0  exit.o(.text)
    .text                                    0x0000c290   Section        8  libspace.o(.text)
    .text                                    0x0000c298   Section        0  sys_exit.o(.text)
    .text                                    0x0000c2a4   Section        2  use_no_semi.o(.text)
    .text                                    0x0000c2a6   Section        0  indicate_semi.o(.text)
    i.am_bsp_itm_printf_enable               0x0000c2a8   Section        0  am_bsp.o(i.am_bsp_itm_printf_enable)
    i.am_hal_cachectrl_config                0x0000c2e4   Section        0  am_hal_cachectrl.o(i.am_hal_cachectrl_config)
    i.am_hal_cachectrl_enable                0x0000c330   Section        0  am_hal_cachectrl.o(i.am_hal_cachectrl_enable)
    i.am_hal_clkgen_control                  0x0000c344   Section        0  am_hal_clkgen.o(i.am_hal_clkgen_control)
    i.am_hal_clkgen_status_get               0x0000c440   Section        0  am_hal_clkgen.o(i.am_hal_clkgen_status_get)
    i.am_hal_flash_delay                     0x0000c474   Section        0  am_hal_flash.o(i.am_hal_flash_delay)
    i.am_hal_gpio_pinconfig                  0x0000c498   Section        0  am_hal_gpio.o(i.am_hal_gpio_pinconfig)
    i.am_hal_gpio_state_write                0x0000c718   Section        0  am_hal_gpio.o(i.am_hal_gpio_state_write)
    i.am_hal_itm_enable                      0x0000c798   Section        0  am_hal_itm.o(i.am_hal_itm_enable)
    i.am_hal_itm_print                       0x0000c7e0   Section        0  am_hal_itm.o(i.am_hal_itm_print)
    i.am_hal_mcuctrl_info_get                0x0000c810   Section        0  am_hal_mcuctrl.o(i.am_hal_mcuctrl_info_get)
    i.am_hal_pdm_configure                   0x0000c948   Section        0  am_hal_pdm.o(i.am_hal_pdm_configure)
    i.am_hal_pdm_disable                     0x0000ca5c   Section        0  am_hal_pdm.o(i.am_hal_pdm_disable)
    i.am_hal_pdm_dma_start                   0x0000ca94   Section        0  am_hal_pdm.o(i.am_hal_pdm_dma_start)
    i.am_hal_pdm_enable                      0x0000cb28   Section        0  am_hal_pdm.o(i.am_hal_pdm_enable)
    i.am_hal_pdm_fifo_flush                  0x0000cb60   Section        0  am_hal_pdm.o(i.am_hal_pdm_fifo_flush)
    i.am_hal_pdm_initialize                  0x0000cb8c   Section        0  am_hal_pdm.o(i.am_hal_pdm_initialize)
    i.am_hal_pdm_interrupt_clear             0x0000cbcc   Section        0  am_hal_pdm.o(i.am_hal_pdm_interrupt_clear)
    i.am_hal_pdm_interrupt_enable            0x0000cbf8   Section        0  am_hal_pdm.o(i.am_hal_pdm_interrupt_enable)
    i.am_hal_pdm_interrupt_status_get        0x0000cc2c   Section        0  am_hal_pdm.o(i.am_hal_pdm_interrupt_status_get)
    i.am_hal_pdm_power_control               0x0000cc6c   Section        0  am_hal_pdm.o(i.am_hal_pdm_power_control)
    i.am_hal_pwrctrl_periph_disable          0x0000cce8   Section        0  am_hal_pwrctrl.o(i.am_hal_pwrctrl_periph_disable)
    i.am_hal_pwrctrl_periph_enable           0x0000cd38   Section        0  am_hal_pwrctrl.o(i.am_hal_pwrctrl_periph_enable)
    i.am_hal_sysctrl_sleep                   0x0000cd88   Section        0  am_hal_sysctrl.o(i.am_hal_sysctrl_sleep)
    i.am_hal_tpiu_enable                     0x0000cdf4   Section        0  am_hal_tpiu.o(i.am_hal_tpiu_enable)
    i.am_pdm0_isr                            0x0000ce84   Section        0  pdm_fft.o(i.am_pdm0_isr)
    i.am_util_delay_ms                       0x0000ceb4   Section        0  am_util_delay.o(i.am_util_delay_ms)
    i.am_util_faultisr_collect_data          0x0000ced4   Section        0  am_util_faultisr.o(i.am_util_faultisr_collect_data)
    i.am_util_stdio_printf                   0x0000d38c   Section        0  am_util_stdio.o(i.am_util_stdio_printf)
    i.am_util_stdio_printf_init              0x0000d3c0   Section        0  am_util_stdio.o(i.am_util_stdio_printf_init)
    i.am_util_stdio_terminal_clear           0x0000d3cc   Section        0  am_util_stdio.o(i.am_util_stdio_terminal_clear)
    i.am_util_stdio_vsprintf                 0x0000d408   Section        0  am_util_stdio.o(i.am_util_stdio_vsprintf)
    i.main                                   0x0000db48   Section        0  pdm_fft.o(i.main)
    i.ndigits_in_u64                         0x0000dcf4   Section        0  am_util_stdio.o(i.ndigits_in_u64)
    ndigits_in_u64                           0x0000dcf5   Thumb Code   198  am_util_stdio.o(i.ndigits_in_u64)
    i.pcm_fft_print                          0x0000ddbc   Section        0  pdm_fft.o(i.pcm_fft_print)
    i.pdm_config_print                       0x0000ddd8   Section        0  pdm_fft.o(i.pdm_config_print)
    i.uint64_to_str                          0x0000df1c   Section        0  am_util_stdio.o(i.uint64_to_str)
    uint64_to_str                            0x0000df1d   Thumb Code   294  am_util_stdio.o(i.uint64_to_str)
    x$fpl$d2f                                0x0000e044   Section       98  d2f.o(x$fpl$d2f)
    $v0                                      0x0000e044   Number         0  d2f.o(x$fpl$d2f)
    x$fpl$dnaninf                            0x0000e0a6   Section      156  dnaninf.o(x$fpl$dnaninf)
    $v0                                      0x0000e0a6   Number         0  dnaninf.o(x$fpl$dnaninf)
    x$fpl$fpinit                             0x0000e142   Section       10  fpinit.o(x$fpl$fpinit)
    $v0                                      0x0000e142   Number         0  fpinit.o(x$fpl$fpinit)
    x$fpl$fretinf                            0x0000e14c   Section       10  fretinf.o(x$fpl$fretinf)
    $v0                                      0x0000e14c   Number         0  fretinf.o(x$fpl$fretinf)
    .constdata                               0x0000e156   Section        3  am_hal_cachectrl.o(.constdata)
    x$fpl$usenofp                            0x0000e156   Section        0  usenofp.o(x$fpl$usenofp)
    .constdata                               0x0000e15c   Section      354  am_hal_gpio.o(.constdata)
    g_ui8Inpen                               0x0000e160   Data          50  am_hal_gpio.o(.constdata)
    g_ui8Bit76Capabilities                   0x0000e192   Data          50  am_hal_gpio.o(.constdata)
    g_ui8nCEpins                             0x0000e1c4   Data          50  am_hal_gpio.o(.constdata)
    g_ui8NCEtable                            0x0000e1f6   Data         200  am_hal_gpio.o(.constdata)
    .constdata                               0x0000e2c0   Section        4  am_hal_gpio.o(.constdata)
    .constdata                               0x0000e2c4   Section      128  am_hal_mcuctrl.o(.constdata)
    .constdata                               0x0000e344   Section        4  am_bsp_pins.o(.constdata)
    .constdata                               0x0000e348   Section      612  am_hal_pwrctrl.o(.constdata)
    .data                                    0x10000000   Section       40  pdm_fft.o(.data)
    .data                                    0x10000028   Section        8  am_util_stdio.o(.data)
    g_bTxtXlate                              0x10000028   Data           1  am_util_stdio.o(.data)
    .data                                    0x10000030   Section        4  am_hal_global.o(.data)
    .data                                    0x10000034   Section       88  am_bsp.o(.data)
    g_ui32PrintInterface                     0x10000034   Data           4  am_bsp.o(.data)
    g_sCOMUART                               0x10000038   Data           4  am_bsp.o(.data)
    g_sBspUartBufferedConfig                 0x10000064   Data          40  am_bsp.o(.data)
    .data                                    0x1000008c   Section        4  am_hal_sysctrl.o(.data)
    g_ui32BusWriteFlush                      0x1000008c   Data           4  am_hal_sysctrl.o(.data)
    .data                                    0x10000090   Section        4  am_hal_reset.o(.data)
    STACK                                    0x10000098   Section     4096  startup_keil.o(STACK)
    StackMem                                 0x10000098   Data           0  startup_keil.o(STACK)
    .bss                                     0x10001098   Section    32000  pdm_fft.o(.bss)
    .bss                                     0x10008d98   Section      256  am_util_stdio.o(.bss)
    g_prfbuf                                 0x10008d98   Data         256  am_util_stdio.o(.bss)
    .bss                                     0x10008e98   Section     1024  am_bsp.o(.bss)
    pui8UartTxBuffer                         0x10008e98   Data        1024  am_bsp.o(.bss)
    .bss                                     0x10009298   Section     1024  am_bsp.o(.bss)
    pui8UartRxBuffer                         0x10009298   Data        1024  am_bsp.o(.bss)
    .bss                                     0x10009698   Section       12  am_hal_pdm.o(.bss)
    .bss                                     0x100096a4   Section       96  libspace.o(.bss)
    HEAP                                     0x10009708   Section        0  startup_keil.o(HEAP)
    HeapMem                                  0x10009708   Data           0  startup_keil.o(HEAP)

    Global Symbols

    Symbol Name                              Value     Ov Type        Size  Object(Section)

    BuildAttributes$$THM_ISAv4$E$P$D$K$B$S$7EM$VFPi3$EXTD16$VFPS$VFMA$PE$A:L22UL41UL21$X:L11$S22US41US21$IEEE1$IW$USESV6$~STKCKD$USESV7$~SHL$OTIME$ROPI$EBA8$UX$STANDARDLIB$REQ8$PRES8$EABIv2 0x00000000   Number         0  anon$$obj.o ABSOLUTE
    __ARM_use_no_argv                        0x00000000   Number         0  pdm_fft.o ABSOLUTE
    __ARM_exceptions_init                     - Undefined Weak Reference
    __alloca_initialize                       - Undefined Weak Reference
    __arm_preinit_                            - Undefined Weak Reference
    __cpp_initialize__aeabi_                  - Undefined Weak Reference
    __cxa_finalize                            - Undefined Weak Reference
    __rt_locale                               - Undefined Weak Reference
    __sigvec_lookup                           - Undefined Weak Reference
    _atexit_init                              - Undefined Weak Reference
    _call_atexit_fns                          - Undefined Weak Reference
    _clock_init                               - Undefined Weak Reference
    _fp_trap_init                             - Undefined Weak Reference
    _fp_trap_shutdown                         - Undefined Weak Reference
    _get_lc_collate                           - Undefined Weak Reference
    _get_lc_ctype                             - Undefined Weak Reference
    _get_lc_monetary                          - Undefined Weak Reference
    _get_lc_numeric                           - Undefined Weak Reference
    _get_lc_time                              - Undefined Weak Reference
    _getenv_init                              - Undefined Weak Reference
    _handle_redirection                       - Undefined Weak Reference
    _init_alloc                               - Undefined Weak Reference
    _init_user_alloc                          - Undefined Weak Reference
    _initio                                   - Undefined Weak Reference
    _rand_init                                - Undefined Weak Reference
    _signal_finish                            - Undefined Weak Reference
    _signal_init                              - Undefined Weak Reference
    _terminate_alloc                          - Undefined Weak Reference
    _terminate_user_alloc                     - Undefined Weak Reference
    _terminateio                              - Undefined Weak Reference
    __Vectors                                0x0000c000   Data           0  startup_keil.o(RESET)
    __Patchable                              0x0000c0c0   Data           0  startup_keil.o(RESET)
    Reset_Handler                            0x0000c101   Thumb Code    28  startup_keil.o(RESET)
    NMI_Handler                              0x0000c11f   Thumb Code     2  startup_keil.o(RESET)
    MemManage_Handler                        0x0000c121   Thumb Code     2  startup_keil.o(RESET)
    BusFault_Handler                         0x0000c123   Thumb Code     2  startup_keil.o(RESET)
    UsageFault_Handler                       0x0000c125   Thumb Code     2  startup_keil.o(RESET)
    SecureFault_Handler                      0x0000c127   Thumb Code     2  startup_keil.o(RESET)
    SVC_Handler                              0x0000c129   Thumb Code     2  startup_keil.o(RESET)
    DebugMon_Handler                         0x0000c12b   Thumb Code     2  startup_keil.o(RESET)
    PendSV_Handler                           0x0000c12d   Thumb Code     2  startup_keil.o(RESET)
    SysTick_Handler                          0x0000c12f   Thumb Code     2  startup_keil.o(RESET)
    am_adc_isr                               0x0000c131   Thumb Code     0  startup_keil.o(RESET)
    am_ble_isr                               0x0000c131   Thumb Code     0  startup_keil.o(RESET)
    am_brownout_isr                          0x0000c131   Thumb Code     0  startup_keil.o(RESET)
    am_clkgen_isr                            0x0000c131   Thumb Code     0  startup_keil.o(RESET)
    am_ctimer_isr                            0x0000c131   Thumb Code     0  startup_keil.o(RESET)
    am_gpio_isr                              0x0000c131   Thumb Code     0  startup_keil.o(RESET)
    am_iomaster0_isr                         0x0000c131   Thumb Code     0  startup_keil.o(RESET)
    am_iomaster1_isr                         0x0000c131   Thumb Code     0  startup_keil.o(RESET)
    am_iomaster2_isr                         0x0000c131   Thumb Code     0  startup_keil.o(RESET)
    am_iomaster3_isr                         0x0000c131   Thumb Code     0  startup_keil.o(RESET)
    am_iomaster4_isr                         0x0000c131   Thumb Code     0  startup_keil.o(RESET)
    am_iomaster5_isr                         0x0000c131   Thumb Code     0  startup_keil.o(RESET)
    am_ioslave_acc_isr                       0x0000c131   Thumb Code     0  startup_keil.o(RESET)
    am_ioslave_ios_isr                       0x0000c131   Thumb Code     0  startup_keil.o(RESET)
    am_mspi0_isr                             0x0000c131   Thumb Code     0  startup_keil.o(RESET)
    am_rtc_isr                               0x0000c131   Thumb Code     0  startup_keil.o(RESET)
    am_scard_isr                             0x0000c131   Thumb Code     0  startup_keil.o(RESET)
    am_software0_isr                         0x0000c131   Thumb Code     0  startup_keil.o(RESET)
    am_stimer_cmpr0_isr                      0x0000c131   Thumb Code     0  startup_keil.o(RESET)
    am_stimer_cmpr1_isr                      0x0000c131   Thumb Code     0  startup_keil.o(RESET)
    am_stimer_cmpr2_isr                      0x0000c131   Thumb Code     0  startup_keil.o(RESET)
    am_stimer_cmpr3_isr                      0x0000c131   Thumb Code     0  startup_keil.o(RESET)
    am_stimer_cmpr4_isr                      0x0000c131   Thumb Code     0  startup_keil.o(RESET)
    am_stimer_cmpr5_isr                      0x0000c131   Thumb Code     0  startup_keil.o(RESET)
    am_stimer_cmpr6_isr                      0x0000c131   Thumb Code     0  startup_keil.o(RESET)
    am_stimer_cmpr7_isr                      0x0000c131   Thumb Code     0  startup_keil.o(RESET)
    am_stimer_isr                            0x0000c131   Thumb Code     0  startup_keil.o(RESET)
    am_uart0_isr                             0x0000c131   Thumb Code     0  startup_keil.o(RESET)
    am_uart1_isr                             0x0000c131   Thumb Code     0  startup_keil.o(RESET)
    am_uart_isr                              0x0000c131   Thumb Code     0  startup_keil.o(RESET)
    am_vcomp_isr                             0x0000c131   Thumb Code     0  startup_keil.o(RESET)
    am_watchdog_isr                          0x0000c131   Thumb Code     0  startup_keil.o(RESET)
    __main                                   0x0000c139   Thumb Code     8  __main.o(!!!main)
    __scatterload                            0x0000c141   Thumb Code     0  __scatter.o(!!!scatter)
    __scatterload_rt2                        0x0000c141   Thumb Code    44  __scatter.o(!!!scatter)
    __scatterload_rt2_thumb_only             0x0000c141   Thumb Code     0  __scatter.o(!!!scatter)
    __scatterload_null                       0x0000c14f   Thumb Code     0  __scatter.o(!!!scatter)
    __scatterload_copy                       0x0000c175   Thumb Code    26  __scatter_copy.o(!!handler_copy)
    __scatterload_zeroinit                   0x0000c191   Thumb Code    28  __scatter_zi.o(!!handler_zi)
    __rt_lib_init                            0x0000c1ad   Thumb Code     0  libinit.o(.ARM.Collect$$libinit$$00000000)
    __rt_lib_init_fp_1                       0x0000c1af   Thumb Code     0  libinit2.o(.ARM.Collect$$libinit$$00000001)
    __rt_lib_init_alloca_1                   0x0000c1b3   Thumb Code     0  libinit2.o(.ARM.Collect$$libinit$$0000002E)
    __rt_lib_init_argv_1                     0x0000c1b3   Thumb Code     0  libinit2.o(.ARM.Collect$$libinit$$0000002C)
    __rt_lib_init_atexit_1                   0x0000c1b3   Thumb Code     0  libinit2.o(.ARM.Collect$$libinit$$0000001B)
    __rt_lib_init_clock_1                    0x0000c1b3   Thumb Code     0  libinit2.o(.ARM.Collect$$libinit$$00000021)
    __rt_lib_init_cpp_1                      0x0000c1b3   Thumb Code     0  libinit2.o(.ARM.Collect$$libinit$$00000032)
    __rt_lib_init_exceptions_1               0x0000c1b3   Thumb Code     0  libinit2.o(.ARM.Collect$$libinit$$00000030)
    __rt_lib_init_fp_trap_1                  0x0000c1b3   Thumb Code     0  libinit2.o(.ARM.Collect$$libinit$$0000001F)
    __rt_lib_init_getenv_1                   0x0000c1b3   Thumb Code     0  libinit2.o(.ARM.Collect$$libinit$$00000023)
    __rt_lib_init_heap_1                     0x0000c1b3   Thumb Code     0  libinit2.o(.ARM.Collect$$libinit$$0000000A)
    __rt_lib_init_lc_collate_1               0x0000c1b3   Thumb Code     0  libinit2.o(.ARM.Collect$$libinit$$00000011)
    __rt_lib_init_lc_ctype_1                 0x0000c1b3   Thumb Code     0  libinit2.o(.ARM.Collect$$libinit$$00000013)
    __rt_lib_init_lc_monetary_1              0x0000c1b3   Thumb Code     0  libinit2.o(.ARM.Collect$$libinit$$00000015)
    __rt_lib_init_lc_numeric_1               0x0000c1b3   Thumb Code     0  libinit2.o(.ARM.Collect$$libinit$$00000017)
    __rt_lib_init_lc_time_1                  0x0000c1b3   Thumb Code     0  libinit2.o(.ARM.Collect$$libinit$$00000019)
    __rt_lib_init_preinit_1                  0x0000c1b3   Thumb Code     0  libinit2.o(.ARM.Collect$$libinit$$00000004)
    __rt_lib_init_rand_1                     0x0000c1b3   Thumb Code     0  libinit2.o(.ARM.Collect$$libinit$$0000000E)
    __rt_lib_init_return                     0x0000c1b3   Thumb Code     0  libinit2.o(.ARM.Collect$$libinit$$00000033)
    __rt_lib_init_signal_1                   0x0000c1b3   Thumb Code     0  libinit2.o(.ARM.Collect$$libinit$$0000001D)
    __rt_lib_init_stdio_1                    0x0000c1b3   Thumb Code     0  libinit2.o(.ARM.Collect$$libinit$$00000025)
    __rt_lib_init_user_alloc_1               0x0000c1b3   Thumb Code     0  libinit2.o(.ARM.Collect$$libinit$$0000000C)
    __rt_lib_shutdown                        0x0000c1b5   Thumb Code     0  libshutdown.o(.ARM.Collect$$libshutdown$$00000000)
    __rt_lib_shutdown_cpp_1                  0x0000c1b7   Thumb Code     0  libshutdown2.o(.ARM.Collect$$libshutdown$$00000002)
    __rt_lib_shutdown_fp_trap_1              0x0000c1b7   Thumb Code     0  libshutdown2.o(.ARM.Collect$$libshutdown$$00000007)
    __rt_lib_shutdown_heap_1                 0x0000c1b7   Thumb Code     0  libshutdown2.o(.ARM.Collect$$libshutdown$$0000000F)
    __rt_lib_shutdown_return                 0x0000c1b7   Thumb Code     0  libshutdown2.o(.ARM.Collect$$libshutdown$$00000010)
    __rt_lib_shutdown_signal_1               0x0000c1b7   Thumb Code     0  libshutdown2.o(.ARM.Collect$$libshutdown$$0000000A)
    __rt_lib_shutdown_stdio_1                0x0000c1b7   Thumb Code     0  libshutdown2.o(.ARM.Collect$$libshutdown$$00000004)
    __rt_lib_shutdown_user_alloc_1           0x0000c1b7   Thumb Code     0  libshutdown2.o(.ARM.Collect$$libshutdown$$0000000C)
    __rt_entry                               0x0000c1b9   Thumb Code     0  __rtentry.o(.ARM.Collect$$rtentry$$00000000)
    __rt_entry_presh_1                       0x0000c1b9   Thumb Code     0  __rtentry2.o(.ARM.Collect$$rtentry$$00000002)
    __rt_entry_sh                            0x0000c1b9   Thumb Code     0  __rtentry4.o(.ARM.Collect$$rtentry$$00000004)
    __rt_entry_li                            0x0000c1bf   Thumb Code     0  __rtentry2.o(.ARM.Collect$$rtentry$$0000000A)
    __rt_entry_postsh_1                      0x0000c1bf   Thumb Code     0  __rtentry2.o(.ARM.Collect$$rtentry$$00000009)
    __rt_entry_main                          0x0000c1c3   Thumb Code     0  __rtentry2.o(.ARM.Collect$$rtentry$$0000000D)
    __rt_entry_postli_1                      0x0000c1c3   Thumb Code     0  __rtentry2.o(.ARM.Collect$$rtentry$$0000000C)
    __rt_exit                                0x0000c1cb   Thumb Code     0  rtexit.o(.ARM.Collect$$rtexit$$00000000)
    __rt_exit_ls                             0x0000c1cd   Thumb Code     0  rtexit2.o(.ARM.Collect$$rtexit$$00000003)
    __rt_exit_prels_1                        0x0000c1cd   Thumb Code     0  rtexit2.o(.ARM.Collect$$rtexit$$00000002)
    __rt_exit_exit                           0x0000c1d1   Thumb Code     0  rtexit2.o(.ARM.Collect$$rtexit$$00000004)
    HardFault_Handler                        0x0000c1d9   Thumb Code    26  am_util_faultisr.o(.emb_text)
    getStackedReg                            0x0000c1f3   Thumb Code     8  am_util_faultisr.o(.emb_text)
    am_hal_interrupt_master_enable           0x0000c1fd   Thumb Code     8  am_hal_interrupt.o(.emb_text)
    am_hal_interrupt_master_disable          0x0000c205   Thumb Code     8  am_hal_interrupt.o(.emb_text)
    am_hal_interrupt_master_set              0x0000c20d   Thumb Code     6  am_hal_interrupt.o(.emb_text)
    __user_initial_stackheap                 0x0000c215   Thumb Code    10  startup_keil.o(.text)
    __use_two_region_memory                  0x0000c22d   Thumb Code     2  heapauxi.o(.text)
    __rt_heap_escrow$2region                 0x0000c22f   Thumb Code     2  heapauxi.o(.text)
    __rt_heap_expand$2region                 0x0000c231   Thumb Code     2  heapauxi.o(.text)
    __user_setup_stackheap                   0x0000c233   Thumb Code    74  sys_stackheap_outer.o(.text)
    exit                                     0x0000c27d   Thumb Code    18  exit.o(.text)
    __user_libspace                          0x0000c291   Thumb Code     8  libspace.o(.text)
    __user_perproc_libspace                  0x0000c291   Thumb Code     0  libspace.o(.text)
    __user_perthread_libspace                0x0000c291   Thumb Code     0  libspace.o(.text)
    _sys_exit                                0x0000c299   Thumb Code     8  sys_exit.o(.text)
    __I$use$semihosting                      0x0000c2a5   Thumb Code     0  use_no_semi.o(.text)
    __use_no_semihosting_swi                 0x0000c2a5   Thumb Code     2  use_no_semi.o(.text)
    __semihosting_library_function           0x0000c2a7   Thumb Code     0  indicate_semi.o(.text)
    am_bsp_itm_printf_enable                 0x0000c2a9   Thumb Code    44  am_bsp.o(i.am_bsp_itm_printf_enable)
    am_hal_cachectrl_config                  0x0000c2e5   Thumb Code    70  am_hal_cachectrl.o(i.am_hal_cachectrl_config)
    am_hal_cachectrl_enable                  0x0000c331   Thumb Code    14  am_hal_cachectrl.o(i.am_hal_cachectrl_enable)
    am_hal_clkgen_control                    0x0000c345   Thumb Code   236  am_hal_clkgen.o(i.am_hal_clkgen_control)
    am_hal_clkgen_status_get                 0x0000c441   Thumb Code    44  am_hal_clkgen.o(i.am_hal_clkgen_status_get)
    am_hal_flash_delay                       0x0000c475   Thumb Code    30  am_hal_flash.o(i.am_hal_flash_delay)
    am_hal_gpio_pinconfig                    0x0000c499   Thumb Code   586  am_hal_gpio.o(i.am_hal_gpio_pinconfig)
    am_hal_gpio_state_write                  0x0000c719   Thumb Code   128  am_hal_gpio.o(i.am_hal_gpio_state_write)
    am_hal_itm_enable                        0x0000c799   Thumb Code    44  am_hal_itm.o(i.am_hal_itm_enable)
    am_hal_itm_print                         0x0000c7e1   Thumb Code    48  am_hal_itm.o(i.am_hal_itm_print)
    am_hal_mcuctrl_info_get                  0x0000c811   Thumb Code   278  am_hal_mcuctrl.o(i.am_hal_mcuctrl_info_get)
    am_hal_pdm_configure                     0x0000c949   Thumb Code   262  am_hal_pdm.o(i.am_hal_pdm_configure)
    am_hal_pdm_disable                       0x0000ca5d   Thumb Code    48  am_hal_pdm.o(i.am_hal_pdm_disable)
    am_hal_pdm_dma_start                     0x0000ca95   Thumb Code   138  am_hal_pdm.o(i.am_hal_pdm_dma_start)
    am_hal_pdm_enable                        0x0000cb29   Thumb Code    48  am_hal_pdm.o(i.am_hal_pdm_enable)
    am_hal_pdm_fifo_flush                    0x0000cb61   Thumb Code    36  am_hal_pdm.o(i.am_hal_pdm_fifo_flush)
    am_hal_pdm_initialize                    0x0000cb8d   Thumb Code    56  am_hal_pdm.o(i.am_hal_pdm_initialize)
    am_hal_pdm_interrupt_clear               0x0000cbcd   Thumb Code    36  am_hal_pdm.o(i.am_hal_pdm_interrupt_clear)
    am_hal_pdm_interrupt_enable              0x0000cbf9   Thumb Code    42  am_hal_pdm.o(i.am_hal_pdm_interrupt_enable)
    am_hal_pdm_interrupt_status_get          0x0000cc2d   Thumb Code    56  am_hal_pdm.o(i.am_hal_pdm_interrupt_status_get)
    am_hal_pdm_power_control                 0x0000cc6d   Thumb Code   120  am_hal_pdm.o(i.am_hal_pdm_power_control)
    am_hal_pwrctrl_periph_disable            0x0000cce9   Thumb Code    70  am_hal_pwrctrl.o(i.am_hal_pwrctrl_periph_disable)
    am_hal_pwrctrl_periph_enable             0x0000cd39   Thumb Code    72  am_hal_pwrctrl.o(i.am_hal_pwrctrl_periph_enable)
    am_hal_sysctrl_sleep                     0x0000cd89   Thumb Code    82  am_hal_sysctrl.o(i.am_hal_sysctrl_sleep)
    am_hal_tpiu_enable                       0x0000cdf5   Thumb Code   122  am_hal_tpiu.o(i.am_hal_tpiu_enable)
    am_pdm0_isr                              0x0000ce85   Thumb Code    44  pdm_fft.o(i.am_pdm0_isr)
    am_util_delay_ms                         0x0000ceb5   Thumb Code    32  am_util_delay.o(i.am_util_delay_ms)
    am_util_faultisr_collect_data            0x0000ced5   Thumb Code   424  am_util_faultisr.o(i.am_util_faultisr_collect_data)
    am_util_stdio_printf                     0x0000d38d   Thumb Code    44  am_util_stdio.o(i.am_util_stdio_printf)
    am_util_stdio_printf_init                0x0000d3c1   Thumb Code     6  am_util_stdio.o(i.am_util_stdio_printf_init)
    am_util_stdio_terminal_clear             0x0000d3cd   Thumb Code    32  am_util_stdio.o(i.am_util_stdio_terminal_clear)
    am_util_stdio_vsprintf                   0x0000d409   Thumb Code  1844  am_util_stdio.o(i.am_util_stdio_vsprintf)
    main                                     0x0000db49   Thumb Code   318  pdm_fft.o(i.main)
    pcm_fft_print                            0x0000ddbd   Thumb Code    18  pdm_fft.o(i.pcm_fft_print)
    pdm_config_print                         0x0000ddd9   Thumb Code   112  pdm_fft.o(i.pdm_config_print)
    __aeabi_d2f                              0x0000e045   Thumb Code     0  d2f.o(x$fpl$d2f)
    _d2f                                     0x0000e045   Thumb Code    98  d2f.o(x$fpl$d2f)
    __fpl_dnaninf                            0x0000e0a7   Thumb Code   156  dnaninf.o(x$fpl$dnaninf)
    _fp_init                                 0x0000e143   Thumb Code    10  fpinit.o(x$fpl$fpinit)
    __fplib_config_fpu_vfp                   0x0000e14b   Thumb Code     0  fpinit.o(x$fpl$fpinit)
    __fplib_config_pureend_doubles           0x0000e14b   Thumb Code     0  fpinit.o(x$fpl$fpinit)
    __fpl_fretinf                            0x0000e14d   Thumb Code    10  fretinf.o(x$fpl$fretinf)
    __I$use$fp                               0x0000e156   Number         0  usenofp.o(x$fpl$usenofp)
    am_hal_cachectrl_defaults                0x0000e156   Data           3  am_hal_cachectrl.o(.constdata)
    g_AM_HAL_GPIO_DISABLE                    0x0000e15c   Data           4  am_hal_gpio.o(.constdata)
    g_AM_HAL_GPIO_OUTPUT                     0x0000e2c0   Data           4  am_hal_gpio.o(.constdata)
    g_am_hal_mcuctrl_flash_size              0x0000e2c4   Data          64  am_hal_mcuctrl.o(.constdata)
    g_am_hal_mcuctrl_sram_size               0x0000e304   Data          64  am_hal_mcuctrl.o(.constdata)
    g_AM_BSP_GPIO_ITM_SWO                    0x0000e344   Data           4  am_bsp_pins.o(.constdata)
    am_hal_pwrctrl_peripheral_control        0x0000e348   Data         180  am_hal_pwrctrl.o(.constdata)
    am_hal_pwrctrl_memory_control            0x0000e3fc   Data         432  am_hal_pwrctrl.o(.constdata)
    Region$$Table$$Base                      0x0000e5ac   Number         0  anon$$obj.o(Region$$Table)
    Region$$Table$$Limit                     0x0000e5cc   Number         0  anon$$obj.o(Region$$Table)
    g_bPDMDataReady                          0x10000000   Data           1  pdm_fft.o(.data)
    PDMHandle                                0x10000004   Data           4  pdm_fft.o(.data)
    g_sPdmConfig                             0x10000008   Data          32  pdm_fft.o(.data)
    g_pfnCharPrint                           0x1000002c   Data           4  am_util_stdio.o(.data)
    g_ui32HALflags                           0x10000030   Data           4  am_hal_global.o(.data)
    am_bsp_psLEDs                            0x1000003c   Data          40  am_bsp.o(.data)
    gAmHalResetStatus                        0x10000090   Data           4  am_hal_reset.o(.data)
    g_ui32PDMDataBuffer                      0x10001098   Data       32000  pdm_fft.o(.bss)
    g_am_hal_pdm_states                      0x10009698   Data          12  am_hal_pdm.o(.bss)
    __libspace_start                         0x100096a4   Data          96  libspace.o(.bss)
    __temporary_stack_top$libspace           0x10009704   Data           0  libspace.o(.bss)



==============================================================================

Memory Map of the image

  Image Entry point : 0x0000c139

  Load Region LR_1 (Base: 0x0000c000, Size: 0x00002660, Max: 0xffffffff, ABSOLUTE)

    Execution Region FLASH (Exec base: 0x0000c000, Load base: 0x0000c000, Size: 0x000025cc, Max: 0x000f0000, ABSOLUTE)

    Exec Addr    Load Addr    Size         Type   Attr      Idx    E Section Name        Object

    0x0000c000   0x0000c000   0x00000138   Code   RO          433    RESET               startup_keil.o
    0x0000c138   0x0000c138   0x00000008   Code   RO         1000  * !!!main             c_w.l(__main.o)
    0x0000c140   0x0000c140   0x00000034   Code   RO         1164    !!!scatter          c_w.l(__scatter.o)
    0x0000c174   0x0000c174   0x0000001a   Code   RO         1166    !!handler_copy      c_w.l(__scatter_copy.o)
    0x0000c18e   0x0000c18e   0x00000002   PAD
    0x0000c190   0x0000c190   0x0000001c   Code   RO         1168    !!handler_zi        c_w.l(__scatter_zi.o)
    0x0000c1ac   0x0000c1ac   0x00000002   Code   RO         1034    .ARM.Collect$$libinit$$00000000  c_w.l(libinit.o)
    0x0000c1ae   0x0000c1ae   0x00000004   Code   RO         1040    .ARM.Collect$$libinit$$00000001  c_w.l(libinit2.o)
    0x0000c1b2   0x0000c1b2   0x00000000   Code   RO         1043    .ARM.Collect$$libinit$$00000004  c_w.l(libinit2.o)
    0x0000c1b2   0x0000c1b2   0x00000000   Code   RO         1046    .ARM.Collect$$libinit$$0000000A  c_w.l(libinit2.o)
    0x0000c1b2   0x0000c1b2   0x00000000   Code   RO         1048    .ARM.Collect$$libinit$$0000000C  c_w.l(libinit2.o)
    0x0000c1b2   0x0000c1b2   0x00000000   Code   RO         1050    .ARM.Collect$$libinit$$0000000E  c_w.l(libinit2.o)
    0x0000c1b2   0x0000c1b2   0x00000000   Code   RO         1053    .ARM.Collect$$libinit$$00000011  c_w.l(libinit2.o)
    0x0000c1b2   0x0000c1b2   0x00000000   Code   RO         1055    .ARM.Collect$$libinit$$00000013  c_w.l(libinit2.o)
    0x0000c1b2   0x0000c1b2   0x00000000   Code   RO         1057    .ARM.Collect$$libinit$$00000015  c_w.l(libinit2.o)
    0x0000c1b2   0x0000c1b2   0x00000000   Code   RO         1059    .ARM.Collect$$libinit$$00000017  c_w.l(libinit2.o)
    0x0000c1b2   0x0000c1b2   0x00000000   Code   RO         1061    .ARM.Collect$$libinit$$00000019  c_w.l(libinit2.o)
    0x0000c1b2   0x0000c1b2   0x00000000   Code   RO         1063    .ARM.Collect$$libinit$$0000001B  c_w.l(libinit2.o)
    0x0000c1b2   0x0000c1b2   0x00000000   Code   RO         1065    .ARM.Collect$$libinit$$0000001D  c_w.l(libinit2.o)
    0x0000c1b2   0x0000c1b2   0x00000000   Code   RO         1067    .ARM.Collect$$libinit$$0000001F  c_w.l(libinit2.o)
    0x0000c1b2   0x0000c1b2   0x00000000   Code   RO         1069    .ARM.Collect$$libinit$$00000021  c_w.l(libinit2.o)
    0x0000c1b2   0x0000c1b2   0x00000000   Code   RO         1071    .ARM.Collect$$libinit$$00000023  c_w.l(libinit2.o)
    0x0000c1b2   0x0000c1b2   0x00000000   Code   RO         1073    .ARM.Collect$$libinit$$00000025  c_w.l(libinit2.o)
    0x0000c1b2   0x0000c1b2   0x00000000   Code   RO         1077    .ARM.Collect$$libinit$$0000002C  c_w.l(libinit2.o)
    0x0000c1b2   0x0000c1b2   0x00000000   Code   RO         1079    .ARM.Collect$$libinit$$0000002E  c_w.l(libinit2.o)
    0x0000c1b2   0x0000c1b2   0x00000000   Code   RO         1081    .ARM.Collect$$libinit$$00000030  c_w.l(libinit2.o)
    0x0000c1b2   0x0000c1b2   0x00000000   Code   RO         1083    .ARM.Collect$$libinit$$00000032  c_w.l(libinit2.o)
    0x0000c1b2   0x0000c1b2   0x00000002   Code   RO         1084    .ARM.Collect$$libinit$$00000033  c_w.l(libinit2.o)
    0x0000c1b4   0x0000c1b4   0x00000002   Code   RO         1104    .ARM.Collect$$libshutdown$$00000000  c_w.l(libshutdown.o)
    0x0000c1b6   0x0000c1b6   0x00000000   Code   RO         1117    .ARM.Collect$$libshutdown$$00000002  c_w.l(libshutdown2.o)
    0x0000c1b6   0x0000c1b6   0x00000000   Code   RO         1119    .ARM.Collect$$libshutdown$$00000004  c_w.l(libshutdown2.o)
    0x0000c1b6   0x0000c1b6   0x00000000   Code   RO         1122    .ARM.Collect$$libshutdown$$00000007  c_w.l(libshutdown2.o)
    0x0000c1b6   0x0000c1b6   0x00000000   Code   RO         1125    .ARM.Collect$$libshutdown$$0000000A  c_w.l(libshutdown2.o)
    0x0000c1b6   0x0000c1b6   0x00000000   Code   RO         1127    .ARM.Collect$$libshutdown$$0000000C  c_w.l(libshutdown2.o)
    0x0000c1b6   0x0000c1b6   0x00000000   Code   RO         1130    .ARM.Collect$$libshutdown$$0000000F  c_w.l(libshutdown2.o)
    0x0000c1b6   0x0000c1b6   0x00000002   Code   RO         1131    .ARM.Collect$$libshutdown$$00000010  c_w.l(libshutdown2.o)
    0x0000c1b8   0x0000c1b8   0x00000000   Code   RO         1004    .ARM.Collect$$rtentry$$00000000  c_w.l(__rtentry.o)
    0x0000c1b8   0x0000c1b8   0x00000000   Code   RO         1011    .ARM.Collect$$rtentry$$00000002  c_w.l(__rtentry2.o)
    0x0000c1b8   0x0000c1b8   0x00000006   Code   RO         1023    .ARM.Collect$$rtentry$$00000004  c_w.l(__rtentry4.o)
    0x0000c1be   0x0000c1be   0x00000000   Code   RO         1013    .ARM.Collect$$rtentry$$00000009  c_w.l(__rtentry2.o)
    0x0000c1be   0x0000c1be   0x00000004   Code   RO         1014    .ARM.Collect$$rtentry$$0000000A  c_w.l(__rtentry2.o)
    0x0000c1c2   0x0000c1c2   0x00000000   Code   RO         1016    .ARM.Collect$$rtentry$$0000000C  c_w.l(__rtentry2.o)
    0x0000c1c2   0x0000c1c2   0x00000008   Code   RO         1017    .ARM.Collect$$rtentry$$0000000D  c_w.l(__rtentry2.o)
    0x0000c1ca   0x0000c1ca   0x00000002   Code   RO         1038    .ARM.Collect$$rtexit$$00000000  c_w.l(rtexit.o)
    0x0000c1cc   0x0000c1cc   0x00000000   Code   RO         1086    .ARM.Collect$$rtexit$$00000002  c_w.l(rtexit2.o)
    0x0000c1cc   0x0000c1cc   0x00000004   Code   RO         1087    .ARM.Collect$$rtexit$$00000003  c_w.l(rtexit2.o)
    0x0000c1d0   0x0000c1d0   0x00000006   Code   RO         1088    .ARM.Collect$$rtexit$$00000004  c_w.l(rtexit2.o)
    0x0000c1d6   0x0000c1d6   0x00000002   PAD
    0x0000c1d8   0x0000c1d8   0x00000022   Code   RO          344    .emb_text           am_util_faultisr.o
    0x0000c1fa   0x0000c1fa   0x00000002   PAD
    0x0000c1fc   0x0000c1fc   0x00000016   Code   RO          655    .emb_text           libam_hal.lib(am_hal_interrupt.o)
    0x0000c212   0x0000c212   0x00000002   PAD
    0x0000c214   0x0000c214   0x00000018   Code   RO          434    .text               startup_keil.o
    0x0000c22c   0x0000c22c   0x00000006   Code   RO          998    .text               c_w.l(heapauxi.o)
    0x0000c232   0x0000c232   0x0000004a   Code   RO         1025    .text               c_w.l(sys_stackheap_outer.o)
    0x0000c27c   0x0000c27c   0x00000012   Code   RO         1027    .text               c_w.l(exit.o)
    0x0000c28e   0x0000c28e   0x00000002   PAD
    0x0000c290   0x0000c290   0x00000008   Code   RO         1035    .text               c_w.l(libspace.o)
    0x0000c298   0x0000c298   0x0000000c   Code   RO         1096    .text               c_w.l(sys_exit.o)
    0x0000c2a4   0x0000c2a4   0x00000002   Code   RO         1107    .text               c_w.l(use_no_semi.o)
    0x0000c2a6   0x0000c2a6   0x00000000   Code   RO         1109    .text               c_w.l(indicate_semi.o)
    0x0000c2a6   0x0000c2a6   0x00000002   PAD
    0x0000c2a8   0x0000c2a8   0x0000003c   Code   RO          463    i.am_bsp_itm_printf_enable  libam_bsp.lib(am_bsp.o)
    0x0000c2e4   0x0000c2e4   0x0000004c   Code   RO          499    i.am_hal_cachectrl_config  libam_hal.lib(am_hal_cachectrl.o)
    0x0000c330   0x0000c330   0x00000014   Code   RO          502    i.am_hal_cachectrl_enable  libam_hal.lib(am_hal_cachectrl.o)
    0x0000c344   0x0000c344   0x000000fc   Code   RO          517    i.am_hal_clkgen_control  libam_hal.lib(am_hal_clkgen.o)
    0x0000c440   0x0000c440   0x00000034   Code   RO          523    i.am_hal_clkgen_status_get  libam_hal.lib(am_hal_clkgen.o)
    0x0000c474   0x0000c474   0x00000024   Code   RO          544    i.am_hal_flash_delay  libam_hal.lib(am_hal_flash.o)
    0x0000c498   0x0000c498   0x00000280   Code   RO          621    i.am_hal_gpio_pinconfig  libam_hal.lib(am_hal_gpio.o)
    0x0000c718   0x0000c718   0x00000080   Code   RO          623    i.am_hal_gpio_state_write  libam_hal.lib(am_hal_gpio.o)
    0x0000c798   0x0000c798   0x00000048   Code   RO          811    i.am_hal_itm_enable  libam_hal.lib(am_hal_itm.o)
    0x0000c7e0   0x0000c7e0   0x00000030   Code   RO          813    i.am_hal_itm_print  libam_hal.lib(am_hal_itm.o)
    0x0000c810   0x0000c810   0x00000138   Code   RO          664    i.am_hal_mcuctrl_info_get  libam_hal.lib(am_hal_mcuctrl.o)
    0x0000c948   0x0000c948   0x00000114   Code   RO          676    i.am_hal_pdm_configure  libam_hal.lib(am_hal_pdm.o)
    0x0000ca5c   0x0000ca5c   0x00000038   Code   RO          678    i.am_hal_pdm_disable  libam_hal.lib(am_hal_pdm.o)
    0x0000ca94   0x0000ca94   0x00000094   Code   RO          679    i.am_hal_pdm_dma_start  libam_hal.lib(am_hal_pdm.o)
    0x0000cb28   0x0000cb28   0x00000038   Code   RO          680    i.am_hal_pdm_enable  libam_hal.lib(am_hal_pdm.o)
    0x0000cb60   0x0000cb60   0x0000002c   Code   RO          681    i.am_hal_pdm_fifo_flush  libam_hal.lib(am_hal_pdm.o)
    0x0000cb8c   0x0000cb8c   0x00000040   Code   RO          684    i.am_hal_pdm_initialize  libam_hal.lib(am_hal_pdm.o)
    0x0000cbcc   0x0000cbcc   0x0000002c   Code   RO          685    i.am_hal_pdm_interrupt_clear  libam_hal.lib(am_hal_pdm.o)
    0x0000cbf8   0x0000cbf8   0x00000034   Code   RO          687    i.am_hal_pdm_interrupt_enable  libam_hal.lib(am_hal_pdm.o)
    0x0000cc2c   0x0000cc2c   0x00000040   Code   RO          688    i.am_hal_pdm_interrupt_status_get  libam_hal.lib(am_hal_pdm.o)
    0x0000cc6c   0x0000cc6c   0x0000007c   Code   RO          689    i.am_hal_pdm_power_control  libam_hal.lib(am_hal_pdm.o)
    0x0000cce8   0x0000cce8   0x00000050   Code   RO          845    i.am_hal_pwrctrl_periph_disable  libam_hal.lib(am_hal_pwrctrl.o)
    0x0000cd38   0x0000cd38   0x00000050   Code   RO          846    i.am_hal_pwrctrl_periph_enable  libam_hal.lib(am_hal_pwrctrl.o)
    0x0000cd88   0x0000cd88   0x0000006c   Code   RO          716    i.am_hal_sysctrl_sleep  libam_hal.lib(am_hal_sysctrl.o)
    0x0000cdf4   0x0000cdf4   0x00000090   Code   RO          924    i.am_hal_tpiu_enable  libam_hal.lib(am_hal_tpiu.o)
    0x0000ce84   0x0000ce84   0x00000030   Code   RO            4    i.am_pdm0_isr       pdm_fft.o
    0x0000ceb4   0x0000ceb4   0x00000020   Code   RO          296    i.am_util_delay_ms  am_util_delay.o
    0x0000ced4   0x0000ced4   0x000004b8   Code   RO          345    i.am_util_faultisr_collect_data  am_util_faultisr.o
    0x0000d38c   0x0000d38c   0x00000034   Code   RO          369    i.am_util_stdio_printf  am_util_stdio.o
    0x0000d3c0   0x0000d3c0   0x0000000c   Code   RO          370    i.am_util_stdio_printf_init  am_util_stdio.o
    0x0000d3cc   0x0000d3cc   0x0000003c   Code   RO          373    i.am_util_stdio_terminal_clear  am_util_stdio.o
    0x0000d408   0x0000d408   0x00000740   Code   RO          375    i.am_util_stdio_vsprintf  am_util_stdio.o
    0x0000db48   0x0000db48   0x000001ac   Code   RO            5    i.main              pdm_fft.o
    0x0000dcf4   0x0000dcf4   0x000000c6   Code   RO          376    i.ndigits_in_u64    am_util_stdio.o
    0x0000ddba   0x0000ddba   0x00000002   PAD
    0x0000ddbc   0x0000ddbc   0x0000001c   Code   RO            6    i.pcm_fft_print     pdm_fft.o
    0x0000ddd8   0x0000ddd8   0x00000144   Code   RO            7    i.pdm_config_print  pdm_fft.o
    0x0000df1c   0x0000df1c   0x00000126   Code   RO          377    i.uint64_to_str     am_util_stdio.o
    0x0000e042   0x0000e042   0x00000002   PAD
    0x0000e044   0x0000e044   0x00000062   Code   RO         1002    x$fpl$d2f           fz_wm.l(d2f.o)
    0x0000e0a6   0x0000e0a6   0x0000009c   Code   RO         1005    x$fpl$dnaninf       fz_wm.l(dnaninf.o)
    0x0000e142   0x0000e142   0x0000000a   Code   RO         1094    x$fpl$fpinit        fz_wm.l(fpinit.o)
    0x0000e14c   0x0000e14c   0x0000000a   Code   RO         1007    x$fpl$fretinf       fz_wm.l(fretinf.o)
    0x0000e156   0x0000e156   0x00000000   Code   RO         1009    x$fpl$usenofp       fz_wm.l(usenofp.o)
    0x0000e156   0x0000e156   0x00000003   Data   RO          504    .constdata          libam_hal.lib(am_hal_cachectrl.o)
    0x0000e159   0x0000e159   0x00000003   PAD
    0x0000e15c   0x0000e15c   0x00000162   Data   RO          625    .constdata          libam_hal.lib(am_hal_gpio.o)
    0x0000e2be   0x0000e2be   0x00000002   PAD
    0x0000e2c0   0x0000e2c0   0x00000004   Data   RO          633    .constdata          libam_hal.lib(am_hal_gpio.o)
    0x0000e2c4   0x0000e2c4   0x00000080   Data   RO          666    .constdata          libam_hal.lib(am_hal_mcuctrl.o)
    0x0000e344   0x0000e344   0x00000004   Data   RO          800    .constdata          libam_bsp.lib(am_bsp_pins.o)
    0x0000e348   0x0000e348   0x00000264   Data   RO          848    .constdata          libam_hal.lib(am_hal_pwrctrl.o)
    0x0000e5ac   0x0000e5ac   0x00000020   Data   RO         1162    Region$$Table       anon$$obj.o


    Execution Region SRAM (Exec base: 0x10000000, Load base: 0x0000e5cc, Size: 0x00009708, Max: 0x00060000, ABSOLUTE)

    Exec Addr    Load Addr    Size         Type   Attr      Idx    E Section Name        Object

    0x10000000   0x0000e5cc   0x00000028   Data   RW           14    .data               pdm_fft.o
    0x10000028   0x0000e5f4   0x00000008   Data   RW          379    .data               am_util_stdio.o
    0x10000030   0x0000e5fc   0x00000004   Data   RW          446    .data               libam_hal.lib(am_hal_global.o)
    0x10000034   0x0000e600   0x00000058   Data   RW          474    .data               libam_bsp.lib(am_bsp.o)
    0x1000008c   0x0000e658   0x00000004   Data   RW          717    .data               libam_hal.lib(am_hal_sysctrl.o)
    0x10000090   0x0000e65c   0x00000004   Data   RW          870    .data               libam_hal.lib(am_hal_reset.o)
    0x10000094   0x0000e660   0x00000004   PAD
    0x10000098        -       0x00001000   Zero   RW          431    STACK               startup_keil.o
    0x10001098        -       0x00007d00   Zero   RW           10    .bss                pdm_fft.o
    0x10008d98        -       0x00000100   Zero   RW          378    .bss                am_util_stdio.o
    0x10008e98        -       0x00000400   Zero   RW          471    .bss                libam_bsp.lib(am_bsp.o)
    0x10009298        -       0x00000400   Zero   RW          472    .bss                libam_bsp.lib(am_bsp.o)
    0x10009698        -       0x0000000c   Zero   RW          690    .bss                libam_hal.lib(am_hal_pdm.o)
    0x100096a4        -       0x00000060   Zero   RW         1036    .bss                c_w.l(libspace.o)
    0x10009704   0x0000e660   0x00000004   PAD
    0x10009708        -       0x00000000   Zero   RW          432    HEAP                startup_keil.o


==============================================================================

Image component sizes


      Code (inc. data)   RO Data    RW Data    ZI Data      Debug   Object Name

        32          0          0          0          0        711   am_util_delay.o
      1242        784          0          0          0       2324   am_util_faultisr.o
      2472         58          0          8        256      11860   am_util_stdio.o
       828        352          0         40      32000     497641   pdm_fft.o
       336        276          0          0       4096       1328   startup_keil.o

    ----------------------------------------------------------------------
      4916       1470         32         48      36352     513864   Object Totals
         0          0         32          0          0          0   (incl. Generated)
         6          0          0          0          0          0   (incl. Padding)

    ----------------------------------------------------------------------

      Code (inc. data)   RO Data    RW Data    ZI Data      Debug   Library Member Name

         8          0          0          0          0         68   __main.o
         0          0          0          0          0          0   __rtentry.o
        12          0          0          0          0          0   __rtentry2.o
         6          0          0          0          0          0   __rtentry4.o
        52          8          0          0          0          0   __scatter.o
        26          0          0          0          0          0   __scatter_copy.o
        28          0          0          0          0          0   __scatter_zi.o
        18          0          0          0          0         80   exit.o
         6          0          0          0          0        152   heapauxi.o
         0          0          0          0          0          0   indicate_semi.o
         2          0          0          0          0          0   libinit.o
         6          0          0          0          0          0   libinit2.o
         2          0          0          0          0          0   libshutdown.o
         2          0          0          0          0          0   libshutdown2.o
         8          4          0          0         96         68   libspace.o
         2          0          0          0          0          0   rtexit.o
        10          0          0          0          0          0   rtexit2.o
        12          4          0          0          0         68   sys_exit.o
        74          0          0          0          0         80   sys_stackheap_outer.o
         2          0          0          0          0         68   use_no_semi.o
        98          4          0          0          0        140   d2f.o
       156          4          0          0          0        140   dnaninf.o
        10          0          0          0          0        116   fpinit.o
        10          0          0          0          0        116   fretinf.o
         0          0          0          0          0          0   usenofp.o
        60         16          0         88       2048        128   am_bsp.o
         0          0          4          0          0          0   am_bsp_pins.o
        96         12          3          0          0        244   am_hal_cachectrl.o
       304         34          0          0          0        240   am_hal_clkgen.o
        36          6          0          0          0        116   am_hal_flash.o
         0          0          0          4          0          0   am_hal_global.o
       768         60        358          0          0        312   am_hal_gpio.o
        22          0          0          0          0        148   am_hal_interrupt.o
       120         28          0          0          0        232   am_hal_itm.o
       312         34        128          0          0        116   am_hal_mcuctrl.o
       928         86          0          0         12       1192   am_hal_pdm.o
       160         18        612          0          0        264   am_hal_pwrctrl.o
         0          0          0          4          0          0   am_hal_reset.o
       108         26          0          4          0        132   am_hal_sysctrl.o
       144         22          0          0          0        140   am_hal_tpiu.o

    ----------------------------------------------------------------------
      3618        366       1110        100       2164       4360   Library Totals
        10          0          5          0          8          0   (incl. Padding)

    ----------------------------------------------------------------------

      Code (inc. data)   RO Data    RW Data    ZI Data      Debug   Library Name

       276         16          0          0         96        584   c_w.l
       274          8          0          0          0        512   fz_wm.l
        60         16          4         88       2048        128   libam_bsp.lib
      2998        326       1101         12         12       3136   libam_hal.lib

    ----------------------------------------------------------------------
      3618        366       1110        100       2164       4360   Library Totals

    ----------------------------------------------------------------------

==============================================================================


      Code (inc. data)   RO Data    RW Data    ZI Data      Debug   

      8534       1836       1142        148      38516     514268   Grand Totals
      8534       1836       1142        148      38516     514268   ELF Image Totals
      8534       1836       1142        148          0          0   ROM Totals

==============================================================================

    Total RO  Size (Code + RO Data)                 9676 (   9.45kB)
    Total RW  Size (RW Data + ZI Data)             38664 (  37.76kB)
    Total ROM Size (Code + RO Data + RW Data)       9824 (   9.59kB)

==============================================================================

