Component: ARM Compiler 5.06 update 6 (build 750) Tool: armlink [4d35ed]

==============================================================================

Section Cross References

    pdm_fft.o(i.am_gpio_isr) refers to am_hal_gpio.o(i.am_hal_gpio_interrupt_status_get) for am_hal_gpio_interrupt_status_get
    pdm_fft.o(i.am_gpio_isr) refers to am_util_stdio.o(i.am_util_stdio_printf) for am_util_stdio_printf
    pdm_fft.o(i.am_pdm0_isr) refers to am_hal_pdm.o(i.am_hal_pdm_interrupt_status_get) for am_hal_pdm_interrupt_status_get
    pdm_fft.o(i.am_pdm0_isr) refers to am_hal_pdm.o(i.am_hal_pdm_interrupt_clear) for am_hal_pdm_interrupt_clear
    pdm_fft.o(i.am_pdm0_isr) refers to am_hal_pdm.o(i.am_hal_pdm_disable) for am_hal_pdm_disable
    pdm_fft.o(i.am_pdm0_isr) refers to am_util_stdio.o(i.am_util_stdio_printf) for am_util_stdio_printf
    pdm_fft.o(i.am_pdm0_isr) refers to pdm_fft.o(.data) for PDMHandle
    pdm_fft.o(i.main) refers to am_hal_clkgen.o(i.am_hal_clkgen_control) for am_hal_clkgen_control
    pdm_fft.o(i.main) refers to am_hal_cachectrl.o(i.am_hal_cachectrl_config) for am_hal_cachectrl_config
    pdm_fft.o(i.main) refers to am_hal_cachectrl.o(i.am_hal_cachectrl_enable) for am_hal_cachectrl_enable
    pdm_fft.o(i.main) refers to am_devices_led.o(i.am_devices_led_array_init) for am_devices_led_array_init
    pdm_fft.o(i.main) refers to am_devices_led.o(i.am_devices_led_array_out) for am_devices_led_array_out
    pdm_fft.o(i.main) refers to am_bsp.o(i.am_bsp_itm_printf_enable) for am_bsp_itm_printf_enable
    pdm_fft.o(i.main) refers to am_util_stdio.o(i.am_util_stdio_terminal_clear) for am_util_stdio_terminal_clear
    pdm_fft.o(i.main) refers to am_util_stdio.o(i.am_util_stdio_printf) for am_util_stdio_printf
    pdm_fft.o(i.main) refers to am_devices_led.o(i.am_devices_led_on) for am_devices_led_on
    pdm_fft.o(i.main) refers to am_util_delay.o(i.am_util_delay_ms) for am_util_delay_ms
    pdm_fft.o(i.main) refers to am_hal_gpio.o(i.am_hal_gpio_interrupt_clear) for am_hal_gpio_interrupt_clear
    pdm_fft.o(i.main) refers to am_hal_gpio.o(i.am_hal_gpio_interrupt_enable) for am_hal_gpio_interrupt_enable
    pdm_fft.o(i.main) refers to pdm_fft.o(i.__NVIC_EnableIRQ) for __NVIC_EnableIRQ
    pdm_fft.o(i.main) refers to am_hal_interrupt.o(.emb_text) for am_hal_interrupt_master_enable
    pdm_fft.o(i.main) refers to pdm_fft.o(i.pdm_init) for pdm_init
    pdm_fft.o(i.main) refers to pdm_fft.o(i.pdm_config_print) for pdm_config_print
    pdm_fft.o(i.main) refers to am_hal_pdm.o(i.am_hal_pdm_fifo_flush) for am_hal_pdm_fifo_flush
    pdm_fft.o(i.main) refers to pdm_fft.o(i.pdm_data_get) for pdm_data_get
    pdm_fft.o(i.main) refers to am_devices_led.o(i.am_devices_led_off) for am_devices_led_off
    pdm_fft.o(i.main) refers to am_hal_sysctrl.o(i.am_hal_sysctrl_sleep) for am_hal_sysctrl_sleep
    pdm_fft.o(i.main) refers to am_hal_cachectrl.o(.constdata) for am_hal_cachectrl_defaults
    pdm_fft.o(i.main) refers to am_bsp.o(.data) for am_bsp_psLEDs
    pdm_fft.o(i.main) refers to pdm_fft.o(.data) for value_led
    pdm_fft.o(i.pdm_config_print) refers to am_util_stdio.o(i.am_util_stdio_printf) for am_util_stdio_printf
    pdm_fft.o(i.pdm_config_print) refers to pdm_fft.o(.data) for g_sPdmConfig
    pdm_fft.o(i.pdm_data_get) refers to am_hal_pdm.o(i.am_hal_pdm_enable) for am_hal_pdm_enable
    pdm_fft.o(i.pdm_data_get) refers to am_util_delay.o(i.am_util_delay_ms) for am_util_delay_ms
    pdm_fft.o(i.pdm_data_get) refers to am_hal_pdm.o(i.am_hal_pdm_fifo_flush) for am_hal_pdm_fifo_flush
    pdm_fft.o(i.pdm_data_get) refers to am_hal_pdm.o(i.am_hal_pdm_dma_start) for am_hal_pdm_dma_start
    pdm_fft.o(i.pdm_data_get) refers to pdm_fft.o(.bss) for g_ui32PDMDataBuffer
    pdm_fft.o(i.pdm_data_get) refers to pdm_fft.o(.data) for PDMHandle
    pdm_fft.o(i.pdm_init) refers to am_hal_pdm.o(i.am_hal_pdm_initialize) for am_hal_pdm_initialize
    pdm_fft.o(i.pdm_init) refers to am_hal_pdm.o(i.am_hal_pdm_power_control) for am_hal_pdm_power_control
    pdm_fft.o(i.pdm_init) refers to am_hal_pdm.o(i.am_hal_pdm_configure) for am_hal_pdm_configure
    pdm_fft.o(i.pdm_init) refers to am_hal_pdm.o(i.am_hal_pdm_enable) for am_hal_pdm_enable
    pdm_fft.o(i.pdm_init) refers to am_hal_gpio.o(i.am_hal_gpio_pinconfig) for am_hal_gpio_pinconfig
    pdm_fft.o(i.pdm_init) refers to am_hal_gpio.o(i.am_hal_gpio_state_write) for am_hal_gpio_state_write
    pdm_fft.o(i.pdm_init) refers to am_hal_pdm.o(i.am_hal_pdm_interrupt_enable) for am_hal_pdm_interrupt_enable
    pdm_fft.o(i.pdm_init) refers to pdm_fft.o(i.__NVIC_EnableIRQ) for __NVIC_EnableIRQ
    pdm_fft.o(i.pdm_init) refers to pdm_fft.o(.data) for PDMHandle
    pdm_fft.o(i.pdm_init) refers to am_hal_gpio.o(.constdata) for g_AM_HAL_GPIO_OUTPUT
    pdm_fft.o(i.timer_init) refers to am_hal_ctimer.o(i.am_hal_ctimer_clear) for am_hal_ctimer_clear
[...]
    Removing am_hal_clkgen.o(i.am_hal_clkgen_interrupt_set), (22 bytes).
    Removing am_hal_clkgen.o(i.am_hal_clkgen_interrupt_status_get), (32 bytes).
    Removing am_hal_ctimer.o(.rev16_text), (4 bytes).
    Removing am_hal_ctimer.o(.revsh_text), (4 bytes).
    Removing am_hal_ctimer.o(.rrx_text), (6 bytes).
    Removing am_hal_ctimer.o(.emb_text), (28 bytes).
    Removing am_hal_ctimer.o(i.am_hal_ctimer_adc_trigger_disable), (32 bytes).
    Removing am_hal_ctimer.o(i.am_hal_ctimer_adc_trigger_enable), (32 bytes).
    Removing am_hal_ctimer.o(i.am_hal_ctimer_aux_compare_set), (100 bytes).
    Removing am_hal_ctimer.o(i.am_hal_ctimer_aux_period_set), (124 bytes).
    Removing am_hal_ctimer.o(i.am_hal_ctimer_clear), (40 bytes).
    Removing am_hal_ctimer.o(i.am_hal_ctimer_compare_set), (100 bytes).
    Removing am_hal_ctimer.o(i.am_hal_ctimer_config), (120 bytes).
    Removing am_hal_ctimer.o(i.am_hal_ctimer_config_single), (124 bytes).
    Removing am_hal_ctimer.o(i.am_hal_ctimer_config_trigger), (48 bytes).
    Removing am_hal_ctimer.o(i.am_hal_ctimer_globen), (28 bytes).
    Removing am_hal_ctimer.o(i.am_hal_ctimer_input_config), (16 bytes).
    Removing am_hal_ctimer.o(i.am_hal_ctimer_int_clear), (32 bytes).
    Removing am_hal_ctimer.o(i.am_hal_ctimer_int_disable), (36 bytes).
    Removing am_hal_ctimer.o(i.am_hal_ctimer_int_enable), (36 bytes).
    Removing am_hal_ctimer.o(i.am_hal_ctimer_int_enable_get), (12 bytes).
    Removing am_hal_ctimer.o(i.am_hal_ctimer_int_register), (420 bytes).
    Removing am_hal_ctimer.o(i.am_hal_ctimer_int_service), (52 bytes).
    Removing am_hal_ctimer.o(i.am_hal_ctimer_int_set), (32 bytes).
    Removing am_hal_ctimer.o(i.am_hal_ctimer_int_status_get), (48 bytes).
    Removing am_hal_ctimer.o(i.am_hal_ctimer_output_config), (388 bytes).
    Removing am_hal_ctimer.o(i.am_hal_ctimer_period_set), (124 bytes).
    Removing am_hal_ctimer.o(i.am_hal_ctimer_read), (140 bytes).
    Removing am_hal_ctimer.o(i.am_hal_ctimer_start), (80 bytes).
    Removing am_hal_ctimer.o(i.am_hal_ctimer_stop), (40 bytes).
    Removing am_hal_ctimer.o(.bss), (128 bytes).
    Removing am_hal_ctimer.o(.constdata), (256 bytes).
    Removing am_hal_ctimer.o(.data), (16 bytes).
    Removing am_hal_flash.o(.rev16_text), (4 bytes).
    Removing am_hal_flash.o(.revsh_text), (4 bytes).
    Removing am_hal_flash.o(.rrx_text), (6 bytes).
    Removing am_hal_flash.o(i.am_hal_flash_clear_bits), (32 bytes).
    Removing am_hal_flash.o(i.am_hal_flash_copy_protect_check), (108 bytes).
    Removing am_hal_flash.o(i.am_hal_flash_copy_protect_set), (244 bytes).
    Removing am_hal_flash.o(i.am_hal_flash_customer_info_signature_check), (64 bytes).
    Removing am_hal_flash.o(i.am_hal_flash_debugger_disable), (60 bytes).
    Removing am_hal_flash.o(i.am_hal_flash_debugger_disable_check), (100 bytes).
    Removing am_hal_flash.o(i.am_hal_flash_delay_status_change), (80 bytes).
    Removing am_hal_flash.o(i.am_hal_flash_delay_status_check), (92 bytes).
    Removing am_hal_flash.o(i.am_hal_flash_erase_info), (8 bytes).
    Removing am_hal_flash.o(i.am_hal_flash_erase_main_plus_info), (8 bytes).
    Removing am_hal_flash.o(i.am_hal_flash_erase_main_plus_info_both_instances), (8 bytes).
    Removing am_hal_flash.o(i.am_hal_flash_info_erase_disable), (60 bytes).
    Removing am_hal_flash.o(i.am_hal_flash_info_erase_disable_check), (100 bytes).
    Removing am_hal_flash.o(i.am_hal_flash_info_program_disable), (68 bytes).
    Removing am_hal_flash.o(i.am_hal_flash_info_program_disable_get), (100 bytes).
    Removing am_hal_flash.o(i.am_hal_flash_info_signature_set), (16 bytes).
    Removing am_hal_flash.o(i.am_hal_flash_load_ui32), (8 bytes).
    Removing am_hal_flash.o(i.am_hal_flash_mass_erase), (8 bytes).
    Removing am_hal_flash.o(i.am_hal_flash_page_erase), (8 bytes).
    Removing am_hal_flash.o(i.am_hal_flash_program_info), (96 bytes).
    Removing am_hal_flash.o(i.am_hal_flash_program_main), (84 bytes).
    Removing am_hal_flash.o(i.am_hal_flash_recovery), (8 bytes).
    Removing am_hal_flash.o(i.am_hal_flash_store_ui32), (40 bytes).
    Removing am_hal_flash.o(i.am_hal_flash_swo_disable), (60 bytes).
    Removing am_hal_flash.o(i.am_hal_flash_swo_disable_check), (100 bytes).
    Removing am_hal_flash.o(i.am_hal_flash_wipe_flash_enable), (60 bytes).
    Removing am_hal_flash.o(i.am_hal_flash_wipe_flash_enable_check), (100 bytes).
    Removing am_hal_flash.o(i.am_hal_flash_wipe_sram_enable), (60 bytes).
    Removing am_hal_flash.o(i.am_hal_flash_wipe_sram_enable_check), (100 bytes).
    Removing am_hal_flash.o(i.am_hal_flash_write_protect_check), (108 bytes).
    Removing am_hal_flash.o(i.am_hal_flash_write_protect_set), (244 bytes).
    Removing am_hal_flash.o(i.customer_info_signature_set), (152 bytes).
    Removing am_hal_flash.o(.constdata), (96 bytes).
    Removing am_hal_flash.o(.constdata), (4 bytes).
    Removing am_hal_flash.o(.constdata), (12 bytes).
    Removing am_hal_gpio.o(.rev16_text), (4 bytes).
    Removing am_hal_gpio.o(.revsh_text), (4 bytes).
    Removing am_hal_gpio.o(.rrx_text), (6 bytes).
    Removing am_hal_gpio.o(i.am_hal_gpio_fast_pinconfig), (206 bytes).
    Removing am_hal_gpio.o(i.am_hal_gpio_interrupt_disable), (64 bytes).
    Removing am_hal_gpio.o(i.am_hal_gpio_interrupt_register), (32 bytes).
    Removing am_hal_gpio.o(i.am_hal_gpio_interrupt_register_adv), (44 bytes).
    Removing am_hal_gpio.o(i.am_hal_gpio_interrupt_service), (144 bytes).
    Removing am_hal_gpio.o(i.am_hal_gpio_state_read), (90 bytes).
    Removing am_hal_gpio.o(.bss), (400 bytes).
    Removing am_hal_gpio.o(.constdata), (4 bytes).
    Removing am_hal_gpio.o(.constdata), (4 bytes).
    Removing am_hal_gpio.o(.constdata), (4 bytes).
    Removing am_hal_gpio.o(.constdata), (4 bytes).
    Removing am_hal_gpio.o(.constdata), (4 bytes).
    Removing am_hal_gpio.o(.constdata), (4 bytes).
    Removing am_hal_gpio.o(.constdata), (4 bytes).
    Removing am_hal_gpio.o(.constdata), (4 bytes).
    Removing am_hal_gpio.o(.constdata), (4 bytes).
    Removing am_hal_gpio.o(.constdata), (4 bytes).
    Removing am_hal_interrupt.o(.rev16_text), (4 bytes).
    Removing am_hal_interrupt.o(.revsh_text), (4 bytes).
    Removing am_hal_interrupt.o(.rrx_text), (6 bytes).
    Removing am_hal_mcuctrl.o(.rev16_text), (4 bytes).
    Removing am_hal_mcuctrl.o(.revsh_text), (4 bytes).
    Removing am_hal_mcuctrl.o(.rrx_text), (6 bytes).
    Removing am_hal_mcuctrl.o(i.am_hal_mcuctrl_control), (340 bytes).
    Removing am_hal_mcuctrl.o(i.am_hal_mcuctrl_status_get), (76 bytes).
    Removing am_hal_pdm.o(.rev16_text), (4 bytes).
    Removing am_hal_pdm.o(.revsh_text), (4 bytes).
    Removing am_hal_pdm.o(.rrx_text), (6 bytes).
    Removing am_hal_pdm.o(i.am_hal_pdm_deinitialize), (44 bytes).
    Removing am_hal_pdm.o(i.am_hal_pdm_i2s_disable), (48 bytes).
    Removing am_hal_pdm.o(i.am_hal_pdm_i2s_enable), (48 bytes).
    Removing am_hal_pdm.o(i.am_hal_pdm_interrupt_disable), (52 bytes).
    Removing am_hal_sysctrl.o(.rev16_text), (4 bytes).
    Removing am_hal_sysctrl.o(.revsh_text), (4 bytes).
    Removing am_hal_sysctrl.o(.rrx_text), (6 bytes).
    Removing am_hal_sysctrl.o(i.am_hal_sysctrl_aircr_reset), (36 bytes).
    Removing am_hal_sysctrl.o(i.am_hal_sysctrl_fpu_disable), (12 bytes).
    Removing am_hal_sysctrl.o(i.am_hal_sysctrl_fpu_enable), (16 bytes).
    Removing am_hal_sysctrl.o(i.am_hal_sysctrl_fpu_stacking_disable), (32 bytes).
    Removing am_hal_sysctrl.o(i.am_hal_sysctrl_fpu_stacking_enable), (48 bytes).
    Removing am_bsp_pins.o(.rev16_text), (4 bytes).
    Removing am_bsp_pins.o(.revsh_text), (4 bytes).
    Removing am_bsp_pins.o(.rrx_text), (6 bytes).
    Removing am_bsp_pins.o(.constdata), (4 bytes).
    Removing am_bsp_pins.o(.constdata), (4 bytes).
    Removing am_bsp_pins.o(.constdata), (4 bytes).
    Removing am_bsp_pins.o(.constdata), (4 bytes).
    Removing am_bsp_pins.o(.constdata), (4 bytes).
    Removing am_bsp_pins.o(.constdata), (4 bytes).
    Removing am_bsp_pins.o(.constdata), (4 bytes).
    Removing am_bsp_pins.o(.constdata), (4 bytes).
    Removing am_bsp_pins.o(.constdata), (4 bytes).
    Removing am_bsp_pins.o(.constdata), (4 bytes).
    Removing am_bsp_pins.o(.constdata), (4 bytes).
    Removing am_bsp_pins.o(.constdata), (4 bytes).
    Removing am_bsp_pins.o(.constdata), (4 bytes).
    Removing am_bsp_pins.o(.constdata), (4 bytes).
    Removing am_bsp_pins.o(.constdata), (4 bytes).
    Removing am_bsp_pins.o(.constdata), (4 bytes).
    Removing am_bsp_pins.o(.constdata), (4 bytes).
    Removing am_bsp_pins.o(.constdata), (4 bytes).
    Removing am_bsp_pins.o(.constdata), (4 bytes).
    Removing am_bsp_pins.o(.constdata), (4 bytes).
    Removing am_bsp_pins.o(.constdata), (4 bytes).
    Removing am_bsp_pins.o(.constdata), (4 bytes).
    Removing am_bsp_pins.o(.constdata), (4 bytes).
    Removing am_bsp_pins.o(.constdata), (4 bytes).
    Removing am_bsp_pins.o(.constdata), (4 bytes).
    Removing am_bsp_pins.o(.constdata), (4 bytes).
    Removing am_bsp_pins.o(.constdata), (4 bytes).
    Removing am_bsp_pins.o(.constdata), (4 bytes).
    Removing am_bsp_pins.o(.constdata), (4 bytes).
    Removing am_bsp_pins.o(.constdata), (4 bytes).
    Removing am_bsp_pins.o(.constdata), (4 bytes).
    Removing am_bsp_pins.o(.constdata), (4 bytes).
    Removing am_bsp_pins.o(.constdata), (4 bytes).
    Removing am_bsp_pins.o(.constdata), (4 bytes).
    Removing am_bsp_pins.o(.constdata), (4 bytes).
    Removing am_bsp_pins.o(.constdata), (4 bytes).
    Removing am_bsp_pins.o(.constdata), (4 bytes).
    Removing am_bsp_pins.o(.constdata), (4 bytes).
    Removing am_bsp_pins.o(.constdata), (4 bytes).
    Removing am_bsp_pins.o(.constdata), (4 bytes).
    Removing am_bsp_pins.o(.constdata), (4 bytes).
    Removing am_bsp_pins.o(.constdata), (4 bytes).
    Removing am_bsp_pins.o(.constdata), (4 bytes).
    Removing am_bsp_pins.o(.constdata), (4 bytes).
    Removing am_bsp_pins.o(.constdata), (4 bytes).
    Removing am_bsp_pins.o(.constdata), (4 bytes).
    Removing am_bsp_pins.o(.constdata), (4 bytes).
    Removing am_bsp_pins.o(.constdata), (4 bytes).
    Removing am_bsp_pins.o(.constdata), (4 bytes).
    Removing am_bsp_pins.o(.constdata), (4 bytes).
    Removing am_bsp_pins.o(.constdata), (4 bytes).
    Removing am_bsp_pins.o(.constdata), (4 bytes).
    Removing am_bsp_pins.o(.constdata), (4 bytes).
    Removing am_bsp_pins.o(.constdata), (4 bytes).
    Removing am_bsp_pins.o(.constdata), (4 bytes).
    Removing am_bsp_pins.o(.constdata), (4 bytes).
    Removing am_bsp_pins.o(.constdata), (4 bytes).
    Removing am_bsp_pins.o(.constdata), (4 bytes).
    Removing am_bsp_pins.o(.constdata), (4 bytes).
    Removing am_bsp_pins.o(.constdata), (4 bytes).
    Removing am_bsp_pins.o(.constdata), (4 bytes).
    Removing am_bsp_pins.o(.constdata), (4 bytes).
    Removing am_bsp_pins.o(.constdata), (4 bytes).
    Removing am_bsp_pins.o(.constdata), (4 bytes).
    Removing am_bsp_pins.o(.constdata), (4 bytes).
    Removing am_bsp_pins.o(.constdata), (4 bytes).
    Removing am_bsp_pins.o(.constdata), (4 bytes).
    Removing am_bsp_pins.o(.constdata), (4 bytes).
    Removing am_bsp_pins.o(.constdata), (4 bytes).
    Removing am_bsp_pins.o(.constdata), (4 bytes).
    Removing am_bsp_pins.o(.constdata), (4 bytes).
    Removing am_bsp_pins.o(.constdata), (4 bytes).
    Removing am_bsp_pins.o(.constdata), (4 bytes).
    Removing am_hal_debug.o(.rev16_text), (4 bytes).
    Removing am_hal_debug.o(.revsh_text), (4 bytes).
    Removing am_hal_debug.o(.rrx_text), (6 bytes).
    Removing am_hal_debug.o(i.am_hal_debug_error), (2 bytes).
    Removing am_hal_itm.o(.rev16_text), (4 bytes).
    Removing am_hal_itm.o(.revsh_text), (4 bytes).
    Removing am_hal_itm.o(.rrx_text), (6 bytes).
    Removing am_hal_itm.o(i.am_hal_itm_disable), (172 bytes).
    Removing am_hal_itm.o(i.am_hal_itm_not_busy), (24 bytes).
    Removing am_hal_itm.o(i.am_hal_itm_print_not_busy), (14 bytes).
    Removing am_hal_itm.o(i.am_hal_itm_stimulus_not_busy), (18 bytes).
    Removing am_hal_itm.o(i.am_hal_itm_stimulus_reg_byte_write), (18 bytes).
    Removing am_hal_itm.o(i.am_hal_itm_stimulus_reg_short_write), (18 bytes).
    Removing am_hal_itm.o(i.am_hal_itm_stimulus_reg_word_write), (18 bytes).
    Removing am_hal_itm.o(i.am_hal_itm_sync_send), (20 bytes).
    Removing am_hal_itm.o(i.am_hal_itm_trace_port_disable), (24 bytes).
    Removing am_hal_itm.o(i.am_hal_itm_trace_port_enable), (24 bytes).
    Removing am_hal_pwrctrl.o(.rev16_text), (4 bytes).
    Removing am_hal_pwrctrl.o(.revsh_text), (4 bytes).
    Removing am_hal_pwrctrl.o(.rrx_text), (6 bytes).
    Removing am_hal_pwrctrl.o(i.am_hal_pwrctrl_blebuck_trim), (76 bytes).
    Removing am_hal_pwrctrl.o(i.am_hal_pwrctrl_low_power_init), (412 bytes).
    Removing am_hal_pwrctrl.o(i.am_hal_pwrctrl_memory_deepsleep_powerdown), (40 bytes).
    Removing am_hal_pwrctrl.o(i.am_hal_pwrctrl_memory_deepsleep_retain), (44 bytes).
    Removing am_hal_pwrctrl.o(i.am_hal_pwrctrl_memory_enable), (108 bytes).
    Removing am_hal_pwrctrl.o(i.am_hal_pwrctrl_periph_enabled), (88 bytes).
    Removing am_hal_reset.o(.rev16_text), (4 bytes).
    Removing am_hal_reset.o(.revsh_text), (4 bytes).
    Removing am_hal_reset.o(.rrx_text), (6 bytes).
    Removing am_hal_reset.o(i.am_hal_reset_configure), (82 bytes).
    Removing am_hal_reset.o(i.am_hal_reset_control), (56 bytes).
    Removing am_hal_reset.o(i.am_hal_reset_interrupt_clear), (12 bytes).
    Removing am_hal_reset.o(i.am_hal_reset_interrupt_disable), (34 bytes).
    Removing am_hal_reset.o(i.am_hal_reset_interrupt_enable), (34 bytes).
    Removing am_hal_reset.o(i.am_hal_reset_interrupt_status_get), (22 bytes).
    Removing am_hal_reset.o(i.am_hal_reset_status_get), (116 bytes).
    Removing am_hal_rtc.o(.rev16_text), (4 bytes).
    Removing am_hal_rtc.o(.revsh_text), (4 bytes).
    Removing am_hal_rtc.o(.rrx_text), (6 bytes).
    Removing am_hal_rtc.o(i.am_hal_rtc_alarm_get), (162 bytes).
    Removing am_hal_rtc.o(i.am_hal_rtc_alarm_interval_set), (62 bytes).
    Removing am_hal_rtc.o(i.am_hal_rtc_alarm_set), (320 bytes).
    Removing am_hal_rtc.o(i.am_hal_rtc_int_clear), (10 bytes).
    Removing am_hal_rtc.o(i.am_hal_rtc_int_disable), (18 bytes).
    Removing am_hal_rtc.o(i.am_hal_rtc_int_enable), (16 bytes).
    Removing am_hal_rtc.o(i.am_hal_rtc_int_enable_get), (10 bytes).
    Removing am_hal_rtc.o(i.am_hal_rtc_int_set), (10 bytes).
    Removing am_hal_rtc.o(i.am_hal_rtc_int_status_get), (24 bytes).
    Removing am_hal_rtc.o(i.am_hal_rtc_osc_disable), (18 bytes).
    Removing am_hal_rtc.o(i.am_hal_rtc_osc_enable), (18 bytes).
    Removing am_hal_rtc.o(i.am_hal_rtc_osc_select), (20 bytes).
    Removing am_hal_rtc.o(i.am_hal_rtc_time_12hour), (18 bytes).
    Removing am_hal_rtc.o(i.am_hal_rtc_time_get), (202 bytes).
    Removing am_hal_rtc.o(i.am_hal_rtc_time_set), (380 bytes).
    Removing am_hal_tpiu.o(.rev16_text), (4 bytes).
    Removing am_hal_tpiu.o(.revsh_text), (4 bytes).
    Removing am_hal_tpiu.o(.rrx_text), (6 bytes).
    Removing am_hal_tpiu.o(i.am_hal_tpiu_clock_disable), (20 bytes).
    Removing am_hal_tpiu.o(i.am_hal_tpiu_clock_enable), (20 bytes).
    Removing am_hal_tpiu.o(i.am_hal_tpiu_configure), (48 bytes).
    Removing am_hal_tpiu.o(i.am_hal_tpiu_disable), (16 bytes).
    Removing am_hal_tpiu.o(i.am_hal_tpiu_port_width_get), (40 bytes).
    Removing am_hal_tpiu.o(i.am_hal_tpiu_port_width_set), (20 bytes).
    Removing am_hal_tpiu.o(i.am_hal_tpiu_supported_port_width_get), (56 bytes).
    Removing am_hal_uart.o(.rev16_text), (4 bytes).
    Removing am_hal_uart.o(.revsh_text), (4 bytes).
    Removing am_hal_uart.o(.rrx_text), (6 bytes).
    Removing am_hal_uart.o(i.am_hal_uart_configure), (600 bytes).
    Removing am_hal_uart.o(i.am_hal_uart_deinitialize), (48 bytes).
    Removing am_hal_uart.o(i.am_hal_uart_fifo_read), (108 bytes).
    Removing am_hal_uart.o(i.am_hal_uart_fifo_write), (140 bytes).
    Removing am_hal_uart.o(i.am_hal_uart_flags_get), (60 bytes).
    Removing am_hal_uart.o(i.am_hal_uart_initialize), (84 bytes).
    Removing am_hal_uart.o(i.am_hal_uart_interrupt_clear), (48 bytes).
    Removing am_hal_uart.o(i.am_hal_uart_interrupt_disable), (56 bytes).
    Removing am_hal_uart.o(i.am_hal_uart_interrupt_enable), (52 bytes).
    Removing am_hal_uart.o(i.am_hal_uart_interrupt_enable_get), (52 bytes).
    Removing am_hal_uart.o(i.am_hal_uart_interrupt_service), (364 bytes).
    Removing am_hal_uart.o(i.am_hal_uart_interrupt_status_get), (60 bytes).
    Removing am_hal_uart.o(i.am_hal_uart_power_control), (236 bytes).
    Removing am_hal_uart.o(i.am_hal_uart_transfer), (852 bytes).
    Removing am_hal_uart.o(i.am_hal_uart_tx_flush), (92 bytes).
    Removing am_hal_uart.o(i.read_nonblocking), (296 bytes).
    Removing am_hal_uart.o(i.write_nonblocking), (272 bytes).
    Removing am_hal_uart.o(.bss), (200 bytes).
    Removing am_hal_queue.o(.rev16_text), (4 bytes).
    Removing am_hal_queue.o(.revsh_text), (4 bytes).
    Removing am_hal_queue.o(.rrx_text), (6 bytes).
    Removing am_hal_queue.o(i.am_hal_queue_init), (22 bytes).
    Removing am_hal_queue.o(i.am_hal_queue_item_add), (164 bytes).
    Removing am_hal_queue.o(i.am_hal_queue_item_get), (152 bytes).

350 unused section(s) (total 19318 bytes) removed from the image.

==============================================================================

Image Symbol Table

    Local Symbols

    Symbol Name                              Value     Ov Type        Size  Object(Section)

    ../../../../../utils/am_util_delay.c     0x00000000   Number         0  am_util_delay.o ABSOLUTE
    ../../../../../utils/am_util_faultisr.c  0x00000000   Number         0  am_util_faultisr.o ABSOLUTE
    ../../../../../utils/am_util_stdio.c     0x00000000   Number         0  am_util_stdio.o ABSOLUTE
    ../am_bsp.c                              0x00000000   Number         0  am_bsp.o ABSOLUTE
    ../am_bsp_pins.c                         0x00000000   Number         0  am_bsp_pins.o ABSOLUTE
    ../am_hal_cachectrl.c                    0x00000000   Number         0  am_hal_cachectrl.o ABSOLUTE
    ../am_hal_clkgen.c                       0x00000000   Number         0  am_hal_clkgen.o ABSOLUTE
    ../am_hal_ctimer.c                       0x00000000   Number         0  am_hal_ctimer.o ABSOLUTE
    ../am_hal_debug.c                        0x00000000   Number         0  am_hal_debug.o ABSOLUTE
    ../am_hal_flash.c                        0x00000000   Number         0  am_hal_flash.o ABSOLUTE
    ../am_hal_global.c                       0x00000000   Number         0  am_hal_global.o ABSOLUTE
    ../am_hal_gpio.c                         0x00000000   Number         0  am_hal_gpio.o ABSOLUTE
    ../am_hal_interrupt.c                    0x00000000   Number         0  am_hal_interrupt.o ABSOLUTE
    ../am_hal_itm.c                          0x00000000   Number         0  am_hal_itm.o ABSOLUTE
    ../am_hal_mcuctrl.c                      0x00000000   Number         0  am_hal_mcuctrl.o ABSOLUTE
    ../am_hal_pdm.c                          0x00000000   Number         0  am_hal_pdm.o ABSOLUTE
    ../am_hal_pwrctrl.c                      0x00000000   Number         0  am_hal_pwrctrl.o ABSOLUTE
    ../am_hal_queue.c                        0x00000000   Number         0  am_hal_queue.o ABSOLUTE
    ../am_hal_reset.c                        0x00000000   Number         0  am_hal_reset.o ABSOLUTE
    ../am_hal_rtc.c                          0x00000000   Number         0  am_hal_rtc.o ABSOLUTE
    ../am_hal_sysctrl.c                      0x00000000   Number         0  am_hal_sysctrl.o ABSOLUTE
    ../am_hal_tpiu.c                         0x00000000   Number         0  am_hal_tpiu.o ABSOLUTE
    ../am_hal_uart.c                         0x00000000   Number         0  am_hal_uart.o ABSOLUTE
    ../clib/angel/boardlib.s                 0x00000000   Number         0  boardshut.o ABSOLUTE
    ../clib/angel/boardlib.s                 0x00000000   Number         0  boardinit1.o ABSOLUTE
    ../clib/angel/boardlib.s                 0x00000000   Number         0  boardinit2.o ABSOLUTE
    ../clib/angel/boardlib.s                 0x00000000   Number         0  boardinit3.o ABSOLUTE
    ../clib/angel/handlers.s                 0x00000000   Number         0  __scatter_copy.o ABSOLUTE
    ../clib/angel/handlers.s                 0x00000000   Number         0  __scatter_zi.o ABSOLUTE
    ../clib/angel/kernel.s                   0x00000000   Number         0  rtexit2.o ABSOLUTE
    ../clib/angel/kernel.s                   0x00000000   Number         0  rtexit.o ABSOLUTE
    ../clib/angel/kernel.s                   0x00000000   Number         0  __rtentry.o ABSOLUTE
    ../clib/angel/kernel.s                   0x00000000   Number         0  __rtentry4.o ABSOLUTE
    ../clib/angel/kernel.s                   0x00000000   Number         0  __rtentry2.o ABSOLUTE
    ../clib/angel/rt.s                       0x00000000   Number         0  rt_raise.o ABSOLUTE
    ../clib/angel/scatter.s                  0x00000000   Number         0  __scatter.o ABSOLUTE
    ../clib/angel/startup.s                  0x00000000   Number         0  __main.o ABSOLUTE
    ../clib/angel/sys.s                      0x00000000   Number         0  libspace.o ABSOLUTE
    ../clib/angel/sys.s                      0x00000000   Number         0  use_no_semi.o ABSOLUTE
    ../clib/angel/sys.s                      0x00000000   Number         0  indicate_semi.o ABSOLUTE
    ../clib/angel/sys.s                      0x00000000   Number         0  sys_stackheap_outer.o ABSOLUTE
    ../clib/angel/sysapp.c                   0x00000000   Number         0  sys_command.o ABSOLUTE
    ../clib/angel/sysapp.c                   0x00000000   Number         0  sys_wrch.o ABSOLUTE
    ../clib/angel/sysapp.c                   0x00000000   Number         0  sys_exit.o ABSOLUTE
    ../clib/armsys.c                         0x00000000   Number         0  no_argv.o ABSOLUTE
    ../clib/armsys.c                         0x00000000   Number         0  _get_argv_nomalloc.o ABSOLUTE
    ../clib/armsys.c                         0x00000000   Number         0  argv_veneer.o ABSOLUTE
    ../clib/armsys.c                         0x00000000   Number         0  argv_veneer.o ABSOLUTE
    ../clib/heapalloc.c                      0x00000000   Number         0  hrguard.o ABSOLUTE
    ../clib/heapaux.c                        0x00000000   Number         0  heapauxi.o ABSOLUTE
    ../clib/libinit.s                        0x00000000   Number         0  libshutdown.o ABSOLUTE
    ../clib/libinit.s                        0x00000000   Number         0  libshutdown2.o ABSOLUTE
    ../clib/libinit.s                        0x00000000   Number         0  libinit2.o ABSOLUTE
    ../clib/libinit.s                        0x00000000   Number         0  libinit.o ABSOLUTE
    ../clib/longlong.s                       0x00000000   Number         0  llshl.o ABSOLUTE
    ../clib/longlong.s                       0x00000000   Number         0  llushr.o ABSOLUTE
    ../clib/memcpset.s                       0x00000000   Number         0  rt_memclr_w.o ABSOLUTE
    ../clib/signal.c                         0x00000000   Number         0  defsig_rtmem_inner.o ABSOLUTE
    ../clib/signal.c                         0x00000000   Number         0  defsig_exit.o ABSOLUTE
    ../clib/signal.c                         0x00000000   Number         0  defsig_other.o ABSOLUTE
    ../clib/signal.c                         0x00000000   Number         0  defsig_segv_inner.o ABSOLUTE
    ../clib/signal.c                         0x00000000   Number         0  defsig_cppl_inner.o ABSOLUTE
    ../clib/signal.c                         0x00000000   Number         0  defsig_pvfn_inner.o ABSOLUTE
    ../clib/signal.c                         0x00000000   Number         0  defsig_general.o ABSOLUTE
    ../clib/signal.c                         0x00000000   Number         0  defsig_fpe_inner.o ABSOLUTE
    ../clib/signal.c                         0x00000000   Number         0  defsig_rtmem_formal.o ABSOLUTE
    ../clib/signal.c                         0x00000000   Number         0  __raise.o ABSOLUTE
    ../clib/signal.c                         0x00000000   Number         0  defsig_rtmem_outer.o ABSOLUTE
    ../clib/signal.c                         0x00000000   Number         0  defsig_rtred_inner.o ABSOLUTE
    ../clib/signal.c                         0x00000000   Number         0  defsig_stak_inner.o ABSOLUTE
    ../clib/signal.c                         0x00000000   Number         0  defsig_abrt_inner.o ABSOLUTE
    ../clib/signal.s                         0x00000000   Number         0  defsig.o ABSOLUTE
    ../clib/stdlib.c                         0x00000000   Number         0  exit.o ABSOLUTE
    ../fplib/d2f.s                           0x00000000   Number         0  d2f.o ABSOLUTE
    ../fplib/dnaninf.s                       0x00000000   Number         0  dnaninf.o ABSOLUTE
    ../fplib/fpinit.s                        0x00000000   Number         0  fpinit.o ABSOLUTE
    ../fplib/fretinf.s                       0x00000000   Number         0  fretinf.o ABSOLUTE
    ../fplib/usenofp.s                       0x00000000   Number         0  usenofp.o ABSOLUTE
    ../keil/startup_keil.s                   0x00000000   Number         0  startup_keil.o ABSOLUTE
    ../src/pdm_fft.c                         0x00000000   Number         0  pdm_fft.o ABSOLUTE
    ..\..\..\..\..\devices\am_devices_button.c 0x00000000   Number         0  am_devices_button.o ABSOLUTE
    ..\..\..\..\..\devices\am_devices_led.c  0x00000000   Number         0  am_devices_led.o ABSOLUTE
    ..\..\..\..\..\utils\am_util_delay.c     0x00000000   Number         0  am_util_delay.o ABSOLUTE
    ..\..\..\..\..\utils\am_util_faultisr.c  0x00000000   Number         0  am_util_faultisr.o ABSOLUTE
    ..\\..\\..\\..\\..\\devices\\am_devices_button.c 0x00000000   Number         0  am_devices_button.o ABSOLUTE
    ..\\..\\..\\..\\..\\devices\\am_devices_led.c 0x00000000   Number         0  am_devices_led.o ABSOLUTE
    ..\am_bsp.c                              0x00000000   Number         0  am_bsp.o ABSOLUTE
    ..\am_bsp_pins.c                         0x00000000   Number         0  am_bsp_pins.o ABSOLUTE
    ..\am_hal_cachectrl.c                    0x00000000   Number         0  am_hal_cachectrl.o ABSOLUTE
    ..\am_hal_clkgen.c                       0x00000000   Number         0  am_hal_clkgen.o ABSOLUTE
    ..\am_hal_ctimer.c                       0x00000000   Number         0  am_hal_ctimer.o ABSOLUTE
    ..\am_hal_debug.c                        0x00000000   Number         0  am_hal_debug.o ABSOLUTE
    ..\am_hal_flash.c                        0x00000000   Number         0  am_hal_flash.o ABSOLUTE
    ..\am_hal_global.c                       0x00000000   Number         0  am_hal_global.o ABSOLUTE
    ..\am_hal_gpio.c                         0x00000000   Number         0  am_hal_gpio.o ABSOLUTE
    ..\am_hal_interrupt.c                    0x00000000   Number         0  am_hal_interrupt.o ABSOLUTE
    ..\am_hal_itm.c                          0x00000000   Number         0  am_hal_itm.o ABSOLUTE
    ..\am_hal_mcuctrl.c                      0x00000000   Number         0  am_hal_mcuctrl.o ABSOLUTE
    ..\am_hal_pdm.c                          0x00000000   Number         0  am_hal_pdm.o ABSOLUTE
    ..\am_hal_pwrctrl.c                      0x00000000   Number         0  am_hal_pwrctrl.o ABSOLUTE
    ..\am_hal_queue.c                        0x00000000   Number         0  am_hal_queue.o ABSOLUTE
    ..\am_hal_reset.c                        0x00000000   Number         0  am_hal_reset.o ABSOLUTE
    ..\am_hal_rtc.c                          0x00000000   Number         0  am_hal_rtc.o ABSOLUTE
    ..\am_hal_sysctrl.c                      0x00000000   Number         0  am_hal_sysctrl.o ABSOLUTE
    ..\am_hal_tpiu.c                         0x00000000   Number         0  am_hal_tpiu.o ABSOLUTE
    ..\am_hal_uart.c                         0x00000000   Number         0  am_hal_uart.o ABSOLUTE
    ..\src\pdm_fft.c                         0x00000000   Number         0  pdm_fft.o ABSOLUTE
    dc.s                                     0x00000000   Number         0  dc.o ABSOLUTE
    RESET                                    0x0000c000   Section      312  startup_keil.o(RESET)
    $v0                                      0x0000c100   Number         0  startup_keil.o(RESET)
    !!!main                                  0x0000c138   Section        8  __main.o(!!!main)
    !!!scatter                               0x0000c140   Section       52  __scatter.o(!!!scatter)
    !!handler_copy                           0x0000c174   Section       26  __scatter_copy.o(!!handler_copy)
    !!handler_zi                             0x0000c190   Section       28  __scatter_zi.o(!!handler_zi)
    .ARM.Collect$$libinit$$00000000          0x0000c1ac   Section        2  libinit.o(.ARM.Collect$$libinit$$00000000)
    .ARM.Collect$$libinit$$00000001          0x0000c1ae   Section        4  libinit2.o(.ARM.Collect$$libinit$$00000001)
    .ARM.Collect$$libinit$$00000004          0x0000c1b2   Section        0  libinit2.o(.ARM.Collect$$libinit$$00000004)
    .ARM.Collect$$libinit$$0000000A          0x0000c1b2   Section        0  libinit2.o(.ARM.Collect$$libinit$$0000000A)
    .ARM.Collect$$libinit$$0000000C          0x0000c1b2   Section        0  libinit2.o(.ARM.Collect$$libinit$$0000000C)
    .ARM.Collect$$libinit$$0000000E          0x0000c1b2   Section        0  libinit2.o(.ARM.Collect$$libinit$$0000000E)
    .ARM.Collect$$libinit$$00000011          0x0000c1b2   Section        0  libinit2.o(.ARM.Collect$$libinit$$00000011)
    .ARM.Collect$$libinit$$00000013          0x0000c1b2   Section        0  libinit2.o(.ARM.Collect$$libinit$$00000013)
    .ARM.Collect$$libinit$$00000015          0x0000c1b2   Section        0  libinit2.o(.ARM.Collect$$libinit$$00000015)
    .ARM.Collect$$libinit$$00000017          0x0000c1b2   Section        0  libinit2.o(.ARM.Collect$$libinit$$00000017)
    .ARM.Collect$$libinit$$00000019          0x0000c1b2   Section        0  libinit2.o(.ARM.Collect$$libinit$$00000019)
    .ARM.Collect$$libinit$$0000001B          0x0000c1b2   Section        0  libinit2.o(.ARM.Collect$$libinit$$0000001B)
    .ARM.Collect$$libinit$$0000001D          0x0000c1b2   Section        0  libinit2.o(.ARM.Collect$$libinit$$0000001D)
    .ARM.Collect$$libinit$$0000001F          0x0000c1b2   Section        0  libinit2.o(.ARM.Collect$$libinit$$0000001F)
    .ARM.Collect$$libinit$$00000021          0x0000c1b2   Section        0  libinit2.o(.ARM.Collect$$libinit$$00000021)
    .ARM.Collect$$libinit$$00000023          0x0000c1b2   Section        0  libinit2.o(.ARM.Collect$$libinit$$00000023)
    .ARM.Collect$$libinit$$00000025          0x0000c1b2   Section        0  libinit2.o(.ARM.Collect$$libinit$$00000025)
    .ARM.Collect$$libinit$$0000002C          0x0000c1b2   Section        0  libinit2.o(.ARM.Collect$$libinit$$0000002C)
    .ARM.Collect$$libinit$$0000002E          0x0000c1b2   Section        0  libinit2.o(.ARM.Collect$$libinit$$0000002E)
    .ARM.Collect$$libinit$$00000030          0x0000c1b2   Section        0  libinit2.o(.ARM.Collect$$libinit$$00000030)
    .ARM.Collect$$libinit$$00000032          0x0000c1b2   Section        0  libinit2.o(.ARM.Collect$$libinit$$00000032)
    .ARM.Collect$$libinit$$00000033          0x0000c1b2   Section        2  libinit2.o(.ARM.Collect$$libinit$$00000033)
    .ARM.Collect$$libshutdown$$00000000      0x0000c1b4   Section        2  libshutdown.o(.ARM.Collect$$libshutdown$$00000000)
    .ARM.Collect$$libshutdown$$00000002      0x0000c1b6   Section        0  libshutdown2.o(.ARM.Collect$$libshutdown$$00000002)
    .ARM.Collect$$libshutdown$$00000004      0x0000c1b6   Section        0  libshutdown2.o(.ARM.Collect$$libshutdown$$00000004)
    .ARM.Collect$$libshutdown$$00000007      0x0000c1b6   Section        0  libshutdown2.o(.ARM.Collect$$libshutdown$$00000007)
    .ARM.Collect$$libshutdown$$0000000A      0x0000c1b6   Section        0  libshutdown2.o(.ARM.Collect$$libshutdown$$0000000A)
    .ARM.Collect$$libshutdown$$0000000C      0x0000c1b6   Section        0  libshutdown2.o(.ARM.Collect$$libshutdown$$0000000C)
    .ARM.Collect$$libshutdown$$0000000F      0x0000c1b6   Section        0  libshutdown2.o(.ARM.Collect$$libshutdown$$0000000F)
    .ARM.Collect$$libshutdown$$00000010      0x0000c1b6   Section        2  libshutdown2.o(.ARM.Collect$$libshutdown$$00000010)
    .ARM.Collect$$rtentry$$00000000          0x0000c1b8   Section        0  __rtentry.o(.ARM.Collect$$rtentry$$00000000)
    .ARM.Collect$$rtentry$$00000002          0x0000c1b8   Section        0  __rtentry2.o(.ARM.Collect$$rtentry$$00000002)
    .ARM.Collect$$rtentry$$00000004          0x0000c1b8   Section        6  __rtentry4.o(.ARM.Collect$$rtentry$$00000004)
    .ARM.Collect$$rtentry$$00000009          0x0000c1be   Section        0  __rtentry2.o(.ARM.Collect$$rtentry$$00000009)
    .ARM.Collect$$rtentry$$0000000A          0x0000c1be   Section        4  __rtentry2.o(.ARM.Collect$$rtentry$$0000000A)
    .ARM.Collect$$rtentry$$0000000C          0x0000c1c2   Section        0  __rtentry2.o(.ARM.Collect$$rtentry$$0000000C)
    .ARM.Collect$$rtentry$$0000000D          0x0000c1c2   Section        8  __rtentry2.o(.ARM.Collect$$rtentry$$0000000D)
    .ARM.Collect$$rtexit$$00000000           0x0000c1ca   Section        2  rtexit.o(.ARM.Collect$$rtexit$$00000000)
    .ARM.Collect$$rtexit$$00000002           0x0000c1cc   Section        0  rtexit2.o(.ARM.Collect$$rtexit$$00000002)
    .ARM.Collect$$rtexit$$00000003           0x0000c1cc   Section        4  rtexit2.o(.ARM.Collect$$rtexit$$00000003)
    .ARM.Collect$$rtexit$$00000004           0x0000c1d0   Section        6  rtexit2.o(.ARM.Collect$$rtexit$$00000004)
    .emb_text                                0x0000c1d8   Section       34  am_util_faultisr.o(.emb_text)
    $v0                                      0x0000c1d8   Number         0  am_util_faultisr.o(.emb_text)
    .emb_text                                0x0000c1fc   Section       22  am_hal_interrupt.o(.emb_text)
    $v0                                      0x0000c1fc   Number         0  am_hal_interrupt.o(.emb_text)
    .text                                    0x0000c214   Section       24  startup_keil.o(.text)
    $v0                                      0x0000c214   Number         0  startup_keil.o(.text)
    .text                                    0x0000c22c   Section       78  rt_memclr_w.o(.text)
    .text                                    0x0000c27a   Section        0  heapauxi.o(.text)
    .text                                    0x0000c280   Section       74  sys_stackheap_outer.o(.text)
    .text                                    0x0000c2ca   Section        0  exit.o(.text)
    .text                                    0x0000c2dc   Section        8  libspace.o(.text)
    .text                                    0x0000c2e4   Section        0  sys_exit.o(.text)
    .text                                    0x0000c2f0   Section        2  use_no_semi.o(.text)
    .text                                    0x0000c2f2   Section        0  indicate_semi.o(.text)
    i.__NVIC_EnableIRQ                       0x0000c2f2   Section        0  pdm_fft.o(i.__NVIC_EnableIRQ)
    __NVIC_EnableIRQ                         0x0000c2f3   Thumb Code    34  pdm_fft.o(i.__NVIC_EnableIRQ)
    i.am_bsp_itm_printf_enable               0x0000c314   Section        0  am_bsp.o(i.am_bsp_itm_printf_enable)
    i.am_devices_led_array_init              0x0000c350   Section        0  am_devices_led.o(i.am_devices_led_array_init)
    i.am_devices_led_array_out               0x0000c374   Section        0  am_devices_led.o(i.am_devices_led_array_out)
    i.am_devices_led_init                    0x0000c3a8   Section        0  am_devices_led.o(i.am_devices_led_init)
    i.am_devices_led_off                     0x0000c408   Section        0  am_devices_led.o(i.am_devices_led_off)
    i.am_devices_led_on                      0x0000c450   Section        0  am_devices_led.o(i.am_devices_led_on)
    i.am_gpio_isr                            0x0000c494   Section        0  pdm_fft.o(i.am_gpio_isr)
    i.am_hal_cachectrl_config                0x0000c4c4   Section        0  am_hal_cachectrl.o(i.am_hal_cachectrl_config)
    i.am_hal_cachectrl_enable                0x0000c510   Section        0  am_hal_cachectrl.o(i.am_hal_cachectrl_enable)
    i.am_hal_clkgen_control                  0x0000c524   Section        0  am_hal_clkgen.o(i.am_hal_clkgen_control)
    i.am_hal_clkgen_status_get               0x0000c620   Section        0  am_hal_clkgen.o(i.am_hal_clkgen_status_get)
    i.am_hal_flash_delay                     0x0000c654   Section        0  am_hal_flash.o(i.am_hal_flash_delay)
    i.am_hal_gpio_interrupt_clear            0x0000c678   Section        0  am_hal_gpio.o(i.am_hal_gpio_interrupt_clear)
    i.am_hal_gpio_interrupt_enable           0x0000c6ac   Section        0  am_hal_gpio.o(i.am_hal_gpio_interrupt_enable)
    i.am_hal_gpio_interrupt_status_get       0x0000c6ec   Section        0  am_hal_gpio.o(i.am_hal_gpio_interrupt_status_get)
    i.am_hal_gpio_pinconfig                  0x0000c740   Section        0  am_hal_gpio.o(i.am_hal_gpio_pinconfig)
    i.am_hal_gpio_state_write                0x0000c9c0   Section        0  am_hal_gpio.o(i.am_hal_gpio_state_write)
    i.am_hal_itm_enable                      0x0000ca40   Section        0  am_hal_itm.o(i.am_hal_itm_enable)
    i.am_hal_itm_print                       0x0000ca88   Section        0  am_hal_itm.o(i.am_hal_itm_print)
    i.am_hal_mcuctrl_info_get                0x0000cab8   Section        0  am_hal_mcuctrl.o(i.am_hal_mcuctrl_info_get)
    i.am_hal_pdm_configure                   0x0000cbf0   Section        0  am_hal_pdm.o(i.am_hal_pdm_configure)
    i.am_hal_pdm_disable                     0x0000cd04   Section        0  am_hal_pdm.o(i.am_hal_pdm_disable)
    i.am_hal_pdm_dma_start                   0x0000cd3c   Section        0  am_hal_pdm.o(i.am_hal_pdm_dma_start)
    i.am_hal_pdm_enable                      0x0000cdd0   Section        0  am_hal_pdm.o(i.am_hal_pdm_enable)
    i.am_hal_pdm_fifo_flush                  0x0000ce08   Section        0  am_hal_pdm.o(i.am_hal_pdm_fifo_flush)
    i.am_hal_pdm_initialize                  0x0000ce34   Section        0  am_hal_pdm.o(i.am_hal_pdm_initialize)
    i.am_hal_pdm_interrupt_clear             0x0000ce74   Section        0  am_hal_pdm.o(i.am_hal_pdm_interrupt_clear)
    i.am_hal_pdm_interrupt_enable            0x0000cea0   Section        0  am_hal_pdm.o(i.am_hal_pdm_interrupt_enable)
    i.am_hal_pdm_interrupt_status_get        0x0000ced4   Section        0  am_hal_pdm.o(i.am_hal_pdm_interrupt_status_get)
    i.am_hal_pdm_power_control               0x0000cf14   Section        0  am_hal_pdm.o(i.am_hal_pdm_power_control)
    i.am_hal_pwrctrl_periph_disable          0x0000cf90   Section        0  am_hal_pwrctrl.o(i.am_hal_pwrctrl_periph_disable)
    i.am_hal_pwrctrl_periph_enable           0x0000cfe0   Section        0  am_hal_pwrctrl.o(i.am_hal_pwrctrl_periph_enable)
    i.am_hal_sysctrl_sleep                   0x0000d030   Section        0  am_hal_sysctrl.o(i.am_hal_sysctrl_sleep)
    i.am_hal_tpiu_enable                     0x0000d09c   Section        0  am_hal_tpiu.o(i.am_hal_tpiu_enable)
    i.am_pdm0_isr                            0x0000d12c   Section        0  pdm_fft.o(i.am_pdm0_isr)
    i.am_util_delay_ms                       0x0000d1c0   Section        0  am_util_delay.o(i.am_util_delay_ms)
    i.am_util_faultisr_collect_data          0x0000d1e0   Section        0  am_util_faultisr.o(i.am_util_faultisr_collect_data)
    i.am_util_stdio_printf                   0x0000d6c4   Section        0  am_util_stdio.o(i.am_util_stdio_printf)
    i.am_util_stdio_printf_init              0x0000d700   Section        0  am_util_stdio.o(i.am_util_stdio_printf_init)
    i.am_util_stdio_terminal_clear           0x0000d70c   Section        0  am_util_stdio.o(i.am_util_stdio_terminal_clear)
    i.am_util_stdio_vsprintf                 0x0000d72c   Section        0  am_util_stdio.o(i.am_util_stdio_vsprintf)
    i.decstr_to_int                          0x0000dae0   Section        0  am_util_stdio.o(i.decstr_to_int)
    decstr_to_int                            0x0000dae1   Thumb Code    66  am_util_stdio.o(i.decstr_to_int)
    i.divu64_10                              0x0000db22   Section        0  am_util_stdio.o(i.divu64_10)
    divu64_10                                0x0000db23   Thumb Code   204  am_util_stdio.o(i.divu64_10)
    i.ftoa                                   0x0000dbf0   Section        0  am_util_stdio.o(i.ftoa)
    ftoa                                     0x0000dbf1   Thumb Code   370  am_util_stdio.o(i.ftoa)
    i.main                                   0x0000dd68   Section        0  pdm_fft.o(i.main)
    i.ndigits_in_hex                         0x0000de48   Section        0  am_util_stdio.o(i.ndigits_in_hex)
    ndigits_in_hex                           0x0000de49   Thumb Code    52  am_util_stdio.o(i.ndigits_in_hex)
    i.ndigits_in_i64                         0x0000de7c   Section        0  am_util_stdio.o(i.ndigits_in_i64)
    ndigits_in_i64                           0x0000de7d   Thumb Code    36  am_util_stdio.o(i.ndigits_in_i64)
    i.ndigits_in_u64                         0x0000dea0   Section        0  am_util_stdio.o(i.ndigits_in_u64)
    ndigits_in_u64                           0x0000dea1   Thumb Code    58  am_util_stdio.o(i.ndigits_in_u64)
    i.padbuffer                              0x0000deda   Section        0  am_util_stdio.o(i.padbuffer)
    padbuffer                                0x0000dedb   Thumb Code    34  am_util_stdio.o(i.padbuffer)
    i.pdm_config_print                       0x0000defc   Section        0  pdm_fft.o(i.pdm_config_print)
    i.pdm_data_get                           0x0000dfe4   Section        0  pdm_fft.o(i.pdm_data_get)
    i.pdm_init                               0x0000e01c   Section        0  pdm_fft.o(i.pdm_init)
    i.simple_strlen                          0x0000e09c   Section        0  am_util_stdio.o(i.simple_strlen)
    simple_strlen                            0x0000e09d   Thumb Code    24  am_util_stdio.o(i.simple_strlen)
    i.uint64_to_hexstr                       0x0000e0b4   Section        0  am_util_stdio.o(i.uint64_to_hexstr)
    uint64_to_hexstr                         0x0000e0b5   Thumb Code   138  am_util_stdio.o(i.uint64_to_hexstr)
    i.uint64_to_str                          0x0000e13e   Section        0  am_util_stdio.o(i.uint64_to_str)
    uint64_to_str                            0x0000e13f   Thumb Code   112  am_util_stdio.o(i.uint64_to_str)
    x$fpl$d2f                                0x0000e1b0   Section       98  d2f.o(x$fpl$d2f)
    $v0                                      0x0000e1b0   Number         0  d2f.o(x$fpl$d2f)
    x$fpl$dnaninf                            0x0000e212   Section      156  dnaninf.o(x$fpl$dnaninf)
    $v0                                      0x0000e212   Number         0  dnaninf.o(x$fpl$dnaninf)
    x$fpl$fpinit                             0x0000e2ae   Section       10  fpinit.o(x$fpl$fpinit)
    $v0                                      0x0000e2ae   Number         0  fpinit.o(x$fpl$fpinit)
    x$fpl$fretinf                            0x0000e2b8   Section       10  fretinf.o(x$fpl$fretinf)
    $v0                                      0x0000e2b8   Number         0  fretinf.o(x$fpl$fretinf)
    .constdata                               0x0000e2c2   Section        3  am_hal_cachectrl.o(.constdata)
    x$fpl$usenofp                            0x0000e2c2   Section        0  usenofp.o(x$fpl$usenofp)
    .constdata                               0x0000e2c8   Section      354  am_hal_gpio.o(.constdata)
    g_ui8Inpen                               0x0000e2cc   Data          50  am_hal_gpio.o(.constdata)
    g_ui8Bit76Capabilities                   0x0000e2fe   Data          50  am_hal_gpio.o(.constdata)
    g_ui8nCEpins                             0x0000e330   Data          50  am_hal_gpio.o(.constdata)
    g_ui8NCEtable                            0x0000e362   Data         200  am_hal_gpio.o(.constdata)
    .constdata                               0x0000e42c   Section        4  am_hal_gpio.o(.constdata)
    .constdata                               0x0000e430   Section        4  am_hal_gpio.o(.constdata)
    .constdata                               0x0000e434   Section      128  am_hal_mcuctrl.o(.constdata)
    .constdata                               0x0000e4b4   Section        4  am_bsp_pins.o(.constdata)
    .constdata                               0x0000e4b8   Section      612  am_hal_pwrctrl.o(.constdata)
    .data                                    0x10000000   Section       64  pdm_fft.o(.data)
    .data                                    0x10000040   Section        5  am_util_stdio.o(.data)
    g_bTxtXlate                              0x10000044   Data           1  am_util_stdio.o(.data)
    .data                                    0x10000048   Section        4  am_hal_global.o(.data)
    .data                                    0x1000004c   Section       88  am_bsp.o(.data)
    g_ui32PrintInterface                     0x1000004c   Data           4  am_bsp.o(.data)
    g_sCOMUART                               0x10000050   Data           4  am_bsp.o(.data)
    g_sBspUartBufferedConfig                 0x1000007c   Data          40  am_bsp.o(.data)
    .data                                    0x100000a4   Section        4  am_hal_sysctrl.o(.data)
    g_ui32BusWriteFlush                      0x100000a4   Data           4  am_hal_sysctrl.o(.data)
    .data                                    0x100000a8   Section        4  am_hal_reset.o(.data)
    STACK                                    0x100000b0   Section     4096  startup_keil.o(STACK)
    StackMem                                 0x100000b0   Data           0  startup_keil.o(STACK)
    .bss                                     0x100010b0   Section    32000  pdm_fft.o(.bss)
    .bss                                     0x10008db0   Section      256  am_util_stdio.o(.bss)
    g_prfbuf                                 0x10008db0   Data         256  am_util_stdio.o(.bss)
    .bss                                     0x10008eb0   Section     1024  am_bsp.o(.bss)
    pui8UartTxBuffer                         0x10008eb0   Data        1024  am_bsp.o(.bss)
    .bss                                     0x100092b0   Section     1024  am_bsp.o(.bss)
    pui8UartRxBuffer                         0x100092b0   Data        1024  am_bsp.o(.bss)
    .bss                                     0x100096b0   Section       12  am_hal_pdm.o(.bss)
    .bss                                     0x100096bc   Section       96  libspace.o(.bss)
    HEAP                                     0x10009720   Section        0  startup_keil.o(HEAP)
    HeapMem                                  0x10009720   Data           0  startup_keil.o(HEAP)

    Global Symbols

    Symbol Name                              Value     Ov Type        Size  Object(Section)

    BuildAttributes$$THM_ISAv4$E$P$D$K$B$S$7EM$VFPi3$EXTD16$VFPS$VFMA$PE$A:L22UL41UL21$X:L11$S22US41US21$IEEE1$IW$USESV6$~STKCKD$USESV7$~SHL$OTIME$ROPI$EBA8$UX$STANDARDLIB$REQ8$PRES8$EABIv2 0x00000000   Number         0  anon$$obj.o ABSOLUTE
    __ARM_use_no_argv                        0x00000000   Number         0  pdm_fft.o ABSOLUTE
    __ARM_exceptions_init                     - Undefined Weak Reference
    __alloca_initialize                       - Undefined Weak Reference
    __arm_preinit_                            - Undefined Weak Reference
    __cpp_initialize__aeabi_                  - Undefined Weak Reference
    __cxa_finalize                            - Undefined Weak Reference
    __rt_locale                               - Undefined Weak Reference
    __sigvec_lookup                           - Undefined Weak Reference
    _atexit_init                              - Undefined Weak Reference
    _call_atexit_fns                          - Undefined Weak Reference
    _clock_init                               - Undefined Weak Reference
    _fp_trap_init                             - Undefined Weak Reference
    _fp_trap_shutdown                         - Undefined Weak Reference
    _get_lc_collate                           - Undefined Weak Reference
    _get_lc_ctype                             - Undefined Weak Reference
    _get_lc_monetary                          - Undefined Weak Reference
    _get_lc_numeric                           - Undefined Weak Reference
    _get_lc_time                              - Undefined Weak Reference
    _getenv_init                              - Undefined Weak Reference
    _handle_redirection                       - Undefined Weak Reference
    _init_alloc                               - Undefined Weak Reference
    _init_user_alloc                          - Undefined Weak Reference
    _initio                                   - Undefined Weak Reference
    _rand_init                                - Undefined Weak Reference
    _signal_finish                            - Undefined Weak Reference
    _signal_init                              - Undefined Weak Reference
    _terminate_alloc                          - Undefined Weak Reference
    _terminate_user_alloc                     - Undefined Weak Reference
    _terminateio                              - Undefined Weak Reference
    __Vectors                                0x0000c000   Data           0  startup_keil.o(RESET)
    __Patchable                              0x0000c0c0   Data           0  startup_keil.o(RESET)
    Reset_Handler                            0x0000c101   Thumb Code    28  startup_keil.o(RESET)
    NMI_Handler                              0x0000c11f   Thumb Code     2  startup_keil.o(RESET)
    MemManage_Handler                        0x0000c121   Thumb Code     2  startup_keil.o(RESET)
    BusFault_Handler                         0x0000c123   Thumb Code     2  startup_keil.o(RESET)
    UsageFault_Handler                       0x0000c125   Thumb Code     2  startup_keil.o(RESET)
    SecureFault_Handler                      0x0000c127   Thumb Code     2  startup_keil.o(RESET)
    SVC_Handler                              0x0000c129   Thumb Code     2  startup_keil.o(RESET)
    DebugMon_Handler                         0x0000c12b   Thumb Code     2  startup_keil.o(RESET)
    PendSV_Handler                           0x0000c12d   Thumb Code     2  startup_keil.o(RESET)
    SysTick_Handler                          0x0000c12f   Thumb Code     2  startup_keil.o(RESET)
    am_adc_isr                               0x0000c131   Thumb Code     0  startup_keil.o(RESET)
    am_ble_isr                               0x0000c131   Thumb Code     0  startup_keil.o(RESET)
    am_brownout_isr                          0x0000c131   Thumb Code     0  startup_keil.o(RESET)
    am_clkgen_isr                            0x0000c131   Thumb Code     0  startup_keil.o(RESET)
    am_ctimer_isr                            0x0000c131   Thumb Code     0  startup_keil.o(RESET)
    am_iomaster0_isr                         0x0000c131   Thumb Code     0  startup_keil.o(RESET)
    am_iomaster1_isr                         0x0000c131   Thumb Code     0  startup_keil.o(RESET)
    am_iomaster2_isr                         0x0000c131   Thumb Code     0  startup_keil.o(RESET)
    am_iomaster3_isr                         0x0000c131   Thumb Code     0  startup_keil.o(RESET)
    am_iomaster4_isr                         0x0000c131   Thumb Code     0  startup_keil.o(RESET)
    am_iomaster5_isr                         0x0000c131   Thumb Code     0  startup_keil.o(RESET)
    am_ioslave_acc_isr                       0x0000c131   Thumb Code     0  startup_keil.o(RESET)
    am_ioslave_ios_isr                       0x0000c131   Thumb Code     0  startup_keil.o(RESET)
    am_mspi0_isr                             0x0000c131   Thumb Code     0  startup_keil.o(RESET)
    am_rtc_isr                               0x0000c131   Thumb Code     0  startup_keil.o(RESET)
    am_scard_isr                             0x0000c131   Thumb Code     0  startup_keil.o(RESET)
    am_software0_isr                         0x0000c131   Thumb Code     0  startup_keil.o(RESET)
    am_stimer_cmpr0_isr                      0x0000c131   Thumb Code     0  startup_keil.o(RESET)
    am_stimer_cmpr1_isr                      0x0000c131   Thumb Code     0  startup_keil.o(RESET)
    am_stimer_cmpr2_isr                      0x0000c131   Thumb Code     0  startup_keil.o(RESET)
    am_stimer_cmpr3_isr                      0x0000c131   Thumb Code     0  startup_keil.o(RESET)
    am_stimer_cmpr4_isr                      0x0000c131   Thumb Code     0  startup_keil.o(RESET)
    am_stimer_cmpr5_isr                      0x0000c131   Thumb Code     0  startup_keil.o(RESET)
    am_stimer_cmpr6_isr                      0x0000c131   Thumb Code     0  startup_keil.o(RESET)
    am_stimer_cmpr7_isr                      0x0000c131   Thumb Code     0  startup_keil.o(RESET)
    am_stimer_isr                            0x0000c131   Thumb Code     0  startup_keil.o(RESET)
    am_uart0_isr                             0x0000c131   Thumb Code     0  startup_keil.o(RESET)
    am_uart1_isr                             0x0000c131   Thumb Code     0  startup_keil.o(RESET)
    am_uart_isr                              0x0000c131   Thumb Code     0  startup_keil.o(RESET)
    am_vcomp_isr                             0x0000c131   Thumb Code     0  startup_keil.o(RESET)
    am_watchdog_isr                          0x0000c131   Thumb Code     0  startup_keil.o(RESET)
    __main                                   0x0000c139   Thumb Code     8  __main.o(!!!main)
    __scatterload                            0x0000c141   Thumb Code     0  __scatter.o(!!!scatter)
    __scatterload_rt2                        0x0000c141   Thumb Code    44  __scatter.o(!!!scatter)
    __scatterload_rt2_thumb_only             0x0000c141   Thumb Code     0  __scatter.o(!!!scatter)
    __scatterload_null                       0x0000c14f   Thumb Code     0  __scatter.o(!!!scatter)
    __scatterload_copy                       0x0000c175   Thumb Code    26  __scatter_copy.o(!!handler_copy)
    __scatterload_zeroinit                   0x0000c191   Thumb Code    28  __scatter_zi.o(!!handler_zi)
    __rt_lib_init                            0x0000c1ad   Thumb Code     0  libinit.o(.ARM.Collect$$libinit$$00000000)
    __rt_lib_init_fp_1                       0x0000c1af   Thumb Code     0  libinit2.o(.ARM.Collect$$libinit$$00000001)
    __rt_lib_init_alloca_1                   0x0000c1b3   Thumb Code     0  libinit2.o(.ARM.Collect$$libinit$$0000002E)
    __rt_lib_init_argv_1                     0x0000c1b3   Thumb Code     0  libinit2.o(.ARM.Collect$$libinit$$0000002C)
    __rt_lib_init_atexit_1                   0x0000c1b3   Thumb Code     0  libinit2.o(.ARM.Collect$$libinit$$0000001B)
    __rt_lib_init_clock_1                    0x0000c1b3   Thumb Code     0  libinit2.o(.ARM.Collect$$libinit$$00000021)
    __rt_lib_init_cpp_1                      0x0000c1b3   Thumb Code     0  libinit2.o(.ARM.Collect$$libinit$$00000032)
    __rt_lib_init_exceptions_1               0x0000c1b3   Thumb Code     0  libinit2.o(.ARM.Collect$$libinit$$00000030)
    __rt_lib_init_fp_trap_1                  0x0000c1b3   Thumb Code     0  libinit2.o(.ARM.Collect$$libinit$$0000001F)
    __rt_lib_init_getenv_1                   0x0000c1b3   Thumb Code     0  libinit2.o(.ARM.Collect$$libinit$$00000023)
    __rt_lib_init_heap_1                     0x0000c1b3   Thumb Code     0  libinit2.o(.ARM.Collect$$libinit$$0000000A)
    __rt_lib_init_lc_collate_1               0x0000c1b3   Thumb Code     0  libinit2.o(.ARM.Collect$$libinit$$00000011)
    __rt_lib_init_lc_ctype_1                 0x0000c1b3   Thumb Code     0  libinit2.o(.ARM.Collect$$libinit$$00000013)
    __rt_lib_init_lc_monetary_1              0x0000c1b3   Thumb Code     0  libinit2.o(.ARM.Collect$$libinit$$00000015)
    __rt_lib_init_lc_numeric_1               0x0000c1b3   Thumb Code     0  libinit2.o(.ARM.Collect$$libinit$$00000017)
    __rt_lib_init_lc_time_1                  0x0000c1b3   Thumb Code     0  libinit2.o(.ARM.Collect$$libinit$$00000019)
    __rt_lib_init_preinit_1                  0x0000c1b3   Thumb Code     0  libinit2.o(.ARM.Collect$$libinit$$00000004)
    __rt_lib_init_rand_1                     0x0000c1b3   Thumb Code     0  libinit2.o(.ARM.Collect$$libinit$$0000000E)
    __rt_lib_init_return                     0x0000c1b3   Thumb Code     0  libinit2.o(.ARM.Collect$$libinit$$00000033)
    __rt_lib_init_signal_1                   0x0000c1b3   Thumb Code     0  libinit2.o(.ARM.Collect$$libinit$$0000001D)
    __rt_lib_init_stdio_1                    0x0000c1b3   Thumb Code     0  libinit2.o(.ARM.Collect$$libinit$$00000025)
    __rt_lib_init_user_alloc_1               0x0000c1b3   Thumb Code     0  libinit2.o(.ARM.Collect$$libinit$$0000000C)
    __rt_lib_shutdown                        0x0000c1b5   Thumb Code     0  libshutdown.o(.ARM.Collect$$libshutdown$$00000000)
    __rt_lib_shutdown_cpp_1                  0x0000c1b7   Thumb Code     0  libshutdown2.o(.ARM.Collect$$libshutdown$$00000002)
    __rt_lib_shutdown_fp_trap_1              0x0000c1b7   Thumb Code     0  libshutdown2.o(.ARM.Collect$$libshutdown$$00000007)
    __rt_lib_shutdown_heap_1                 0x0000c1b7   Thumb Code     0  libshutdown2.o(.ARM.Collect$$libshutdown$$0000000F)
    __rt_lib_shutdown_return                 0x0000c1b7   Thumb Code     0  libshutdown2.o(.ARM.Collect$$libshutdown$$00000010)
    __rt_lib_shutdown_signal_1               0x0000c1b7   Thumb Code     0  libshutdown2.o(.ARM.Collect$$libshutdown$$0000000A)
    __rt_lib_shutdown_stdio_1                0x0000c1b7   Thumb Code     0  libshutdown2.o(.ARM.Collect$$libshutdown$$00000004)
    __rt_lib_shutdown_user_alloc_1           0x0000c1b7   Thumb Code     0  libshutdown2.o(.ARM.Collect$$libshutdown$$0000000C)
    __rt_entry                               0x0000c1b9   Thumb Code     0  __rtentry.o(.ARM.Collect$$rtentry$$00000000)
    __rt_entry_presh_1                       0x0000c1b9   Thumb Code     0  __rtentry2.o(.ARM.Collect$$rtentry$$00000002)
    __rt_entry_sh                            0x0000c1b9   Thumb Code     0  __rtentry4.o(.ARM.Collect$$rtentry$$00000004)
    __rt_entry_li                            0x0000c1bf   Thumb Code     0  __rtentry2.o(.ARM.Collect$$rtentry$$0000000A)
    __rt_entry_postsh_1                      0x0000c1bf   Thumb Code     0  __rtentry2.o(.ARM.Collect$$rtentry$$00000009)
    __rt_entry_main                          0x0000c1c3   Thumb Code     0  __rtentry2.o(.ARM.Collect$$rtentry$$0000000D)
    __rt_entry_postli_1                      0x0000c1c3   Thumb Code     0  __rtentry2.o(.ARM.Collect$$rtentry$$0000000C)
    __rt_exit                                0x0000c1cb   Thumb Code     0  rtexit.o(.ARM.Collect$$rtexit$$00000000)
    __rt_exit_ls                             0x0000c1cd   Thumb Code     0  rtexit2.o(.ARM.Collect$$rtexit$$00000003)
    __rt_exit_prels_1                        0x0000c1cd   Thumb Code     0  rtexit2.o(.ARM.Collect$$rtexit$$00000002)
    __rt_exit_exit                           0x0000c1d1   Thumb Code     0  rtexit2.o(.ARM.Collect$$rtexit$$00000004)
    HardFault_Handler                        0x0000c1d9   Thumb Code    26  am_util_faultisr.o(.emb_text)
    getStackedReg                            0x0000c1f3   Thumb Code     8  am_util_faultisr.o(.emb_text)
    am_hal_interrupt_master_enable           0x0000c1fd   Thumb Code     8  am_hal_interrupt.o(.emb_text)
    am_hal_interrupt_master_disable          0x0000c205   Thumb Code     8  am_hal_interrupt.o(.emb_text)
    am_hal_interrupt_master_set              0x0000c20d   Thumb Code     6  am_hal_interrupt.o(.emb_text)
    __user_initial_stackheap                 0x0000c215   Thumb Code    10  startup_keil.o(.text)
    __aeabi_memclr4                          0x0000c22d   Thumb Code     0  rt_memclr_w.o(.text)
    __aeabi_memclr8                          0x0000c22d   Thumb Code     0  rt_memclr_w.o(.text)
    __rt_memclr_w                            0x0000c22d   Thumb Code    78  rt_memclr_w.o(.text)
    _memset_w                                0x0000c231   Thumb Code     0  rt_memclr_w.o(.text)
    __use_two_region_memory                  0x0000c27b   Thumb Code     2  heapauxi.o(.text)
    __rt_heap_escrow$2region                 0x0000c27d   Thumb Code     2  heapauxi.o(.text)
    __rt_heap_expand$2region                 0x0000c27f   Thumb Code     2  heapauxi.o(.text)
    __user_setup_stackheap                   0x0000c281   Thumb Code    74  sys_stackheap_outer.o(.text)
    exit                                     0x0000c2cb   Thumb Code    18  exit.o(.text)
    __user_libspace                          0x0000c2dd   Thumb Code     8  libspace.o(.text)
    __user_perproc_libspace                  0x0000c2dd   Thumb Code     0  libspace.o(.text)
    __user_perthread_libspace                0x0000c2dd   Thumb Code     0  libspace.o(.text)
    _sys_exit                                0x0000c2e5   Thumb Code     8  sys_exit.o(.text)
    __I$use$semihosting                      0x0000c2f1   Thumb Code     0  use_no_semi.o(.text)
    __use_no_semihosting_swi                 0x0000c2f1   Thumb Code     2  use_no_semi.o(.text)
    __semihosting_library_function           0x0000c2f3   Thumb Code     0  indicate_semi.o(.text)
    am_bsp_itm_printf_enable                 0x0000c315   Thumb Code    44  am_bsp.o(i.am_bsp_itm_printf_enable)
    am_devices_led_array_init                0x0000c351   Thumb Code    36  am_devices_led.o(i.am_devices_led_array_init)
    am_devices_led_array_out                 0x0000c375   Thumb Code    50  am_devices_led.o(i.am_devices_led_array_out)
    am_devices_led_init                      0x0000c3a9   Thumb Code    88  am_devices_led.o(i.am_devices_led_init)
    am_devices_led_off                       0x0000c409   Thumb Code    72  am_devices_led.o(i.am_devices_led_off)
    am_devices_led_on                        0x0000c451   Thumb Code    68  am_devices_led.o(i.am_devices_led_on)
    am_gpio_isr                              0x0000c495   Thumb Code    22  pdm_fft.o(i.am_gpio_isr)
    am_hal_cachectrl_config                  0x0000c4c5   Thumb Code    70  am_hal_cachectrl.o(i.am_hal_cachectrl_config)
    am_hal_cachectrl_enable                  0x0000c511   Thumb Code    14  am_hal_cachectrl.o(i.am_hal_cachectrl_enable)
    am_hal_clkgen_control                    0x0000c525   Thumb Code   236  am_hal_clkgen.o(i.am_hal_clkgen_control)
    am_hal_clkgen_status_get                 0x0000c621   Thumb Code    44  am_hal_clkgen.o(i.am_hal_clkgen_status_get)
    am_hal_flash_delay                       0x0000c655   Thumb Code    30  am_hal_flash.o(i.am_hal_flash_delay)
    am_hal_gpio_interrupt_clear              0x0000c679   Thumb Code    46  am_hal_gpio.o(i.am_hal_gpio_interrupt_clear)
    am_hal_gpio_interrupt_enable             0x0000c6ad   Thumb Code    58  am_hal_gpio.o(i.am_hal_gpio_interrupt_enable)
    am_hal_gpio_interrupt_status_get         0x0000c6ed   Thumb Code    80  am_hal_gpio.o(i.am_hal_gpio_interrupt_status_get)
    am_hal_gpio_pinconfig                    0x0000c741   Thumb Code   586  am_hal_gpio.o(i.am_hal_gpio_pinconfig)
    am_hal_gpio_state_write                  0x0000c9c1   Thumb Code   128  am_hal_gpio.o(i.am_hal_gpio_state_write)
    am_hal_itm_enable                        0x0000ca41   Thumb Code    44  am_hal_itm.o(i.am_hal_itm_enable)
    am_hal_itm_print                         0x0000ca89   Thumb Code    48  am_hal_itm.o(i.am_hal_itm_print)
    am_hal_mcuctrl_info_get                  0x0000cab9   Thumb Code   278  am_hal_mcuctrl.o(i.am_hal_mcuctrl_info_get)
    am_hal_pdm_configure                     0x0000cbf1   Thumb Code   262  am_hal_pdm.o(i.am_hal_pdm_configure)
    am_hal_pdm_disable                       0x0000cd05   Thumb Code    48  am_hal_pdm.o(i.am_hal_pdm_disable)
    am_hal_pdm_dma_start                     0x0000cd3d   Thumb Code   138  am_hal_pdm.o(i.am_hal_pdm_dma_start)
    am_hal_pdm_enable                        0x0000cdd1   Thumb Code    48  am_hal_pdm.o(i.am_hal_pdm_enable)
    am_hal_pdm_fifo_flush                    0x0000ce09   Thumb Code    36  am_hal_pdm.o(i.am_hal_pdm_fifo_flush)
    am_hal_pdm_initialize                    0x0000ce35   Thumb Code    56  am_hal_pdm.o(i.am_hal_pdm_initialize)
    am_hal_pdm_interrupt_clear               0x0000ce75   Thumb Code    36  am_hal_pdm.o(i.am_hal_pdm_interrupt_clear)
    am_hal_pdm_interrupt_enable              0x0000cea1   Thumb Code    42  am_hal_pdm.o(i.am_hal_pdm_interrupt_enable)
    am_hal_pdm_interrupt_status_get          0x0000ced5   Thumb Code    56  am_hal_pdm.o(i.am_hal_pdm_interrupt_status_get)
    am_hal_pdm_power_control                 0x0000cf15   Thumb Code   120  am_hal_pdm.o(i.am_hal_pdm_power_control)
    am_hal_pwrctrl_periph_disable            0x0000cf91   Thumb Code    70  am_hal_pwrctrl.o(i.am_hal_pwrctrl_periph_disable)
    am_hal_pwrctrl_periph_enable             0x0000cfe1   Thumb Code    72  am_hal_pwrctrl.o(i.am_hal_pwrctrl_periph_enable)
    am_hal_sysctrl_sleep                     0x0000d031   Thumb Code    82  am_hal_sysctrl.o(i.am_hal_sysctrl_sleep)
    am_hal_tpiu_enable                       0x0000d09d   Thumb Code   122  am_hal_tpiu.o(i.am_hal_tpiu_enable)
    am_pdm0_isr                              0x0000d12d   Thumb Code    74  pdm_fft.o(i.am_pdm0_isr)
    am_util_delay_ms                         0x0000d1c1   Thumb Code    32  am_util_delay.o(i.am_util_delay_ms)
    am_util_faultisr_collect_data            0x0000d1e1   Thumb Code   470  am_util_faultisr.o(i.am_util_faultisr_collect_data)
    am_util_stdio_printf                     0x0000d6c5   Thumb Code    50  am_util_stdio.o(i.am_util_stdio_printf)
    am_util_stdio_printf_init                0x0000d701   Thumb Code     6  am_util_stdio.o(i.am_util_stdio_printf_init)
    am_util_stdio_terminal_clear             0x0000d70d   Thumb Code    10  am_util_stdio.o(i.am_util_stdio_terminal_clear)
    am_util_stdio_vsprintf                   0x0000d72d   Thumb Code   932  am_util_stdio.o(i.am_util_stdio_vsprintf)
    main                                     0x0000dd69   Thumb Code   186  pdm_fft.o(i.main)
    pdm_config_print                         0x0000defd   Thumb Code    92  pdm_fft.o(i.pdm_config_print)
    pdm_data_get                             0x0000dfe5   Thumb Code    46  pdm_fft.o(i.pdm_data_get)
    pdm_init                                 0x0000e01d   Thumb Code   116  pdm_fft.o(i.pdm_init)
    __aeabi_d2f                              0x0000e1b1   Thumb Code     0  d2f.o(x$fpl$d2f)
    _d2f                                     0x0000e1b1   Thumb Code    98  d2f.o(x$fpl$d2f)
    __fpl_dnaninf                            0x0000e213   Thumb Code   156  dnaninf.o(x$fpl$dnaninf)
    _fp_init                                 0x0000e2af   Thumb Code    10  fpinit.o(x$fpl$fpinit)
    __fplib_config_fpu_vfp                   0x0000e2b7   Thumb Code     0  fpinit.o(x$fpl$fpinit)
    __fplib_config_pureend_doubles           0x0000e2b7   Thumb Code     0  fpinit.o(x$fpl$fpinit)
    __fpl_fretinf                            0x0000e2b9   Thumb Code    10  fretinf.o(x$fpl$fretinf)
    __I$use$fp                               0x0000e2c2   Number         0  usenofp.o(x$fpl$usenofp)
    am_hal_cachectrl_defaults                0x0000e2c2   Data           3  am_hal_cachectrl.o(.constdata)
    g_AM_HAL_GPIO_DISABLE                    0x0000e2c8   Data           4  am_hal_gpio.o(.constdata)
    g_AM_HAL_GPIO_TRISTATE                   0x0000e42c   Data           4  am_hal_gpio.o(.constdata)
    g_AM_HAL_GPIO_OUTPUT                     0x0000e430   Data           4  am_hal_gpio.o(.constdata)
    g_am_hal_mcuctrl_flash_size              0x0000e434   Data          64  am_hal_mcuctrl.o(.constdata)
    g_am_hal_mcuctrl_sram_size               0x0000e474   Data          64  am_hal_mcuctrl.o(.constdata)
    g_AM_BSP_GPIO_ITM_SWO                    0x0000e4b4   Data           4  am_bsp_pins.o(.constdata)
    am_hal_pwrctrl_peripheral_control        0x0000e4b8   Data         180  am_hal_pwrctrl.o(.constdata)
    am_hal_pwrctrl_memory_control            0x0000e56c   Data         432  am_hal_pwrctrl.o(.constdata)
    Region$$Table$$Base                      0x0000e71c   Number         0  anon$$obj.o(Region$$Table)
    Region$$Table$$Limit                     0x0000e73c   Number         0  anon$$obj.o(Region$$Table)
    value_led                                0x10000000   Data           4  pdm_fft.o(.data)
    counter                                  0x10000004   Data           4  pdm_fft.o(.data)
    g_bPDMDataReady                          0x10000008   Data           1  pdm_fft.o(.data)
    g_sTimer3                                0x1000000c   Data          12  pdm_fft.o(.data)
    PDMHandle                                0x10000018   Data           4  pdm_fft.o(.data)
    GPIOHandle                               0x1000001c   Data           4  pdm_fft.o(.data)
    g_sPdmConfig                             0x10000020   Data          32  pdm_fft.o(.data)
    g_pfnCharPrint                           0x10000040   Data           4  am_util_stdio.o(.data)
    g_ui32HALflags                           0x10000048   Data           4  am_hal_global.o(.data)
    am_bsp_psLEDs                            0x10000054   Data          40  am_bsp.o(.data)
    gAmHalResetStatus                        0x100000a8   Data           4  am_hal_reset.o(.data)
    g_ui32PDMDataBuffer                      0x100010b0   Data       32000  pdm_fft.o(.bss)
    g_am_hal_pdm_states                      0x100096b0   Data          12  am_hal_pdm.o(.bss)
    __libspace_start                         0x100096bc   Data          96  libspace.o(.bss)
    __temporary_stack_top$libspace           0x1000971c   Data           0  libspace.o(.bss)



==============================================================================

Memory Map of the image

  Image Entry point : 0x0000c139

  Load Region LR_1 (Base: 0x0000c000, Size: 0x000027e8, Max: 0xffffffff, ABSOLUTE)

    Execution Region FLASH (Exec base: 0x0000c000, Load base: 0x0000c000, Size: 0x0000273c, Max: 0x000f0000, ABSOLUTE)

    Exec Addr    Load Addr    Size         Type   Attr      Idx    E Section Name        Object

    0x0000c000   0x0000c000   0x00000138   Code   RO          484    RESET               startup_keil.o
    0x0000c138   0x0000c138   0x00000008   Code   RO         1234  * !!!main             c_w.l(__main.o)
    0x0000c140   0x0000c140   0x00000034   Code   RO         1398    !!!scatter          c_w.l(__scatter.o)
    0x0000c174   0x0000c174   0x0000001a   Code   RO         1400    !!handler_copy      c_w.l(__scatter_copy.o)
    0x0000c18e   0x0000c18e   0x00000002   PAD
    0x0000c190   0x0000c190   0x0000001c   Code   RO         1402    !!handler_zi        c_w.l(__scatter_zi.o)
    0x0000c1ac   0x0000c1ac   0x00000002   Code   RO         1268    .ARM.Collect$$libinit$$00000000  c_w.l(libinit.o)
    0x0000c1ae   0x0000c1ae   0x00000004   Code   RO         1274    .ARM.Collect$$libinit$$00000001  c_w.l(libinit2.o)
    0x0000c1b2   0x0000c1b2   0x00000000   Code   RO         1277    .ARM.Collect$$libinit$$00000004  c_w.l(libinit2.o)
    0x0000c1b2   0x0000c1b2   0x00000000   Code   RO         1280    .ARM.Collect$$libinit$$0000000A  c_w.l(libinit2.o)
    0x0000c1b2   0x0000c1b2   0x00000000   Code   RO         1282    .ARM.Collect$$libinit$$0000000C  c_w.l(libinit2.o)
    0x0000c1b2   0x0000c1b2   0x00000000   Code   RO         1284    .ARM.Collect$$libinit$$0000000E  c_w.l(libinit2.o)
    0x0000c1b2   0x0000c1b2   0x00000000   Code   RO         1287    .ARM.Collect$$libinit$$00000011  c_w.l(libinit2.o)
    0x0000c1b2   0x0000c1b2   0x00000000   Code   RO         1289    .ARM.Collect$$libinit$$00000013  c_w.l(libinit2.o)
    0x0000c1b2   0x0000c1b2   0x00000000   Code   RO         1291    .ARM.Collect$$libinit$$00000015  c_w.l(libinit2.o)
    0x0000c1b2   0x0000c1b2   0x00000000   Code   RO         1293    .ARM.Collect$$libinit$$00000017  c_w.l(libinit2.o)
    0x0000c1b2   0x0000c1b2   0x00000000   Code   RO         1295    .ARM.Collect$$libinit$$00000019  c_w.l(libinit2.o)
    0x0000c1b2   0x0000c1b2   0x00000000   Code   RO         1297    .ARM.Collect$$libinit$$0000001B  c_w.l(libinit2.o)
    0x0000c1b2   0x0000c1b2   0x00000000   Code   RO         1299    .ARM.Collect$$libinit$$0000001D  c_w.l(libinit2.o)
    0x0000c1b2   0x0000c1b2   0x00000000   Code   RO         1301    .ARM.Collect$$libinit$$0000001F  c_w.l(libinit2.o)
    0x0000c1b2   0x0000c1b2   0x00000000   Code   RO         1303    .ARM.Collect$$libinit$$00000021  c_w.l(libinit2.o)
    0x0000c1b2   0x0000c1b2   0x00000000   Code   RO         1305    .ARM.Collect$$libinit$$00000023  c_w.l(libinit2.o)
    0x0000c1b2   0x0000c1b2   0x00000000   Code   RO         1307    .ARM.Collect$$libinit$$00000025  c_w.l(libinit2.o)
    0x0000c1b2   0x0000c1b2   0x00000000   Code   RO         1311    .ARM.Collect$$libinit$$0000002C  c_w.l(libinit2.o)
    0x0000c1b2   0x0000c1b2   0x00000000   Code   RO         1313    .ARM.Collect$$libinit$$0000002E  c_w.l(libinit2.o)
    0x0000c1b2   0x0000c1b2   0x00000000   Code   RO         1315    .ARM.Collect$$libinit$$00000030  c_w.l(libinit2.o)
    0x0000c1b2   0x0000c1b2   0x00000000   Code   RO         1317    .ARM.Collect$$libinit$$00000032  c_w.l(libinit2.o)
    0x0000c1b2   0x0000c1b2   0x00000002   Code   RO         1318    .ARM.Collect$$libinit$$00000033  c_w.l(libinit2.o)
    0x0000c1b4   0x0000c1b4   0x00000002   Code   RO         1338    .ARM.Collect$$libshutdown$$00000000  c_w.l(libshutdown.o)
    0x0000c1b6   0x0000c1b6   0x00000000   Code   RO         1351    .ARM.Collect$$libshutdown$$00000002  c_w.l(libshutdown2.o)
    0x0000c1b6   0x0000c1b6   0x00000000   Code   RO         1353    .ARM.Collect$$libshutdown$$00000004  c_w.l(libshutdown2.o)
    0x0000c1b6   0x0000c1b6   0x00000000   Code   RO         1356    .ARM.Collect$$libshutdown$$00000007  c_w.l(libshutdown2.o)
    0x0000c1b6   0x0000c1b6   0x00000000   Code   RO         1359    .ARM.Collect$$libshutdown$$0000000A  c_w.l(libshutdown2.o)
    0x0000c1b6   0x0000c1b6   0x00000000   Code   RO         1361    .ARM.Collect$$libshutdown$$0000000C  c_w.l(libshutdown2.o)
    0x0000c1b6   0x0000c1b6   0x00000000   Code   RO         1364    .ARM.Collect$$libshutdown$$0000000F  c_w.l(libshutdown2.o)
    0x0000c1b6   0x0000c1b6   0x00000002   Code   RO         1365    .ARM.Collect$$libshutdown$$00000010  c_w.l(libshutdown2.o)
    0x0000c1b8   0x0000c1b8   0x00000000   Code   RO         1238    .ARM.Collect$$rtentry$$00000000  c_w.l(__rtentry.o)
    0x0000c1b8   0x0000c1b8   0x00000000   Code   RO         1245    .ARM.Collect$$rtentry$$00000002  c_w.l(__rtentry2.o)
    0x0000c1b8   0x0000c1b8   0x00000006   Code   RO         1257    .ARM.Collect$$rtentry$$00000004  c_w.l(__rtentry4.o)
    0x0000c1be   0x0000c1be   0x00000000   Code   RO         1247    .ARM.Collect$$rtentry$$00000009  c_w.l(__rtentry2.o)
    0x0000c1be   0x0000c1be   0x00000004   Code   RO         1248    .ARM.Collect$$rtentry$$0000000A  c_w.l(__rtentry2.o)
    0x0000c1c2   0x0000c1c2   0x00000000   Code   RO         1250    .ARM.Collect$$rtentry$$0000000C  c_w.l(__rtentry2.o)
    0x0000c1c2   0x0000c1c2   0x00000008   Code   RO         1251    .ARM.Collect$$rtentry$$0000000D  c_w.l(__rtentry2.o)
    0x0000c1ca   0x0000c1ca   0x00000002   Code   RO         1272    .ARM.Collect$$rtexit$$00000000  c_w.l(rtexit.o)
    0x0000c1cc   0x0000c1cc   0x00000000   Code   RO         1320    .ARM.Collect$$rtexit$$00000002  c_w.l(rtexit2.o)
    0x0000c1cc   0x0000c1cc   0x00000004   Code   RO         1321    .ARM.Collect$$rtexit$$00000003  c_w.l(rtexit2.o)
    0x0000c1d0   0x0000c1d0   0x00000006   Code   RO         1322    .ARM.Collect$$rtexit$$00000004  c_w.l(rtexit2.o)
    0x0000c1d6   0x0000c1d6   0x00000002   PAD
    0x0000c1d8   0x0000c1d8   0x00000022   Code   RO          355    .emb_text           am_util_faultisr.o
    0x0000c1fa   0x0000c1fa   0x00000002   PAD
    0x0000c1fc   0x0000c1fc   0x00000016   Code   RO          879    .emb_text           libam_hal.lib(am_hal_interrupt.o)
    0x0000c212   0x0000c212   0x00000002   PAD
    0x0000c214   0x0000c214   0x00000018   Code   RO          485    .text               startup_keil.o
    0x0000c22c   0x0000c22c   0x0000004e   Code   RO         1230    .text               c_w.l(rt_memclr_w.o)
    0x0000c27a   0x0000c27a   0x00000006   Code   RO         1232    .text               c_w.l(heapauxi.o)
    0x0000c280   0x0000c280   0x0000004a   Code   RO         1259    .text               c_w.l(sys_stackheap_outer.o)
    0x0000c2ca   0x0000c2ca   0x00000012   Code   RO         1261    .text               c_w.l(exit.o)
    0x0000c2dc   0x0000c2dc   0x00000008   Code   RO         1269    .text               c_w.l(libspace.o)
    0x0000c2e4   0x0000c2e4   0x0000000c   Code   RO         1330    .text               c_w.l(sys_exit.o)
    0x0000c2f0   0x0000c2f0   0x00000002   Code   RO         1341    .text               c_w.l(use_no_semi.o)
    0x0000c2f2   0x0000c2f2   0x00000000   Code   RO         1343    .text               c_w.l(indicate_semi.o)
    0x0000c2f2   0x0000c2f2   0x00000022   Code   RO            4    i.__NVIC_EnableIRQ  pdm_fft.o
    0x0000c314   0x0000c314   0x0000003c   Code   RO          628    i.am_bsp_itm_printf_enable  libam_bsp.lib(am_bsp.o)
    0x0000c350   0x0000c350   0x00000024   Code   RO          496    i.am_devices_led_array_init  am_devices_led.o
    0x0000c374   0x0000c374   0x00000032   Code   RO          497    i.am_devices_led_array_out  am_devices_led.o
    0x0000c3a6   0x0000c3a6   0x00000002   PAD
    0x0000c3a8   0x0000c3a8   0x00000060   Code   RO          499    i.am_devices_led_init  am_devices_led.o
    0x0000c408   0x0000c408   0x00000048   Code   RO          500    i.am_devices_led_off  am_devices_led.o
    0x0000c450   0x0000c450   0x00000044   Code   RO          501    i.am_devices_led_on  am_devices_led.o
    0x0000c494   0x0000c494   0x00000030   Code   RO            5    i.am_gpio_isr       pdm_fft.o
    0x0000c4c4   0x0000c4c4   0x0000004c   Code   RO          664    i.am_hal_cachectrl_config  libam_hal.lib(am_hal_cachectrl.o)
    0x0000c510   0x0000c510   0x00000014   Code   RO          667    i.am_hal_cachectrl_enable  libam_hal.lib(am_hal_cachectrl.o)
    0x0000c524   0x0000c524   0x000000fc   Code   RO          682    i.am_hal_clkgen_control  libam_hal.lib(am_hal_clkgen.o)
    0x0000c620   0x0000c620   0x00000034   Code   RO          688    i.am_hal_clkgen_status_get  libam_hal.lib(am_hal_clkgen.o)
    0x0000c654   0x0000c654   0x00000024   Code   RO          768    i.am_hal_flash_delay  libam_hal.lib(am_hal_flash.o)
    0x0000c678   0x0000c678   0x00000034   Code   RO          838    i.am_hal_gpio_interrupt_clear  libam_hal.lib(am_hal_gpio.o)
    0x0000c6ac   0x0000c6ac   0x00000040   Code   RO          840    i.am_hal_gpio_interrupt_enable  libam_hal.lib(am_hal_gpio.o)
    0x0000c6ec   0x0000c6ec   0x00000054   Code   RO          844    i.am_hal_gpio_interrupt_status_get  libam_hal.lib(am_hal_gpio.o)
    0x0000c740   0x0000c740   0x00000280   Code   RO          845    i.am_hal_gpio_pinconfig  libam_hal.lib(am_hal_gpio.o)
    0x0000c9c0   0x0000c9c0   0x00000080   Code   RO          847    i.am_hal_gpio_state_write  libam_hal.lib(am_hal_gpio.o)
    0x0000ca40   0x0000ca40   0x00000048   Code   RO         1043    i.am_hal_itm_enable  libam_hal.lib(am_hal_itm.o)
    0x0000ca88   0x0000ca88   0x00000030   Code   RO         1045    i.am_hal_itm_print  libam_hal.lib(am_hal_itm.o)
    0x0000cab8   0x0000cab8   0x00000138   Code   RO          888    i.am_hal_mcuctrl_info_get  libam_hal.lib(am_hal_mcuctrl.o)
    0x0000cbf0   0x0000cbf0   0x00000114   Code   RO          900    i.am_hal_pdm_configure  libam_hal.lib(am_hal_pdm.o)
    0x0000cd04   0x0000cd04   0x00000038   Code   RO          902    i.am_hal_pdm_disable  libam_hal.lib(am_hal_pdm.o)
    0x0000cd3c   0x0000cd3c   0x00000094   Code   RO          903    i.am_hal_pdm_dma_start  libam_hal.lib(am_hal_pdm.o)
    0x0000cdd0   0x0000cdd0   0x00000038   Code   RO          904    i.am_hal_pdm_enable  libam_hal.lib(am_hal_pdm.o)
    0x0000ce08   0x0000ce08   0x0000002c   Code   RO          905    i.am_hal_pdm_fifo_flush  libam_hal.lib(am_hal_pdm.o)
    0x0000ce34   0x0000ce34   0x00000040   Code   RO          908    i.am_hal_pdm_initialize  libam_hal.lib(am_hal_pdm.o)
    0x0000ce74   0x0000ce74   0x0000002c   Code   RO          909    i.am_hal_pdm_interrupt_clear  libam_hal.lib(am_hal_pdm.o)
    0x0000cea0   0x0000cea0   0x00000034   Code   RO          911    i.am_hal_pdm_interrupt_enable  libam_hal.lib(am_hal_pdm.o)
    0x0000ced4   0x0000ced4   0x00000040   Code   RO          912    i.am_hal_pdm_interrupt_status_get  libam_hal.lib(am_hal_pdm.o)
    0x0000cf14   0x0000cf14   0x0000007c   Code   RO          913    i.am_hal_pdm_power_control  libam_hal.lib(am_hal_pdm.o)
    0x0000cf90   0x0000cf90   0x00000050   Code   RO         1077    i.am_hal_pwrctrl_periph_disable  libam_hal.lib(am_hal_pwrctrl.o)
    0x0000cfe0   0x0000cfe0   0x00000050   Code   RO         1078    i.am_hal_pwrctrl_periph_enable  libam_hal.lib(am_hal_pwrctrl.o)
    0x0000d030   0x0000d030   0x0000006c   Code   RO          940    i.am_hal_sysctrl_sleep  libam_hal.lib(am_hal_sysctrl.o)
    0x0000d09c   0x0000d09c   0x00000090   Code   RO         1156    i.am_hal_tpiu_enable  libam_hal.lib(am_hal_tpiu.o)
    0x0000d12c   0x0000d12c   0x00000094   Code   RO            6    i.am_pdm0_isr       pdm_fft.o
    0x0000d1c0   0x0000d1c0   0x00000020   Code   RO          307    i.am_util_delay_ms  am_util_delay.o
    0x0000d1e0   0x0000d1e0   0x000004e4   Code   RO          356    i.am_util_faultisr_collect_data  am_util_faultisr.o
    0x0000d6c4   0x0000d6c4   0x0000003c   Code   RO          380    i.am_util_stdio_printf  am_util_stdio.o
    0x0000d700   0x0000d700   0x0000000c   Code   RO          381    i.am_util_stdio_printf_init  am_util_stdio.o
    0x0000d70c   0x0000d70c   0x00000020   Code   RO          384    i.am_util_stdio_terminal_clear  am_util_stdio.o
    0x0000d72c   0x0000d72c   0x000003b4   Code   RO          386    i.am_util_stdio_vsprintf  am_util_stdio.o
    0x0000dae0   0x0000dae0   0x00000042   Code   RO          387    i.decstr_to_int     am_util_stdio.o
    0x0000db22   0x0000db22   0x000000cc   Code   RO          388    i.divu64_10         am_util_stdio.o
    0x0000dbee   0x0000dbee   0x00000002   PAD
    0x0000dbf0   0x0000dbf0   0x00000178   Code   RO          389    i.ftoa              am_util_stdio.o
    0x0000dd68   0x0000dd68   0x000000e0   Code   RO            7    i.main              pdm_fft.o
    0x0000de48   0x0000de48   0x00000034   Code   RO          390    i.ndigits_in_hex    am_util_stdio.o
    0x0000de7c   0x0000de7c   0x00000024   Code   RO          391    i.ndigits_in_i64    am_util_stdio.o
    0x0000dea0   0x0000dea0   0x0000003a   Code   RO          392    i.ndigits_in_u64    am_util_stdio.o
    0x0000deda   0x0000deda   0x00000022   Code   RO          393    i.padbuffer         am_util_stdio.o
    0x0000defc   0x0000defc   0x000000e8   Code   RO            8    i.pdm_config_print  pdm_fft.o
    0x0000dfe4   0x0000dfe4   0x00000038   Code   RO            9    i.pdm_data_get      pdm_fft.o
    0x0000e01c   0x0000e01c   0x00000080   Code   RO           10    i.pdm_init          pdm_fft.o
    0x0000e09c   0x0000e09c   0x00000018   Code   RO          394    i.simple_strlen     am_util_stdio.o
    0x0000e0b4   0x0000e0b4   0x0000008a   Code   RO          395    i.uint64_to_hexstr  am_util_stdio.o
    0x0000e13e   0x0000e13e   0x00000070   Code   RO          396    i.uint64_to_str     am_util_stdio.o
    0x0000e1ae   0x0000e1ae   0x00000002   PAD
    0x0000e1b0   0x0000e1b0   0x00000062   Code   RO         1236    x$fpl$d2f           fz_wm.l(d2f.o)
    0x0000e212   0x0000e212   0x0000009c   Code   RO         1239    x$fpl$dnaninf       fz_wm.l(dnaninf.o)
    0x0000e2ae   0x0000e2ae   0x0000000a   Code   RO         1328    x$fpl$fpinit        fz_wm.l(fpinit.o)
    0x0000e2b8   0x0000e2b8   0x0000000a   Code   RO         1241    x$fpl$fretinf       fz_wm.l(fretinf.o)
    0x0000e2c2   0x0000e2c2   0x00000000   Code   RO         1243    x$fpl$usenofp       fz_wm.l(usenofp.o)
    0x0000e2c2   0x0000e2c2   0x00000003   Data   RO          669    .constdata          libam_hal.lib(am_hal_cachectrl.o)
    0x0000e2c5   0x0000e2c5   0x00000003   PAD
    0x0000e2c8   0x0000e2c8   0x00000162   Data   RO          849    .constdata          libam_hal.lib(am_hal_gpio.o)
    0x0000e42a   0x0000e42a   0x00000002   PAD
    0x0000e42c   0x0000e42c   0x00000004   Data   RO          850    .constdata          libam_hal.lib(am_hal_gpio.o)
    0x0000e430   0x0000e430   0x00000004   Data   RO          857    .constdata          libam_hal.lib(am_hal_gpio.o)
    0x0000e434   0x0000e434   0x00000080   Data   RO          890    .constdata          libam_hal.lib(am_hal_mcuctrl.o)
    0x0000e4b4   0x0000e4b4   0x00000004   Data   RO         1024    .constdata          libam_bsp.lib(am_bsp_pins.o)
    0x0000e4b8   0x0000e4b8   0x00000264   Data   RO         1080    .constdata          libam_hal.lib(am_hal_pwrctrl.o)
    0x0000e71c   0x0000e71c   0x00000020   Data   RO         1396    Region$$Table       anon$$obj.o


    Execution Region SRAM (Exec base: 0x10000000, Load base: 0x0000e73c, Size: 0x00009720, Max: 0x00060000, ABSOLUTE)

    Exec Addr    Load Addr    Size         Type   Attr      Idx    E Section Name        Object

    0x10000000   0x0000e73c   0x00000040   Data   RW           14    .data               pdm_fft.o
    0x10000040   0x0000e77c   0x00000005   Data   RW          398    .data               am_util_stdio.o
    0x10000045   0x0000e781   0x00000003   PAD
    0x10000048   0x0000e784   0x00000004   Data   RW          611    .data               libam_hal.lib(am_hal_global.o)
    0x1000004c   0x0000e788   0x00000058   Data   RW          639    .data               libam_bsp.lib(am_bsp.o)
    0x100000a4   0x0000e7e0   0x00000004   Data   RW          941    .data               libam_hal.lib(am_hal_sysctrl.o)
    0x100000a8   0x0000e7e4   0x00000004   Data   RW         1102    .data               libam_hal.lib(am_hal_reset.o)
    0x100000ac   0x0000e7e8   0x00000004   PAD
    0x100000b0        -       0x00001000   Zero   RW          482    STACK               startup_keil.o
    0x100010b0        -       0x00007d00   Zero   RW           12    .bss                pdm_fft.o
    0x10008db0        -       0x00000100   Zero   RW          397    .bss                am_util_stdio.o
    0x10008eb0        -       0x00000400   Zero   RW          636    .bss                libam_bsp.lib(am_bsp.o)
    0x100092b0        -       0x00000400   Zero   RW          637    .bss                libam_bsp.lib(am_bsp.o)
    0x100096b0        -       0x0000000c   Zero   RW          914    .bss                libam_hal.lib(am_hal_pdm.o)
    0x100096bc        -       0x00000060   Zero   RW         1270    .bss                c_w.l(libspace.o)
    0x1000971c   0x0000e7e8   0x00000004   PAD
    0x10009720        -       0x00000000   Zero   RW          483    HEAP                startup_keil.o


==============================================================================

Image component sizes


      Code (inc. data)   RO Data    RW Data    ZI Data      Debug   Object Name

       322          8          0          0          0       4546   am_devices_led.o
        32          0          0          0          0        679   am_util_delay.o
      1286        782          0          0          0       2224   am_util_faultisr.o
      2152         60          0          5        256      12920   am_util_stdio.o
       870        308          0         64      32000     476870   pdm_fft.o
       336        276          0          0       4096       1304   startup_keil.o

    ----------------------------------------------------------------------
      5006       1434         32         72      36352     498543   Object Totals
         0          0         32          0          0          0   (incl. Generated)
         8          0          0          3          0          0   (incl. Padding)

    ----------------------------------------------------------------------

      Code (inc. data)   RO Data    RW Data    ZI Data      Debug   Library Member Name

         8          0          0          0          0         68   __main.o
         0          0          0          0          0          0   __rtentry.o
        12          0          0          0          0          0   __rtentry2.o
         6          0          0          0          0          0   __rtentry4.o
        52          8          0          0          0          0   __scatter.o
        26          0          0          0          0          0   __scatter_copy.o
        28          0          0          0          0          0   __scatter_zi.o
        18          0          0          0          0         80   exit.o
         6          0          0          0          0        152   heapauxi.o
         0          0          0          0          0          0   indicate_semi.o
         2          0          0          0          0          0   libinit.o
         6          0          0          0          0          0   libinit2.o
         2          0          0          0          0          0   libshutdown.o
         2          0          0          0          0          0   libshutdown2.o
         8          4          0          0         96         68   libspace.o
        78          0          0          0          0         80   rt_memclr_w.o
         2          0          0          0          0          0   rtexit.o
        10          0          0          0          0          0   rtexit2.o
        12          4          0          0          0         68   sys_exit.o
        74          0          0          0          0         80   sys_stackheap_outer.o
         2          0          0          0          0         68   use_no_semi.o
        98          4          0          0          0        140   d2f.o
       156          4          0          0          0        140   dnaninf.o
        10          0          0          0          0        116   fpinit.o
        10          0          0          0          0        116   fretinf.o
         0          0          0          0          0          0   usenofp.o
        60         16          0         88       2048        128   am_bsp.o
         0          0          4          0          0          0   am_bsp_pins.o
        96         12          3          0          0        244   am_hal_cachectrl.o
       304         34          0          0          0        240   am_hal_clkgen.o
        36          6          0          0          0        116   am_hal_flash.o
         0          0          0          4          0          0   am_hal_global.o
       968         76        362          0          0        700   am_hal_gpio.o
        22          0          0          0          0        148   am_hal_interrupt.o
       120         28          0          0          0        232   am_hal_itm.o
       312         34        128          0          0        116   am_hal_mcuctrl.o
       928         86          0          0         12       1192   am_hal_pdm.o
       160         18        612          0          0        264   am_hal_pwrctrl.o
         0          0          0          4          0          0   am_hal_reset.o
       108         26          0          4          0        132   am_hal_sysctrl.o
       144         22          0          0          0        140   am_hal_tpiu.o

    ----------------------------------------------------------------------
      3892        382       1114        100       2164       4828   Library Totals
         6          0          5          0          8          0   (incl. Padding)

    ----------------------------------------------------------------------

      Code (inc. data)   RO Data    RW Data    ZI Data      Debug   Library Name

       354         16          0          0         96        664   c_w.l
       274          8          0          0          0        512   fz_wm.l
        60         16          4         88       2048        128   libam_bsp.lib
      3198        342       1105         12         12       3524   libam_hal.lib

    ----------------------------------------------------------------------
      3892        382       1114        100       2164       4828   Library Totals

    ----------------------------------------------------------------------

==============================================================================


      Code (inc. data)   RO Data    RW Data    ZI Data      Debug   

      8898       1816       1146        172      38516     497563   Grand Totals
      8898       1816       1146        172      38516     497563   ELF Image Totals
      8898       1816       1146        172          0          0   ROM Totals

==============================================================================

    Total RO  Size (Code + RO Data)                10044 (   9.81kB)
    Total RW  Size (RW Data + ZI Data)             38688 (  37.78kB)
    Total ROM Size (Code + RO Data + RW Data)      10216 (   9.98kB)

==============================================================================

